Archive member included to satisfy reference by file (symbol)

app/libapp.a(main.c.obj)      (--whole-archive)
zephyr/libzephyr.a(heap.c.obj)
                              (--whole-archive)
zephyr/libzephyr.a(cbprintf_packaged.c.obj)
                              (--whole-archive)
zephyr/libzephyr.a(printk.c.obj)
                              (--whole-archive)
zephyr/libzephyr.a(sem.c.obj)
                              (--whole-archive)
zephyr/libzephyr.a(thread_entry.c.obj)
                              (--whole-archive)
zephyr/libzephyr.a(cbprintf_complete.c.obj)
                              (--whole-archive)
zephyr/libzephyr.a(assert.c.obj)
                              (--whole-archive)
zephyr/libzephyr.a(mpsc_pbuf.c.obj)
                              (--whole-archive)
zephyr/libzephyr.a(dec.c.obj)
                              (--whole-archive)
zephyr/libzephyr.a(hex.c.obj)
                              (--whole-archive)
zephyr/libzephyr.a(rb.c.obj)  (--whole-archive)
zephyr/libzephyr.a(timeutil.c.obj)
                              (--whole-archive)
zephyr/libzephyr.a(bitarray.c.obj)
                              (--whole-archive)
zephyr/libzephyr.a(configs.c.obj)
                              (--whole-archive)
zephyr/libzephyr.a(soc.c.obj)
                              (--whole-archive)
zephyr/libzephyr.a(esp32-mp.c.obj)
                              (--whole-archive)
zephyr/libzephyr.a(loader.c.obj)
                              (--whole-archive)
zephyr/libzephyr.a(log_core.c.obj)
                              (--whole-archive)
zephyr/libzephyr.a(log_mgmt.c.obj)
                              (--whole-archive)
zephyr/libzephyr.a(log_cache.c.obj)
                              (--whole-archive)
zephyr/libzephyr.a(log_msg.c.obj)
                              (--whole-archive)
zephyr/libzephyr.a(log_output.c.obj)
                              (--whole-archive)
zephyr/libzephyr.a(log_backend_uart.c.obj)
                              (--whole-archive)
zephyr/libzephyr.a(tracing_none.c.obj)
                              (--whole-archive)
zephyr/libzephyr.a(windowspill_asm.S.obj)
                              (--whole-archive)
zephyr/libzephyr.a(flash_ops.c.obj)
                              (--whole-archive)
zephyr/libzephyr.a(esp_flash_api.c.obj)
                              (--whole-archive)
zephyr/libzephyr.a(flash_encrypt.c.obj)
                              (--whole-archive)
zephyr/libzephyr.a(esp_gpio_reserve.c.obj)
                              (--whole-archive)
zephyr/libzephyr.a(cache_esp32.c.obj)
                              (--whole-archive)
zephyr/libzephyr.a(mmu_hal.c.obj)
                              (--whole-archive)
zephyr/libzephyr.a(spi_flash_encrypt_hal_iram.c.obj)
                              (--whole-archive)
zephyr/libzephyr.a(spi_flash_hal.c.obj)
                              (--whole-archive)
zephyr/libzephyr.a(spi_flash_hal_iram.c.obj)
                              (--whole-archive)
zephyr/libzephyr.a(esp_flash_spi_init.c.obj)
                              (--whole-archive)
zephyr/libzephyr.a(flash_mmap.c.obj)
                              (--whole-archive)
zephyr/libzephyr.a(memspi_host_driver.c.obj)
                              (--whole-archive)
zephyr/libzephyr.a(spi_flash_chip_boya.c.obj)
                              (--whole-archive)
zephyr/libzephyr.a(spi_flash_chip_drivers.c.obj)
                              (--whole-archive)
zephyr/libzephyr.a(spi_flash_chip_gd.c.obj)
                              (--whole-archive)
zephyr/libzephyr.a(spi_flash_chip_generic.c.obj)
                              (--whole-archive)
zephyr/libzephyr.a(spi_flash_chip_issi.c.obj)
                              (--whole-archive)
zephyr/libzephyr.a(spi_flash_chip_mxic.c.obj)
                              (--whole-archive)
zephyr/libzephyr.a(spi_flash_chip_mxic_opi.c.obj)
                              (--whole-archive)
zephyr/libzephyr.a(spi_flash_chip_th.c.obj)
                              (--whole-archive)
zephyr/libzephyr.a(spi_flash_chip_winbond.c.obj)
                              (--whole-archive)
zephyr/libzephyr.a(spi_flash_os_func_noos.c.obj)
                              (--whole-archive)
zephyr/libzephyr.a(uart_hal.c.obj)
                              (--whole-archive)
zephyr/libzephyr.a(uart_hal_iram.c.obj)
                              (--whole-archive)
zephyr/libzephyr.a(bootloader_mem.c.obj)
                              (--whole-archive)
zephyr/libzephyr.a(bootloader_clock_init.c.obj)
                              (--whole-archive)
zephyr/libzephyr.a(bootloader_console.c.obj)
                              (--whole-archive)
zephyr/libzephyr.a(bootloader_random.c.obj)
                              (--whole-archive)
zephyr/libzephyr.a(esp_rom_sys.c.obj)
                              (--whole-archive)
zephyr/libzephyr.a(mpu_hal.c.obj)
                              (--whole-archive)
zephyr/libzephyr.a(bootloader_esp32.c.obj)
                              (--whole-archive)
[...]
Memory Configuration

Name             Origin             Length             Attributes
FLASH            0x0000000000000000 0x00000000003fff00 r
iram0_0_seg      0x0000000040080000 0x000000000003ac00 xr
dram0_0_seg      0x000000003ffb0000 0x0000000000030000 rw
dram0_shm0_seg   0x000000003ffe5230 0x0000000000000800 rw
dram0_sem0_seg   0x000000003ffe5a30 0x0000000000000008 rw
dram0_1_seg      0x000000003ffe5a38 0x0000000000000000 rw
irom0_0_seg      0x00000000400d0000 0x00000000003ff000 xr
drom0_0_seg      0x000000003f400000 0x00000000003ff000 r
rtc_iram_seg     0x00000000400c0000 0x0000000000002000 xrw
rtc_slow_seg     0x0000000050000000 0x0000000000001000 rw
IDT_LIST         0x000000003ebfe010 0x0000000000002000 rw
*default*        0x0000000000000000 0xffffffffffffffff

Linker script and memory map

                0x00000000400862ac                vfprintf = __l_vfprintf
                0x0000000000000000                vfscanf = __l_vfscanf
LOAD zephyr/CMakeFiles/zephyr_pre0.dir/misc/empty_file.c.obj
LOAD zephyr/CMakeFiles/offsets.dir/./arch/xtensa/core/offsets/offsets.c.obj
LOAD app/libapp.a
LOAD zephyr/libzephyr.a
LOAD zephyr/arch/common/libarch__common.a
LOAD zephyr/arch/arch/xtensa/core/libarch__xtensa__core.a
LOAD zephyr/lib/libc/picolibc/liblib__libc__picolibc.a
LOAD zephyr/lib/libc/common/liblib__libc__common.a
LOAD zephyr/drivers/interrupt_controller/libdrivers__interrupt_controller.a
LOAD zephyr/drivers/clock_control/libdrivers__clock_control.a
LOAD zephyr/drivers/console/libdrivers__console.a
LOAD zephyr/drivers/gpio/libdrivers__gpio.a
LOAD zephyr/drivers/pinctrl/libdrivers__pinctrl.a
LOAD zephyr/drivers/serial/libdrivers__serial.a
LOAD zephyr/drivers/timer/libdrivers__timer.a
LOAD zephyr/kernel/libkernel.a
LOAD /home/bava/zephyrproject/zephyr/zephyr-sdk-0.16.8/xtensa-espressif_esp32_zephyr-elf/bin/../lib/gcc/xtensa-espressif_esp32_zephyr-elf/12.2.0/libgcc.a
LOAD zephyr/arch/common/libisr_tables.a
LOAD /home/bava/zephyrproject/zephyr/zephyr-sdk-0.16.8/xtensa-espressif_esp32_zephyr-elf/bin/../lib/gcc/xtensa-espressif_esp32_zephyr-elf/12.2.0/libgcc.a
LOAD /home/bava/zephyrproject/zephyr/zephyr-sdk-0.16.8/xtensa-espressif_esp32_zephyr-elf/bin/../lib/gcc/../../picolibc/xtensa-espressif_esp32_zephyr-elf/lib/libc.a
LOAD /home/bava/zephyrproject/zephyr/zephyr-sdk-0.16.8/xtensa-espressif_esp32_zephyr-elf/bin/../lib/gcc/xtensa-espressif_esp32_zephyr-elf/12.2.0/libgcc.a
                0x00000000400bac00                user_iram_end = 0x400bac00
                0x0000000040080000                user_iram_seg_org = 0x40080000
                0x000000000003ac00                user_iram_seg_len = (user_iram_end - user_iram_seg_org)
                0x000000003ffb0000                user_dram_seg_org = 0x3ffb0000
                0x0000000000030000                user_dram_seg_len = 0x30000
                0x000000003ffe5400                user_dram_2_seg_org = 0x3ffe5400
                0x000000000001ac00                user_dram_2_seg_len = 0x1ac00
                0x0000000000000000                _rom_store_table = 0x0
                [!provide]                        PROVIDE (_memmap_vecbase_reset = 0x40000450)
                [!provide]                        PROVIDE (_memmap_reset_vector = 0x40000400)
                0x000000003ffe4350                _heap_sentry = 0x3ffe4350

.rel.plt        0x0000000000000000        0x0
 *(SORT_BY_ALIGNMENT(.rel.plt))
                [!provide]                        PROVIDE (__rel_iplt_start = .)
 *(SORT_BY_ALIGNMENT(.rel.iplt))
                [!provide]                        PROVIDE (__rel_iplt_end = .)

.rela.plt       0x0000000000000000        0x0
 *(SORT_BY_ALIGNMENT(.rela.plt))
                [!provide]                        PROVIDE (__rela_iplt_start = .)
 *(SORT_BY_ALIGNMENT(.rela.iplt))
                [!provide]                        PROVIDE (__rela_iplt_end = .)

.rel.dyn
 *(SORT_BY_ALIGNMENT(.rel.*))

.rela.dyn
 *(SORT_BY_ALIGNMENT(.rela.*))

.rtc.text       0x00000000400c0000        0x0 load address 0x0000000000000000
                0x00000000400c0000                . = ALIGN (0x4)
 *(SORT_BY_ALIGNMENT(.rtc.literal) SORT_BY_ALIGNMENT(.rtc.text))
 *rtc_wake_stub*.o(SORT_BY_ALIGNMENT(.literal) SORT_BY_ALIGNMENT(.text) SORT_BY_ALIGNMENT(.literal.*) SORT_BY_ALIGNMENT(.text.*))

.rtc.data       0x0000000050000000        0x0 load address 0x0000000000000000
                0x0000000050000000                _rtc_data_start = ABSOLUTE (.)
 *(SORT_BY_ALIGNMENT(.rtc.data))
 *(SORT_BY_ALIGNMENT(.rtc.rodata))
 *rtc_wake_stub*.o(SORT_BY_ALIGNMENT(.data) SORT_BY_ALIGNMENT(.rodata) SORT_BY_ALIGNMENT(.data.*) SORT_BY_ALIGNMENT(.rodata.*) SORT_BY_ALIGNMENT(.bss) SORT_BY_ALIGNMENT(.bss.*))
                0x0000000050000000                _rtc_data_end = ABSOLUTE (.)

.rtc.bss        0x0000000050000000        0x0 load address 0x0000000000000000
                0x0000000050000000                _rtc_bss_start = ABSOLUTE (.)
 *rtc_wake_stub*.o(SORT_BY_ALIGNMENT(.bss) SORT_BY_ALIGNMENT(.bss.*))
 *rtc_wake_stub*.o(SORT_BY_ALIGNMENT(COMMON))
                0x0000000050000000                _rtc_bss_end = ABSOLUTE (.)

.rtc.force_slow
                0x0000000050000000        0x0 load address 0x0000000000000000
                0x0000000050000000                . = ALIGN (0x4)
                0x0000000050000000                _rtc_force_slow_start = ABSOLUTE (.)
 *(SORT_BY_ALIGNMENT(.rtc.force_slow) SORT_BY_ALIGNMENT(.rtc.force_slow.*))
                0x0000000050000000                . = ALIGN (0x4)
                0x0000000050000000                _rtc_force_slow_end = ABSOLUTE (.)
                0x0000000000000000                _rtc_slow_length = (_rtc_force_slow_end - _rtc_data_start)

.iram0.vectors  0x0000000040080000      0x400 load address 0x0000000000000000
                0x0000000040080000                _iram_start = ABSOLUTE (.)
                0x0000000040080000                _init_start = ABSOLUTE (.)
                0x0000000000000000                . = 0x0
 *(SORT_BY_ALIGNMENT(.WindowVectors.text))
 .WindowVectors.text
                0x0000000040080000      0x16a zephyr/arch/arch/xtensa/core/libarch__xtensa__core.a(window_vectors.S.obj)
                0x0000000040080000                _WindowOverflow4
                0x0000000040080040                _WindowUnderflow4
                0x0000000040080050                _xt_alloca_exc
                0x0000000040080080                _WindowOverflow8
                0x00000000400800c0                _WindowUnderflow8
                0x0000000040080100                _WindowOverflow12
                0x0000000040080140                _WindowUnderflow12
                0x0000000000000180                . = 0x180
 *fill*         0x000000004008016a       0x16 
 *(SORT_BY_ALIGNMENT(.Level2InterruptVector.text))
 .Level2InterruptVector.text
                0x0000000040080180       0x29 zephyr/arch/arch/xtensa/core/libarch__xtensa__core.a(xtensa_asm2_util.S.obj)
                0x0000000040080180                _Level2Vector
                0x00000000000001c0                . = 0x1c0
 *fill*         0x00000000400801a9       0x17 
 *(SORT_BY_ALIGNMENT(.Level3InterruptVector.text))
 .Level3InterruptVector.text
                0x00000000400801c0       0x25 zephyr/arch/arch/xtensa/core/libarch__xtensa__core.a(xtensa_asm2_util.S.obj)
                                         0x29 (size before relaxing)
                0x00000000400801c0                _Level3Vector
                0x0000000000000200                . = 0x200
 *fill*         0x00000000400801e5       0x1b 
 *(SORT_BY_ALIGNMENT(.Level4InterruptVector.text))
 .Level4InterruptVector.text
                0x0000000040080200       0x25 zephyr/arch/arch/xtensa/core/libarch__xtensa__core.a(xtensa_asm2_util.S.obj)
                                         0x29 (size before relaxing)
                0x0000000040080200                _Level4Vector
                0x0000000000000240                . = 0x240
 *fill*         0x0000000040080225       0x1b 
 *(SORT_BY_ALIGNMENT(.Level5InterruptVector.text))
 .Level5InterruptVector.text
                0x0000000040080240       0x25 zephyr/arch/arch/xtensa/core/libarch__xtensa__core.a(xtensa_asm2_util.S.obj)
                                         0x29 (size before relaxing)
                0x0000000040080240                _Level5Vector
                0x0000000000000280                . = 0x280
 *fill*         0x0000000040080265       0x1b 
 *(SORT_BY_ALIGNMENT(.DebugExceptionVector.text))
 .DebugExceptionVector.text
                0x0000000040080280       0x25 zephyr/arch/arch/xtensa/core/libarch__xtensa__core.a(xtensa_asm2_util.S.obj)
                                         0x29 (size before relaxing)
                0x0000000040080280                _Level6Vector
                0x00000000000002c0                . = 0x2c0
 *fill*         0x00000000400802a5       0x1b 
 *(SORT_BY_ALIGNMENT(.NMIExceptionVector.text))
 .NMIExceptionVector.text
                0x00000000400802c0       0x25 zephyr/arch/arch/xtensa/core/libarch__xtensa__core.a(xtensa_asm2_util.S.obj)
                                         0x29 (size before relaxing)
                0x00000000400802c0                _Level7Vector
                0x0000000000000300                . = 0x300
 *fill*         0x00000000400802e5       0x1b 
 *(SORT_BY_ALIGNMENT(.KernelExceptionVector.text))
 .KernelExceptionVector.text
                0x0000000040080300        0x3 zephyr/arch/arch/xtensa/core/libarch__xtensa__core.a(xtensa_asm2_util.S.obj)
                0x0000000040080300                _KernelExceptionVector
                0x0000000000000340                . = 0x340
 *fill*         0x0000000040080303       0x3d 
 *(SORT_BY_ALIGNMENT(.UserExceptionVector.text))
 .UserExceptionVector.text
                0x0000000040080340       0x16 zephyr/arch/arch/xtensa/core/libarch__xtensa__core.a(xtensa_asm2_util.S.obj)
                0x0000000040080340                _Level1RealVector
                0x00000000000003c0                . = 0x3c0
 *fill*         0x0000000040080356       0x6a 
 *(SORT_BY_ALIGNMENT(.DoubleExceptionVector.text))
 .DoubleExceptionVector.text
                0x00000000400803c0        0x3 zephyr/arch/arch/xtensa/core/libarch__xtensa__core.a(xtensa_asm2_util.S.obj)
                0x00000000400803c0                _DoubleExceptionVector
                0x0000000000000400                . = 0x400
 *fill*         0x00000000400803c3       0x3d 
 *(SORT_BY_ALIGNMENT(.*Vector.literal))
 *(SORT_BY_ALIGNMENT(.UserEnter.literal))
 *(SORT_BY_ALIGNMENT(.UserEnter.text))
                0x0000000040080400                . = ALIGN (0x10)
 *(SORT_BY_ALIGNMENT(.entry.text))
 *(SORT_BY_ALIGNMENT(.init.literal))
 *(.init)
                0x0000000040080400                _init_end = ABSOLUTE (.)

.iram0.text     0x0000000040080400     0x85d8 load address 0x0000000000000400
                0x0000000040080400                _iram_text_start = ABSOLUTE (.)
 *(SORT_BY_ALIGNMENT(.iram1) SORT_BY_ALIGNMENT(.iram1.*))
 .iram1.6.literal
                0x0000000040080400       0x14 zephyr/libzephyr.a(soc.c.obj)
                                         0x44 (size before relaxing)
 .iram1.7.literal
                0x0000000040080414        0x4 zephyr/libzephyr.a(soc.c.obj)
                                          0x8 (size before relaxing)
 .iram1.8.literal
                0x0000000040080418        0x4 zephyr/libzephyr.a(flash_ops.c.obj)
 .iram1.10.literal
                0x000000004008041c        0x4 zephyr/libzephyr.a(flash_ops.c.obj)
                                          0xc (size before relaxing)
 .iram1.5.literal
                0x0000000040080420        0x8 zephyr/libzephyr.a(esp_flash_api.c.obj)
 .iram1.6.literal
                0x0000000040080428        0x4 zephyr/libzephyr.a(esp_flash_api.c.obj)
 .iram1.10.literal
                0x000000004008042c        0x0 zephyr/libzephyr.a(esp_flash_api.c.obj)
                                          0x8 (size before relaxing)
 .iram1.12.literal
                0x000000004008042c       0x10 zephyr/libzephyr.a(esp_flash_api.c.obj)
                                         0x18 (size before relaxing)
 .iram1.13.literal
                0x000000004008043c        0x4 zephyr/libzephyr.a(esp_flash_api.c.obj)
                                          0x8 (size before relaxing)
 .iram1.9.literal
                0x0000000040080440       0x18 zephyr/libzephyr.a(esp_flash_api.c.obj)
                                         0x50 (size before relaxing)
 .iram1.21.literal
                0x0000000040080458        0xc zephyr/libzephyr.a(esp_flash_api.c.obj)
                                         0x14 (size before relaxing)
 .iram1.3.literal
                0x0000000040080464        0x4 zephyr/libzephyr.a(cache_esp32.c.obj)
 .iram1.1.literal
                0x0000000040080468        0x4 zephyr/libzephyr.a(flash_mmap.c.obj)
                                         0x10 (size before relaxing)
 .iram1.8.literal
                0x000000004008046c        0x4 zephyr/libzephyr.a(spi_flash_os_func_noos.c.obj)
 .iram1.7.literal
                0x0000000040080470        0x4 zephyr/libzephyr.a(spi_flash_os_func_noos.c.obj)
                                          0x8 (size before relaxing)
 .iram1.6.literal
                0x0000000040080474        0x4 zephyr/libzephyr.a(spi_flash_os_func_noos.c.obj)
                                          0x8 (size before relaxing)
 .iram1.1.literal
                0x0000000040080478        0x4 zephyr/libzephyr.a(esp_rom_sys.c.obj)
 .iram1.7.literal
                0x000000004008047c       0x28 zephyr/libzephyr.a(bootloader_flash.c.obj)
                                         0x2c (size before relaxing)
 .iram1.8.literal
                0x00000000400804a4        0x0 zephyr/libzephyr.a(bootloader_flash.c.obj)
                                          0x4 (size before relaxing)
 .iram1.6.literal
                0x00000000400804a4        0x0 zephyr/libzephyr.a(bootloader_flash.c.obj)
                                         0x3c (size before relaxing)
 .iram1.9.literal
                0x00000000400804a4        0x0 zephyr/libzephyr.a(bootloader_flash.c.obj)
                                          0x8 (size before relaxing)
 .iram1.10.literal
                0x00000000400804a4        0x0 zephyr/libzephyr.a(bootloader_flash.c.obj)
                                          0x4 (size before relaxing)
 .iram1.12.literal
                0x00000000400804a4        0xc zephyr/libzephyr.a(bootloader_flash.c.obj)
                                         0x48 (size before relaxing)
 .iram1.6.literal
                0x00000000400804b0       0x10 zephyr/libzephyr.a(bootloader_flash_config_esp32.c.obj)
 .iram1.8.literal
                0x00000000400804c0       0x30 zephyr/libzephyr.a(bootloader_flash_config_esp32.c.obj)
                                         0x54 (size before relaxing)
 .iram1.9.literal
                0x00000000400804f0        0x8 zephyr/libzephyr.a(bootloader_flash_config_esp32.c.obj)
                                         0x10 (size before relaxing)
 .iram1.0.literal
                0x00000000400804f8        0x4 zephyr/libzephyr.a(bootloader_efuse.c.obj)
 .iram1.2.literal
                0x00000000400804fc        0x8 zephyr/libzephyr.a(esp_clk.c.obj)
                                          0xc (size before relaxing)
 .iram1.6.literal
                0x0000000040080504        0xc zephyr/libzephyr.a(rtc_module.c.obj)
                                         0x10 (size before relaxing)
 .iram1.7.literal
                0x0000000040080510        0x0 zephyr/libzephyr.a(rtc_module.c.obj)
                                          0xc (size before relaxing)
 .iram1.1.literal
                0x0000000040080510        0x4 zephyr/libzephyr.a(esp_mmu_map.c.obj)
 .iram1.2.literal
                0x0000000040080514        0xc zephyr/libzephyr.a(esp_rom_uart.c.obj)
 .iram1.3.literal
                0x0000000040080520        0x4 zephyr/libzephyr.a(esp_rom_uart.c.obj)
                                         0x10 (size before relaxing)
 .iram1.0.literal
                0x0000000040080524        0x0 zephyr/libzephyr.a(efuse_hal.c.obj)
                                          0x8 (size before relaxing)
 .iram1.0.literal
                0x0000000040080524        0x8 zephyr/libzephyr.a(efuse_hal.c.obj)
                                          0xc (size before relaxing)
 .iram1.1.literal
                0x000000004008052c        0x0 zephyr/libzephyr.a(efuse_hal.c.obj)
                                          0x4 (size before relaxing)
 .iram1.4.literal
                0x000000004008052c       0x14 zephyr/libzephyr.a(cache_utils.c.obj)
                                         0x20 (size before relaxing)
 .iram1.5.literal
                0x0000000040080540        0x0 zephyr/libzephyr.a(cache_utils.c.obj)
                                         0x1c (size before relaxing)
 .iram1.literal
                0x0000000040080540        0x0 zephyr/arch/arch/xtensa/core/libarch__xtensa__core.a(debug_helpers_asm.S.obj)
                                          0x4 (size before relaxing)
 .iram1.1.literal
                0x0000000040080540        0x0 zephyr/drivers/interrupt_controller/libdrivers__interrupt_controller.a(intc_esp32.c.obj)
                                          0x8 (size before relaxing)
 .iram1.0.literal
                0x0000000040080540        0x4 zephyr/drivers/interrupt_controller/libdrivers__interrupt_controller.a(intc_esp32.c.obj)
                                          0x8 (size before relaxing)
 .iram1.4.literal
                0x0000000040080544        0x4 zephyr/drivers/interrupt_controller/libdrivers__interrupt_controller.a(intc_esp32.c.obj)
                                         0x18 (size before relaxing)
 .iram1.5.literal
                0x0000000040080548        0xc zephyr/drivers/interrupt_controller/libdrivers__interrupt_controller.a(intc_esp32.c.obj)
                                         0x20 (size before relaxing)
 .iram1.6.literal
                0x0000000040080554        0x0 zephyr/drivers/interrupt_controller/libdrivers__interrupt_controller.a(intc_esp32.c.obj)
                                         0x18 (size before relaxing)
 .iram1.1.literal
                0x0000000040080554        0x8 zephyr/drivers/gpio/libdrivers__gpio.a(gpio_esp32.c.obj)
                                         0x10 (size before relaxing)
 .literal.arch_cpu_idle
                0x000000004008055c        0x0 zephyr/arch/arch/xtensa/core/libarch__xtensa__core.a(cpu_idle.c.obj)
                                          0x4 (size before relaxing)
 .literal.xtensa_exccause
                0x000000004008055c        0x8 zephyr/arch/arch/xtensa/core/libarch__xtensa__core.a(fatal.c.obj)
 .literal.xtensa_fatal_error
                0x0000000040080564        0x0 zephyr/arch/arch/xtensa/core/libarch__xtensa__core.a(fatal.c.obj)
                                          0xc (size before relaxing)
 .literal       0x0000000040080564        0x4 zephyr/arch/arch/xtensa/core/libarch__xtensa__core.a(xtensa_asm2_util.S.obj)
                                          0x8 (size before relaxing)
 .literal.z_irq_spurious
                0x0000000040080568        0x8 zephyr/arch/arch/xtensa/core/libarch__xtensa__core.a(irq_manage.c.obj)
                                         0x10 (size before relaxing)
 .literal.arch_new_thread
                0x0000000040080570        0xc zephyr/arch/arch/xtensa/core/libarch__xtensa__core.a(thread.c.obj)
 .literal.return_to
                0x000000004008057c        0x0 zephyr/arch/arch/xtensa/core/libarch__xtensa__core.a(vector_handlers.c.obj)
                                          0x8 (size before relaxing)
 .literal.z_log_msg_static_create$constprop$0
                0x000000004008057c        0x0 zephyr/arch/arch/xtensa/core/libarch__xtensa__core.a(vector_handlers.c.obj)
                                          0x4 (size before relaxing)
 .literal.xtensa_dump_stack$part$0
                0x000000004008057c       0x1c zephyr/arch/arch/xtensa/core/libarch__xtensa__core.a(vector_handlers.c.obj)
                                         0x3c (size before relaxing)
 .literal.xtensa_is_outside_stack_bounds
                0x0000000040080598        0x4 zephyr/arch/arch/xtensa/core/libarch__xtensa__core.a(vector_handlers.c.obj)
                                          0x8 (size before relaxing)
 .literal.xtensa_is_frame_pointer_valid
                0x000000004008059c        0x0 zephyr/arch/arch/xtensa/core/libarch__xtensa__core.a(vector_handlers.c.obj)
                                          0x8 (size before relaxing)
 .literal.xtensa_dump_stack
                0x000000004008059c        0x0 zephyr/arch/arch/xtensa/core/libarch__xtensa__core.a(vector_handlers.c.obj)
                                          0x8 (size before relaxing)
 .literal.xtensa_int2_c
                0x000000004008059c        0x4 zephyr/arch/arch/xtensa/core/libarch__xtensa__core.a(vector_handlers.c.obj)
                                          0x8 (size before relaxing)
 .literal.xtensa_int3_c
                0x00000000400805a0        0x4 zephyr/arch/arch/xtensa/core/libarch__xtensa__core.a(vector_handlers.c.obj)
                                          0xc (size before relaxing)
 .literal.xtensa_int4_c
                0x00000000400805a4        0x0 zephyr/arch/arch/xtensa/core/libarch__xtensa__core.a(vector_handlers.c.obj)
                                          0x8 (size before relaxing)
 .literal.xtensa_int5_c
                0x00000000400805a4        0x0 zephyr/arch/arch/xtensa/core/libarch__xtensa__core.a(vector_handlers.c.obj)
                                          0x8 (size before relaxing)
 .literal.xtensa_int6_c
                0x00000000400805a4        0x0 zephyr/arch/arch/xtensa/core/libarch__xtensa__core.a(vector_handlers.c.obj)
                                          0x4 (size before relaxing)
 .literal.xtensa_int7_c
                0x00000000400805a4        0x0 zephyr/arch/arch/xtensa/core/libarch__xtensa__core.a(vector_handlers.c.obj)
                                          0x8 (size before relaxing)
 .literal.xtensa_excint1_c
                0x00000000400805a4       0x28 zephyr/arch/arch/xtensa/core/libarch__xtensa__core.a(vector_handlers.c.obj)
                                         0x68 (size before relaxing)
 .literal.xtensa_cpu_process_stack_pc
                0x00000000400805cc        0xc zephyr/arch/arch/xtensa/core/libarch__xtensa__core.a(xtensa_backtrace.c.obj)
 .literal.xtensa_ptr_executable
                0x00000000400805d8       0x1c zephyr/arch/arch/xtensa/core/libarch__xtensa__core.a(xtensa_backtrace.c.obj)
 .literal.xtensa_stack_ptr_is_sane
                0x00000000400805f4        0x8 zephyr/arch/arch/xtensa/core/libarch__xtensa__core.a(xtensa_backtrace.c.obj)
                                          0xc (size before relaxing)
 .literal.xtensa_backtrace_get_next_frame
                0x00000000400805fc        0x0 zephyr/arch/arch/xtensa/core/libarch__xtensa__core.a(xtensa_backtrace.c.obj)
                                         0x10 (size before relaxing)
 .literal.xtensa_backtrace_print
                0x00000000400805fc       0x14 zephyr/arch/arch/xtensa/core/libarch__xtensa__core.a(xtensa_backtrace.c.obj)
                                         0x54 (size before relaxing)
 .literal.k_sys_fatal_error_handler
                0x0000000040080610        0x4 zephyr/kernel/libkernel.a(fatal.c.obj)
                                         0x14 (size before relaxing)
 .literal.z_fatal_error
                0x0000000040080614       0x18 zephyr/kernel/libkernel.a(fatal.c.obj)
                                         0x38 (size before relaxing)
 .literal.z_sys_init_run_level
                0x000000004008062c        0x4 zephyr/kernel/libkernel.a(init.c.obj)
                                          0x8 (size before relaxing)
 .literal.bg_thread_main
                0x0000000040080630       0x14 zephyr/kernel/libkernel.a(init.c.obj)
                                         0x3c (size before relaxing)
 .literal.z_early_memset
                0x0000000040080644        0x0 zephyr/kernel/libkernel.a(init.c.obj)
                                          0x4 (size before relaxing)
 .literal.z_bss_zero
                0x0000000040080644        0x8 zephyr/kernel/libkernel.a(init.c.obj)
                                          0xc (size before relaxing)
 .literal.z_init_cpu
                0x000000004008064c        0xc zephyr/kernel/libkernel.a(init.c.obj)
                                         0x18 (size before relaxing)
 .literal.z_cstart
                0x0000000040080658       0x10 zephyr/kernel/libkernel.a(init.c.obj)
                                         0x4c (size before relaxing)
 .literal.k_heap_init
                0x0000000040080668        0x0 zephyr/kernel/libkernel.a(kheap.c.obj)
                                          0x4 (size before relaxing)
 .literal.statics_init
                0x0000000040080668        0x8 zephyr/kernel/libkernel.a(kheap.c.obj)
                                          0xc (size before relaxing)
 .literal.k_heap_aligned_alloc
                0x0000000040080670        0x0 zephyr/kernel/libkernel.a(kheap.c.obj)
                                         0x10 (size before relaxing)
 .literal.k_heap_free
                0x0000000040080670        0x0 zephyr/kernel/libkernel.a(kheap.c.obj)
                                          0xc (size before relaxing)
 .literal.idle  0x0000000040080670        0x0 zephyr/kernel/libkernel.a(idle.c.obj)
                                          0x4 (size before relaxing)
 .literal.adjust_owner_prio$isra$0
                0x0000000040080670        0x0 zephyr/kernel/libkernel.a(mutex.c.obj)
                                          0x4 (size before relaxing)
 .literal.z_impl_k_mutex_lock
                0x0000000040080670        0x4 zephyr/kernel/libkernel.a(mutex.c.obj)
                                         0x18 (size before relaxing)
 .literal.z_impl_k_mutex_unlock
                0x0000000040080674        0x0 zephyr/kernel/libkernel.a(mutex.c.obj)
                                         0x18 (size before relaxing)
 .literal.z_impl_k_sem_give
                0x0000000040080674        0x4 zephyr/kernel/libkernel.a(sem.c.obj)
                                         0x10 (size before relaxing)
 .literal.z_impl_k_sem_take
                0x0000000040080678        0x0 zephyr/kernel/libkernel.a(sem.c.obj)
                                          0x8 (size before relaxing)
 .literal.z_impl_k_thread_start
                0x0000000040080678        0x0 zephyr/kernel/libkernel.a(thread.c.obj)
                                          0x4 (size before relaxing)
 .literal.z_setup_new_thread
                0x0000000040080678        0x0 zephyr/kernel/libkernel.a(thread.c.obj)
                                          0x8 (size before relaxing)
 .literal.z_impl_k_thread_create
                0x0000000040080678        0x0 zephyr/kernel/libkernel.a(thread.c.obj)
                                         0x10 (size before relaxing)
 .literal.unpend_thread_no_timeout
                0x0000000040080678        0x0 zephyr/kernel/libkernel.a(sched.c.obj)
                                          0x4 (size before relaxing)
 .literal.update_cache
                0x0000000040080678        0x4 zephyr/kernel/libkernel.a(sched.c.obj)
                                          0xc (size before relaxing)
 .literal.unready_thread
                0x000000004008067c        0x0 zephyr/kernel/libkernel.a(sched.c.obj)
                                          0xc (size before relaxing)
 .literal.z_swap
                0x000000004008067c        0x4 zephyr/kernel/libkernel.a(sched.c.obj)
                                         0x10 (size before relaxing)
 .literal.ready_thread
                0x0000000040080680        0x0 zephyr/kernel/libkernel.a(sched.c.obj)
                                          0xc (size before relaxing)
 .literal.z_thread_halt
                0x0000000040080680        0x0 zephyr/kernel/libkernel.a(sched.c.obj)
                                         0x34 (size before relaxing)
 .literal.add_to_waitq_locked
                0x0000000040080680        0x0 zephyr/kernel/libkernel.a(sched.c.obj)
                                          0x4 (size before relaxing)
 .literal.move_thread_to_end_of_prio_q
                0x0000000040080680        0x0 zephyr/kernel/libkernel.a(sched.c.obj)
                                         0x10 (size before relaxing)
 .literal.z_ready_thread
                0x0000000040080680        0x0 zephyr/kernel/libkernel.a(sched.c.obj)
                                          0x4 (size before relaxing)
 .literal.z_impl_k_thread_suspend
                0x0000000040080680        0x0 zephyr/kernel/libkernel.a(sched.c.obj)
                                          0x8 (size before relaxing)
 .literal.z_unpend_thread_no_timeout
                0x0000000040080680        0x0 zephyr/kernel/libkernel.a(sched.c.obj)
                                          0x4 (size before relaxing)
 .literal.z_sched_wake_thread
                0x0000000040080680        0x0 zephyr/kernel/libkernel.a(sched.c.obj)
                                          0x8 (size before relaxing)
 .literal.z_thread_timeout
                0x0000000040080680        0x0 zephyr/kernel/libkernel.a(sched.c.obj)
                                          0x4 (size before relaxing)
 .literal.z_pend_curr
                0x0000000040080680        0x0 zephyr/kernel/libkernel.a(sched.c.obj)
                                         0x18 (size before relaxing)
 .literal.z_unpend1_no_timeout
                0x0000000040080680        0x0 zephyr/kernel/libkernel.a(sched.c.obj)
                                          0x4 (size before relaxing)
 .literal.z_unpend_first_thread
                0x0000000040080680        0x0 zephyr/kernel/libkernel.a(sched.c.obj)
                                          0x8 (size before relaxing)
 .literal.z_unpend_thread
                0x0000000040080680        0x0 zephyr/kernel/libkernel.a(sched.c.obj)
                                          0x8 (size before relaxing)
 .literal.z_thread_prio_set
                0x0000000040080680        0x0 zephyr/kernel/libkernel.a(sched.c.obj)
                                         0x10 (size before relaxing)
 .literal.z_reschedule
                0x0000000040080680        0x0 zephyr/kernel/libkernel.a(sched.c.obj)
                                          0x8 (size before relaxing)
 .literal.z_sched_start
                0x0000000040080680        0x0 zephyr/kernel/libkernel.a(sched.c.obj)
                                          0xc (size before relaxing)
 .literal.z_reschedule_irqlock
                0x0000000040080680        0x0 zephyr/kernel/libkernel.a(sched.c.obj)
                                          0xc (size before relaxing)
 .literal.k_sched_lock
                0x0000000040080680        0x0 zephyr/kernel/libkernel.a(sched.c.obj)
                                          0x4 (size before relaxing)
 .literal.k_sched_unlock
                0x0000000040080680        0x0 zephyr/kernel/libkernel.a(sched.c.obj)
                                          0xc (size before relaxing)
 .literal.z_swap_next_thread
                0x0000000040080680        0x0 zephyr/kernel/libkernel.a(sched.c.obj)
                                          0x4 (size before relaxing)
 .literal.z_get_next_switch_handle
                0x0000000040080680        0x0 zephyr/kernel/libkernel.a(sched.c.obj)
                                          0x4 (size before relaxing)
 .literal.z_unpend_all
                0x0000000040080680        0x0 zephyr/kernel/libkernel.a(sched.c.obj)
                                          0x8 (size before relaxing)
 .literal.z_sched_init
                0x0000000040080680        0x0 zephyr/kernel/libkernel.a(sched.c.obj)
                                          0x8 (size before relaxing)
 .literal.z_impl_k_yield
                0x0000000040080680        0x0 zephyr/kernel/libkernel.a(sched.c.obj)
                                         0x18 (size before relaxing)
 .literal.z_tick_sleep
                0x0000000040080680        0x0 zephyr/kernel/libkernel.a(sched.c.obj)
                                         0x24 (size before relaxing)
 .literal.z_impl_k_sleep
                0x0000000040080680        0x4 zephyr/kernel/libkernel.a(sched.c.obj)
                                         0x10 (size before relaxing)
 .literal.z_impl_k_sched_current_thread_query
                0x0000000040080684        0x0 zephyr/kernel/libkernel.a(sched.c.obj)
                                          0x4 (size before relaxing)
 .literal.z_thread_abort
                0x0000000040080684        0x0 zephyr/kernel/libkernel.a(sched.c.obj)
                                          0x8 (size before relaxing)
 .literal.z_impl_k_thread_abort
                0x0000000040080684        0x0 zephyr/kernel/libkernel.a(sched.c.obj)
                                          0x4 (size before relaxing)
 .literal.slice_timeout
                0x0000000040080684        0xc zephyr/kernel/libkernel.a(timeslicing.c.obj)
 .literal.thread_is_sliceable
                0x0000000040080690        0x8 zephyr/kernel/libkernel.a(timeslicing.c.obj)
                                          0xc (size before relaxing)
 .literal.z_reset_time_slice
                0x0000000040080698        0x4 zephyr/kernel/libkernel.a(timeslicing.c.obj)
                                         0x20 (size before relaxing)
 .literal.z_time_slice
                0x000000004008069c        0x0 zephyr/kernel/libkernel.a(timeslicing.c.obj)
                                         0x14 (size before relaxing)
 .literal.elapsed
                0x000000004008069c        0x4 zephyr/kernel/libkernel.a(timeout.c.obj)
                                          0x8 (size before relaxing)
 .literal.remove_timeout
                0x00000000400806a0        0x4 zephyr/kernel/libkernel.a(timeout.c.obj)
 .literal.next_timeout
                0x00000000400806a4        0x4 zephyr/kernel/libkernel.a(timeout.c.obj)
                                         0x10 (size before relaxing)
 .literal.z_add_timeout
                0x00000000400806a8        0x4 zephyr/kernel/libkernel.a(timeout.c.obj)
                                         0x18 (size before relaxing)
 .literal.z_abort_timeout
                0x00000000400806ac        0x0 zephyr/kernel/libkernel.a(timeout.c.obj)
                                          0x4 (size before relaxing)
 .literal.sys_clock_announce
                0x00000000400806ac        0x0 zephyr/kernel/libkernel.a(timeout.c.obj)
                                         0x1c (size before relaxing)
 .literal.sys_clock_tick_get
                0x00000000400806ac        0x0 zephyr/kernel/libkernel.a(timeout.c.obj)
                                          0x8 (size before relaxing)
 .literal.sys_clock_tick_get_32
                0x00000000400806ac        0x0 zephyr/kernel/libkernel.a(timeout.c.obj)
                                          0x4 (size before relaxing)
 .literal.z_impl_k_uptime_ticks
                0x00000000400806ac        0x0 zephyr/kernel/libkernel.a(timeout.c.obj)
                                          0x4 (size before relaxing)
 .literal.sys_timepoint_calc
                0x00000000400806ac        0x0 zephyr/kernel/libkernel.a(timeout.c.obj)
                                          0x4 (size before relaxing)
 .literal.sys_timepoint_timeout
                0x00000000400806ac        0x0 zephyr/kernel/libkernel.a(timeout.c.obj)
                                          0x4 (size before relaxing)
 .literal.z_timer_expiration_handler
                0x00000000400806ac        0x4 zephyr/kernel/libkernel.a(timer.c.obj)
                                         0x18 (size before relaxing)
 .literal.z_impl_k_timer_start
                0x00000000400806b0        0x0 zephyr/kernel/libkernel.a(timer.c.obj)
                                          0xc (size before relaxing)
 .literal.z_impl_k_timer_stop
                0x00000000400806b0        0x0 zephyr/kernel/libkernel.a(timer.c.obj)
                                         0x10 (size before relaxing)
 .literal.z_heap_aligned_alloc
                0x00000000400806b0        0x0 zephyr/kernel/libkernel.a(mempool.c.obj)
                                          0x4 (size before relaxing)
 .literal.k_free
                0x00000000400806b0        0x0 zephyr/kernel/libkernel.a(mempool.c.obj)
                                          0x4 (size before relaxing)
 .literal.k_aligned_alloc
                0x00000000400806b0        0x4 zephyr/kernel/libkernel.a(mempool.c.obj)
                                          0x8 (size before relaxing)
 .literal.k_malloc
                0x00000000400806b4        0x0 zephyr/kernel/libkernel.a(mempool.c.obj)
                                          0x4 (size before relaxing)
 .literal.k_thread_system_pool_assign
                0x00000000400806b4        0x0 zephyr/kernel/libkernel.a(mempool.c.obj)
                                          0x4 (size before relaxing)
 .literal.boot_banner
                0x00000000400806b4        0x4 zephyr/kernel/libkernel.a(banner.c.obj)
                                          0x8 (size before relaxing)
 .literal       0x00000000400806b8        0x4 zephyr/libzephyr.a(windowspill_asm.S.obj)
 .literal.printk
                0x00000000400806bc        0x0 zephyr/libzephyr.a(printk.c.obj)
                                          0x4 (size before relaxing)
 .literal.esp_log_early_timestamp
                0x00000000400806bc        0x4 zephyr/libzephyr.a(log_noos.c.obj)
 .literal.activate_foreach_backend
                0x00000000400806c0        0x4 zephyr/libzephyr.a(log_core.c.obj)
                                          0x8 (size before relaxing)
 .literal.enable_logger
                0x00000000400806c4       0x18 zephyr/libzephyr.a(log_core.c.obj)
                                         0x24 (size before relaxing)
 .literal.default_lf_get_timestamp
                0x00000000400806dc        0x0 zephyr/libzephyr.a(log_core.c.obj)
                                          0x8 (size before relaxing)
 .literal.log_process_thread_timer_expiry_fn
                0x00000000400806dc        0x4 zephyr/libzephyr.a(log_core.c.obj)
                                          0x8 (size before relaxing)
 .literal.z_log_init
                0x00000000400806e0        0x8 zephyr/libzephyr.a(log_core.c.obj)
                                         0x1c (size before relaxing)
 .literal.log_format_func_t_get
                0x00000000400806e8        0x4 zephyr/libzephyr.a(log_core.c.obj)
 .literal.z_log_vprintk
                0x00000000400806ec        0x0 zephyr/libzephyr.a(log_core.c.obj)
                                          0x4 (size before relaxing)
 .literal.log_set_timestamp_func
                0x00000000400806ec        0x4 zephyr/libzephyr.a(log_core.c.obj)
                                          0x8 (size before relaxing)
 .literal.z_log_notify_backend_enabled
                0x00000000400806f0        0x4 zephyr/libzephyr.a(log_core.c.obj)
                                          0xc (size before relaxing)
 .literal.z_log_dropped
                0x00000000400806f4        0x8 zephyr/libzephyr.a(log_core.c.obj)
                                          0xc (size before relaxing)
 .literal.z_log_notify_drop
                0x00000000400806fc        0x0 zephyr/libzephyr.a(log_core.c.obj)
                                          0x4 (size before relaxing)
 .literal.z_log_dropped_read_and_clear
                0x00000000400806fc        0x0 zephyr/libzephyr.a(log_core.c.obj)
                                          0x4 (size before relaxing)
 .literal.dropped_notify
                0x00000000400806fc        0x0 zephyr/libzephyr.a(log_core.c.obj)
                                          0xc (size before relaxing)
 .literal.z_log_msg_init
                0x00000000400806fc        0xc zephyr/libzephyr.a(log_core.c.obj)
                                         0x10 (size before relaxing)
 .literal.log_core_init
                0x0000000040080708        0x8 zephyr/libzephyr.a(log_core.c.obj)
                                         0x18 (size before relaxing)
 .literal.z_log_msg_alloc
                0x0000000040080710        0x0 zephyr/libzephyr.a(log_core.c.obj)
                                          0x8 (size before relaxing)
 .literal.z_log_msg_local_claim
                0x0000000040080710        0x0 zephyr/libzephyr.a(log_core.c.obj)
                                          0x8 (size before relaxing)
 .literal.z_log_msg_free
                0x0000000040080710        0x0 zephyr/libzephyr.a(log_core.c.obj)
                                          0x8 (size before relaxing)
 .literal.z_log_msg_pending
                0x0000000040080710        0x0 zephyr/libzephyr.a(log_core.c.obj)
                                          0x8 (size before relaxing)
 .literal.z_impl_log_process
                0x0000000040080710        0x4 zephyr/libzephyr.a(log_core.c.obj)
                                         0x30 (size before relaxing)
 .literal.z_impl_log_panic
                0x0000000040080714        0x0 zephyr/libzephyr.a(log_core.c.obj)
                                         0x14 (size before relaxing)
 .literal.log_process_thread_func
                0x0000000040080714        0x4 zephyr/libzephyr.a(log_core.c.obj)
                                         0x2c (size before relaxing)
 .literal.z_log_msg_post_finalize
                0x0000000040080718        0x0 zephyr/libzephyr.a(log_core.c.obj)
                                         0x28 (size before relaxing)
 .literal.z_log_msg_commit
                0x0000000040080718        0x0 zephyr/libzephyr.a(log_core.c.obj)
                                         0x10 (size before relaxing)
 .literal.z_cbprintf_cpy
                0x0000000040080718        0x0 zephyr/libzephyr.a(log_msg.c.obj)
                                          0x4 (size before relaxing)
 .literal.z_log_msg_finalize
                0x0000000040080718        0x0 zephyr/libzephyr.a(log_msg.c.obj)
                                          0xc (size before relaxing)
 .literal.z_log_msg_simple_create
                0x0000000040080718        0x4 zephyr/libzephyr.a(log_msg.c.obj)
                                         0x10 (size before relaxing)
 .literal.z_impl_z_log_msg_simple_create_0
                0x000000004008071c        0x0 zephyr/libzephyr.a(log_msg.c.obj)
                                          0x4 (size before relaxing)
 .literal.z_impl_z_log_msg_simple_create_1
                0x000000004008071c        0x0 zephyr/libzephyr.a(log_msg.c.obj)
                                          0x4 (size before relaxing)
 .literal.z_impl_z_log_msg_static_create
                0x000000004008071c       0x10 zephyr/libzephyr.a(log_msg.c.obj)
                                         0x28 (size before relaxing)
 .literal.z_log_msg_runtime_vcreate
                0x000000004008072c        0x4 zephyr/libzephyr.a(log_msg.c.obj)
                                         0x1c (size before relaxing)
 .literal.log_msg_get_source_id
                0x0000000040080730        0x4 zephyr/libzephyr.a(log_msg.c.obj)
 .literal.print_formatted
                0x0000000040080734        0x4 zephyr/libzephyr.a(log_output.c.obj)
                                          0x8 (size before relaxing)
 .literal.newline_print
                0x0000000040080738        0x8 zephyr/libzephyr.a(log_output.c.obj)
                                          0xc (size before relaxing)
 .literal.log_output_flush
                0x0000000040080740        0x0 zephyr/libzephyr.a(log_output.c.obj)
                                          0x4 (size before relaxing)
 .literal.out_func
                0x0000000040080740        0x0 zephyr/libzephyr.a(log_output.c.obj)
                                          0x4 (size before relaxing)
 .literal.cr_out_func
                0x0000000040080740        0x0 zephyr/libzephyr.a(log_output.c.obj)
                                          0x8 (size before relaxing)
 .literal.log_output_process
                0x0000000040080740       0x54 zephyr/libzephyr.a(log_output.c.obj)
                                         0xb4 (size before relaxing)
 .literal.log_output_msg_process
                0x0000000040080794        0x0 zephyr/libzephyr.a(log_output.c.obj)
                                          0xc (size before relaxing)
 .literal.log_output_dropped_process
                0x0000000040080794       0x10 zephyr/libzephyr.a(log_output.c.obj)
                                         0x20 (size before relaxing)
 .literal.log_output_timestamp_freq_set
                0x00000000400807a4        0x0 zephyr/libzephyr.a(log_output.c.obj)
                                          0xc (size before relaxing)
 .literal.panic
                0x00000000400807a4        0x0 zephyr/libzephyr.a(log_backend_uart.c.obj)
                                          0x4 (size before relaxing)
 .literal.dropped
                0x00000000400807a4        0x0 zephyr/libzephyr.a(log_backend_uart.c.obj)
                                          0x4 (size before relaxing)
 .literal.process
                0x00000000400807a4        0x0 zephyr/libzephyr.a(log_backend_uart.c.obj)
                                          0x4 (size before relaxing)
 .literal.char_out
                0x00000000400807a4        0x4 zephyr/libzephyr.a(log_backend_uart.c.obj)
 .literal.cache_ll_l1_enable_bus$part$0
                0x00000000400807a8        0x0 zephyr/libzephyr.a(loader.c.obj)
                                          0x4 (size before relaxing)
 .literal.cache_ll_l1_get_bus$constprop$0
                0x00000000400807a8       0x18 zephyr/libzephyr.a(loader.c.obj)
 .literal.map_rom_segments
                0x00000000400807c0       0x54 zephyr/libzephyr.a(loader.c.obj)
                                         0xb4 (size before relaxing)
 .literal.__start
                0x0000000040080814       0x14 zephyr/libzephyr.a(loader.c.obj)
                                         0x38 (size before relaxing)
 .literal.rtc_init
                0x0000000040080828       0x90 zephyr/libzephyr.a(rtc_init.c.obj)
                                         0xa4 (size before relaxing)
 .literal.rtc_vddsdio_get_config
                0x00000000400808b8        0x8 zephyr/libzephyr.a(rtc_init.c.obj)
                                          0xc (size before relaxing)
 .literal.rtc_vddsdio_set_config
                0x00000000400808c0        0x0 zephyr/libzephyr.a(rtc_init.c.obj)
                                          0x4 (size before relaxing)
 .literal.rtc_clk_32k_enable_common
                0x00000000400808c0        0xc zephyr/libzephyr.a(rtc_clk.c.obj)
 .literal.rtc_clk_cpu_freq_to_pll_mhz
                0x00000000400808cc       0x18 zephyr/libzephyr.a(rtc_clk.c.obj)
                                         0x30 (size before relaxing)
 .literal.rtc_clk_bbpll_disable
                0x00000000400808e4        0x4 zephyr/libzephyr.a(rtc_clk.c.obj)
                                          0xc (size before relaxing)
 .literal.rtc_clk_32k_enable
                0x00000000400808e8        0x4 zephyr/libzephyr.a(rtc_clk.c.obj)
                                         0x10 (size before relaxing)
 .literal.rtc_clk_32k_enable_external
                0x00000000400808ec        0x0 zephyr/libzephyr.a(rtc_clk.c.obj)
                                          0x4 (size before relaxing)
 .literal.rtc_clk_8m_enable
                0x00000000400808ec        0x0 zephyr/libzephyr.a(rtc_clk.c.obj)
                                         0x10 (size before relaxing)
 .literal.rtc_clk_8m_enabled
                0x00000000400808ec        0x0 zephyr/libzephyr.a(rtc_clk.c.obj)
                                          0x4 (size before relaxing)
 .literal.rtc_clk_8md256_enabled
                0x00000000400808ec        0x0 zephyr/libzephyr.a(rtc_clk.c.obj)
                                          0x4 (size before relaxing)
 .literal.rtc_clk_slow_src_set
                0x00000000400808ec        0x0 zephyr/libzephyr.a(rtc_clk.c.obj)
                                         0x10 (size before relaxing)
 .literal.rtc_clk_slow_src_get
                0x00000000400808ec        0x0 zephyr/libzephyr.a(rtc_clk.c.obj)
                                          0x4 (size before relaxing)
 .literal.rtc_clk_fast_src_set
                0x00000000400808ec        0x0 zephyr/libzephyr.a(rtc_clk.c.obj)
                                         0x10 (size before relaxing)
 .literal.rtc_clk_fast_src_get
                0x00000000400808ec        0x0 zephyr/libzephyr.a(rtc_clk.c.obj)
                                          0x4 (size before relaxing)
 .literal.rtc_clk_xtal_freq_get
                0x00000000400808ec        0x8 zephyr/libzephyr.a(rtc_clk.c.obj)
 .literal.rtc_clk_cpu_freq_mhz_to_config
                0x00000000400808f4        0x0 zephyr/libzephyr.a(rtc_clk.c.obj)
                                          0x4 (size before relaxing)
 .literal.rtc_clk_cpu_freq_get_config
                0x00000000400808f4        0xc zephyr/libzephyr.a(rtc_clk.c.obj)
                                         0x24 (size before relaxing)
 .literal.rtc_clk_xtal_freq_update
                0x0000000040080900        0x4 zephyr/libzephyr.a(rtc_clk.c.obj)
                                          0x8 (size before relaxing)
 .literal.rtc_clk_apb_freq_update
                0x0000000040080904        0x0 zephyr/libzephyr.a(rtc_clk.c.obj)
                                          0x4 (size before relaxing)
 .literal.rtc_clk_cpu_freq_to_xtal
                0x0000000040080904        0x4 zephyr/libzephyr.a(rtc_clk.c.obj)
                                         0x24 (size before relaxing)
 .literal.rtc_clk_cpu_freq_set_config
                0x0000000040080908       0x28 zephyr/libzephyr.a(rtc_clk.c.obj)
                                         0xb8 (size before relaxing)
 .literal.rtc_clk_apb_freq_get
                0x0000000040080930        0xc zephyr/libzephyr.a(rtc_clk.c.obj)
                                         0x14 (size before relaxing)
 .literal.rtc_clk_xtal_freq_estimate
                0x000000004008093c       0x18 zephyr/libzephyr.a(rtc_clk_init.c.obj)
                                         0x48 (size before relaxing)
 .literal.rtc_clk_init
                0x0000000040080954       0x1c zephyr/libzephyr.a(rtc_clk_init.c.obj)
                                         0x98 (size before relaxing)
 .literal.rtc_clk_cal_internal
                0x0000000040080970       0x28 zephyr/libzephyr.a(rtc_time.c.obj)
                                         0x5c (size before relaxing)
 .literal.rtc_clk_cal_ratio
                0x0000000040080998        0x0 zephyr/libzephyr.a(rtc_time.c.obj)
                                          0x8 (size before relaxing)
 .literal.rtc_clk_cal
                0x0000000040080998        0x0 zephyr/libzephyr.a(rtc_time.c.obj)
                                         0x14 (size before relaxing)
 .literal.rtc_clk_wait_for_slow_cycle
                0x0000000040080998        0xc zephyr/libzephyr.a(rtc_time.c.obj)
                                         0x30 (size before relaxing)
 .literal.rtc_clk_freq_cal
                0x00000000400809a4        0x0 zephyr/libzephyr.a(rtc_time.c.obj)
                                          0x4 (size before relaxing)
 .literal.ccompare_isr
                0x00000000400809a4        0x8 zephyr/drivers/timer/libdrivers__timer.a(xtensa_sys_timer.c.obj)
                                          0xc (size before relaxing)
 .literal.sys_clock_set_timeout
                0x00000000400809ac        0xc zephyr/drivers/timer/libdrivers__timer.a(xtensa_sys_timer.c.obj)
                                         0x14 (size before relaxing)
 .literal.sys_clock_elapsed
                0x00000000400809b8        0x0 zephyr/drivers/timer/libdrivers__timer.a(xtensa_sys_timer.c.obj)
                                          0x8 (size before relaxing)
 .literal.console_out
                0x00000000400809b8        0x0 zephyr/drivers/console/libdrivers__console.a(uart_console.c.obj)
                                          0x4 (size before relaxing)
 .literal.z_impl_zephyr_fputc
                0x00000000400809b8        0x4 zephyr/lib/libc/picolibc/liblib__libc__picolibc.a(libc-hooks.c.obj)
 .literal.picolibc_put
                0x00000000400809bc        0x0 zephyr/lib/libc/picolibc/liblib__libc__picolibc.a(libc-hooks.c.obj)
                                          0x4 (size before relaxing)
 .literal.__stdout_hook_install
                0x00000000400809bc        0x4 zephyr/lib/libc/picolibc/liblib__libc__picolibc.a(libc-hooks.c.obj)
                                          0x8 (size before relaxing)
 .literal.cbvprintf
                0x00000000400809c0        0x4 zephyr/lib/libc/picolibc/liblib__libc__picolibc.a(libc-hooks.c.obj)
                                          0xc (size before relaxing)
 .literal.snprintf
                0x00000000400809c4        0x4 /home/bava/zephyrproject/zephyr/zephyr-sdk-0.16.8/xtensa-espressif_esp32_zephyr-elf/bin/../lib/gcc/../../picolibc/xtensa-espressif_esp32_zephyr-elf/lib/libc.a(libc_tinystdio_snprintf.c.o)
                                          0xc (size before relaxing)
 .literal.__l_vfprintf
                0x00000000400809c8       0x14 /home/bava/zephyrproject/zephyr/zephyr-sdk-0.16.8/xtensa-espressif_esp32_zephyr-elf/bin/../lib/gcc/../../picolibc/xtensa-espressif_esp32_zephyr-elf/lib/libc.a(libc_tinystdio_vflprintf.c.o)
                                         0x18 (size before relaxing)
 .literal.mmu_hal_unmap_all
                0x00000000400809dc        0x4 zephyr/libzephyr.a(mmu_hal.c.obj)
 .literal.wdt_hal_write_protect_disable
                0x00000000400809e0        0x4 zephyr/libzephyr.a(wdt_hal_iram.c.obj)
 .literal.wdt_hal_disable
                0x00000000400809e4        0x0 zephyr/libzephyr.a(wdt_hal_iram.c.obj)
                                          0x4 (size before relaxing)
 .literal.wdt_hal_set_flashboot_en
                0x00000000400809e4        0x0 zephyr/libzephyr.a(wdt_hal_iram.c.obj)
                                          0x4 (size before relaxing)
 .literal.spi_flash_ll_set_buffer_data
                0x00000000400809e4        0x0 zephyr/libzephyr.a(spi_flash_hal_iram.c.obj)
                                          0x4 (size before relaxing)
 .literal.spi_flash_ll_get_buffer_data
                0x00000000400809e4        0x0 zephyr/libzephyr.a(spi_flash_hal_iram.c.obj)
                                          0x8 (size before relaxing)
 .literal.spi_flash_hal_configure_host_io_mode
                0x00000000400809e4        0x8 zephyr/libzephyr.a(spi_flash_hal_iram.c.obj)
                                         0x28 (size before relaxing)
 .literal.spi_flash_hal_common_command
                0x00000000400809ec        0x0 zephyr/libzephyr.a(spi_flash_hal_iram.c.obj)
                                         0x18 (size before relaxing)
 .literal.spi_flash_hal_read
                0x00000000400809ec        0x0 zephyr/libzephyr.a(spi_flash_hal_iram.c.obj)
                                          0xc (size before relaxing)
 .literal.spi_flash_hal_erase_sector
                0x00000000400809ec        0x0 zephyr/libzephyr.a(spi_flash_hal_iram.c.obj)
                                          0x8 (size before relaxing)
 .literal.spi_flash_hal_erase_block
                0x00000000400809ec        0x0 zephyr/libzephyr.a(spi_flash_hal_iram.c.obj)
                                          0x8 (size before relaxing)
 .literal.spi_flash_hal_program_page
                0x00000000400809ec        0x0 zephyr/libzephyr.a(spi_flash_hal_iram.c.obj)
                                         0x10 (size before relaxing)
 .literal.spi_flash_hal_check_status
                0x00000000400809ec        0x4 zephyr/libzephyr.a(spi_flash_hal_iram.c.obj)
                                          0x8 (size before relaxing)
 .literal.spi_flash_hal_resume
                0x00000000400809f0        0x0 zephyr/libzephyr.a(spi_flash_hal_iram.c.obj)
                                          0x4 (size before relaxing)
 .literal.spi_flash_hal_suspend
                0x00000000400809f0        0x0 zephyr/libzephyr.a(spi_flash_hal_iram.c.obj)
                                          0x4 (size before relaxing)
 .literal.spi_flash_encryption_hal_enable
                0x00000000400809f0        0x4 zephyr/libzephyr.a(spi_flash_encrypt_hal_iram.c.obj)
 .literal.spi_flash_encryption_hal_disable
                0x00000000400809f4        0x0 zephyr/libzephyr.a(spi_flash_encrypt_hal_iram.c.obj)
                                          0x4 (size before relaxing)
 .literal.spi_flash_encryption_hal_prepare
                0x00000000400809f4        0xc zephyr/libzephyr.a(spi_flash_encrypt_hal_iram.c.obj)
 .literal.spi_flash_encryption_hal_done
                0x0000000040080a00        0x4 zephyr/libzephyr.a(spi_flash_encrypt_hal_iram.c.obj)
 .literal.spi_flash_chip_gd_detect_size
                0x0000000040080a04        0x4 zephyr/libzephyr.a(spi_flash_chip_gd.c.obj)
                                          0x8 (size before relaxing)
 .literal.spi_flash_chip_gd_get_io_mode
                0x0000000040080a08        0x0 zephyr/libzephyr.a(spi_flash_chip_gd.c.obj)
                                          0x4 (size before relaxing)
 .literal.spi_flash_chip_gd_set_io_mode
                0x0000000040080a08       0x10 zephyr/libzephyr.a(spi_flash_chip_gd.c.obj)
                                         0x14 (size before relaxing)
 .literal.spi_flash_chip_generic_detect_size
                0x0000000040080a18        0x0 zephyr/libzephyr.a(spi_flash_chip_generic.c.obj)
                                          0x8 (size before relaxing)
 .literal.spi_flash_chip_generic_reset
                0x0000000040080a18        0x0 zephyr/libzephyr.a(spi_flash_chip_generic.c.obj)
                                          0x8 (size before relaxing)
 .literal.spi_flash_chip_generic_config_host_io_mode
                0x0000000040080a18        0xc zephyr/libzephyr.a(spi_flash_chip_generic.c.obj)
                                         0x10 (size before relaxing)
 .literal.spi_flash_chip_generic_read
                0x0000000040080a24        0x8 zephyr/libzephyr.a(spi_flash_chip_generic.c.obj)
                                         0x18 (size before relaxing)
 .literal.spi_flash_chip_generic_write
                0x0000000040080a2c        0x0 zephyr/libzephyr.a(spi_flash_chip_generic.c.obj)
                                          0x8 (size before relaxing)
 .literal.spi_flash_chip_generic_get_write_protect
                0x0000000040080a2c        0x0 zephyr/libzephyr.a(spi_flash_chip_generic.c.obj)
                                          0x4 (size before relaxing)
 .literal.spi_flash_chip_generic_yield
                0x0000000040080a2c        0x0 zephyr/libzephyr.a(spi_flash_chip_generic.c.obj)
                                          0x4 (size before relaxing)
 .literal.spi_flash_chip_generic_read_unique_id
                0x0000000040080a2c        0x8 zephyr/libzephyr.a(spi_flash_chip_generic.c.obj)
                                         0x18 (size before relaxing)
 .literal.spi_flash_chip_generic_write_encrypted
                0x0000000040080a34        0x4 zephyr/libzephyr.a(spi_flash_chip_generic.c.obj)
                                          0x8 (size before relaxing)
 .literal.spi_flash_chip_generic_suspend_cmd_conf
                0x0000000040080a38        0x8 zephyr/libzephyr.a(spi_flash_chip_generic.c.obj)
                                         0x14 (size before relaxing)
 .literal.spi_flash_common_read_qe_sr$constprop$0$isra$0
                0x0000000040080a40        0x0 zephyr/libzephyr.a(spi_flash_chip_generic.c.obj)
                                          0x4 (size before relaxing)
 .literal.spi_flash_common_read_status_16b_rdsr_rdsr2
                0x0000000040080a40        0x0 zephyr/libzephyr.a(spi_flash_chip_generic.c.obj)
                                          0x8 (size before relaxing)
 .literal.spi_flash_common_write_qe_sr$isra$0
                0x0000000040080a40        0x0 zephyr/libzephyr.a(spi_flash_chip_generic.c.obj)
                                          0x4 (size before relaxing)
 .literal.spi_flash_common_write_status_16b_wrsr
                0x0000000040080a40        0x0 zephyr/libzephyr.a(spi_flash_chip_generic.c.obj)
                                          0x4 (size before relaxing)
 .literal.spi_flash_common_read_status_8b_rdsr2
                0x0000000040080a40        0x0 zephyr/libzephyr.a(spi_flash_chip_generic.c.obj)
                                          0x4 (size before relaxing)
 .literal.spi_flash_chip_generic_get_io_mode
                0x0000000040080a40        0x0 zephyr/libzephyr.a(spi_flash_chip_generic.c.obj)
                                          0x4 (size before relaxing)
 .literal.spi_flash_common_read_status_8b_rdsr
                0x0000000040080a40        0x0 zephyr/libzephyr.a(spi_flash_chip_generic.c.obj)
                                          0x4 (size before relaxing)
 .literal.spi_flash_common_write_status_8b_wrsr
                0x0000000040080a40        0x0 zephyr/libzephyr.a(spi_flash_chip_generic.c.obj)
                                          0x4 (size before relaxing)
 .literal.spi_flash_common_write_status_8b_wrsr2
                0x0000000040080a40        0x0 zephyr/libzephyr.a(spi_flash_chip_generic.c.obj)
                                          0x4 (size before relaxing)
 .literal.spi_flash_chip_generic_set_io_mode
                0x0000000040080a40        0x0 zephyr/libzephyr.a(spi_flash_chip_generic.c.obj)
                                          0xc (size before relaxing)
 .literal.spi_flash_chip_issi_set_io_mode
                0x0000000040080a40        0x8 zephyr/libzephyr.a(spi_flash_chip_issi.c.obj)
                                          0xc (size before relaxing)
 .literal.spi_flash_chip_issi_get_io_mode
                0x0000000040080a48        0x0 zephyr/libzephyr.a(spi_flash_chip_issi.c.obj)
                                          0x4 (size before relaxing)
 .literal.spi_flash_chip_winbond_read
                0x0000000040080a48        0x8 zephyr/libzephyr.a(spi_flash_chip_winbond.c.obj)
                                         0x18 (size before relaxing)
 .literal.spi_flash_chip_winbond_erase_block
                0x0000000040080a50        0x0 zephyr/libzephyr.a(spi_flash_chip_winbond.c.obj)
                                          0x8 (size before relaxing)
 .literal.spi_flash_chip_winbond_erase_sector
                0x0000000040080a50        0x0 zephyr/libzephyr.a(spi_flash_chip_winbond.c.obj)
                                          0x8 (size before relaxing)
 .literal.spi_flash_chip_winbond_page_program
                0x0000000040080a50        0x0 zephyr/libzephyr.a(spi_flash_chip_winbond.c.obj)
                                          0x8 (size before relaxing)
 .literal.memspi_host_read_status_hs
                0x0000000040080a50        0x0 zephyr/libzephyr.a(memspi_host_driver.c.obj)
                                          0x4 (size before relaxing)
 .literal.memspi_host_read_id_hs
                0x0000000040080a50        0xc zephyr/libzephyr.a(memspi_host_driver.c.obj)
                                         0x18 (size before relaxing)
 .literal.memspi_host_flush_cache
                0x0000000040080a5c        0x0 zephyr/libzephyr.a(memspi_host_driver.c.obj)
                                          0x8 (size before relaxing)
 .literal.memspi_host_init_pointers
                0x0000000040080a5c        0xc zephyr/libzephyr.a(memspi_host_driver.c.obj)
                                         0x14 (size before relaxing)
 .literal.esp_gpio_reserve_pins
                0x0000000040080a68        0x4 zephyr/libzephyr.a(esp_gpio_reserve.c.obj)
 .literal.periph_ll_get_rst_en_mask
                0x0000000040080a6c        0x4 zephyr/libzephyr.a(periph_ctrl.c.obj)
 .literal.periph_ll_get_rst_en_reg
                0x0000000040080a70        0xc zephyr/libzephyr.a(periph_ctrl.c.obj)
 .literal.periph_module_enable
                0x0000000040080a7c       0x18 zephyr/libzephyr.a(periph_ctrl.c.obj)
                                         0x24 (size before relaxing)
 .literal.periph_module_disable
                0x0000000040080a94        0x0 zephyr/libzephyr.a(periph_ctrl.c.obj)
                                         0x24 (size before relaxing)
 .literal.esp_rom_spiflash_read_status
                0x0000000040080a94       0x10 zephyr/libzephyr.a(esp_rom_spiflash.c.obj)
                                         0x14 (size before relaxing)
 .literal.esp_rom_spiflash_wait_idle
                0x0000000040080aa4        0x8 zephyr/libzephyr.a(esp_rom_spiflash.c.obj)
                                          0xc (size before relaxing)
 .literal.esp_rom_spiflash_read
                0x0000000040080aac       0x3c zephyr/libzephyr.a(esp_rom_spiflash.c.obj)
                                         0x58 (size before relaxing)
 .literal.cache_sync
                0x0000000040080ae8        0x4 zephyr/libzephyr.a(cache_esp32.c.obj)
 .literal.bootloader_random_disable
                0x0000000040080aec       0x30 zephyr/libzephyr.a(bootloader_random_esp32.c.obj)
                                         0x48 (size before relaxing)
 .literal.bootloader_random_enable
                0x0000000040080b1c       0x24 zephyr/libzephyr.a(bootloader_random_esp32.c.obj)
                                         0x58 (size before relaxing)
 .iram1.6       0x0000000040080b40       0x4e zephyr/libzephyr.a(soc.c.obj)
                                         0x72 (size before relaxing)
                0x0000000040080b40                __esp_platform_start
 *fill*         0x0000000040080b8e        0x2 
 .iram1.7       0x0000000040080b90       0x1b zephyr/libzephyr.a(soc.c.obj)
                0x0000000040080b90                arch_printk_char_out
 *fill*         0x0000000040080bab        0x1 
 .iram1.8       0x0000000040080bac        0xa zephyr/libzephyr.a(flash_ops.c.obj)
                0x0000000040080bac                spi_flash_guard_set
 *fill*         0x0000000040080bb6        0x2 
 .iram1.10      0x0000000040080bb8       0x33 zephyr/libzephyr.a(flash_ops.c.obj)
                                         0x37 (size before relaxing)
                0x0000000040080bb8                esp_mspi_pin_init
 *fill*         0x0000000040080beb        0x1 
 .iram1.5       0x0000000040080bec       0x1e zephyr/libzephyr.a(esp_flash_api.c.obj)
 *fill*         0x0000000040080c0a        0x2 
 .iram1.6       0x0000000040080c0c       0x44 zephyr/libzephyr.a(esp_flash_api.c.obj)
 .iram1.10      0x0000000040080c50       0x54 zephyr/libzephyr.a(esp_flash_api.c.obj)
 .iram1.12      0x0000000040080ca4       0x6c zephyr/libzephyr.a(esp_flash_api.c.obj)
                                         0x70 (size before relaxing)
 .iram1.13      0x0000000040080d10       0x58 zephyr/libzephyr.a(esp_flash_api.c.obj)
                0x0000000040080d10                esp_flash_get_physical_size
 .iram1.9       0x0000000040080d68      0x130 zephyr/libzephyr.a(esp_flash_api.c.obj)
                                        0x13c (size before relaxing)
                0x0000000040080d68                esp_flash_init_main
 .iram1.21      0x0000000040080e98      0x110 zephyr/libzephyr.a(esp_flash_api.c.obj)
                0x0000000040080e98                esp_flash_read
 .iram1.3       0x0000000040080fa8        0xe zephyr/libzephyr.a(cache_esp32.c.obj)
 *fill*         0x0000000040080fb6        0x2 
 .iram1.1       0x0000000040080fb8       0x56 zephyr/libzephyr.a(flash_mmap.c.obj)
                0x0000000040080fb8                spi_flash_check_and_flush_cache
 *fill*         0x000000004008100e        0x2 
 .iram1.8       0x0000000040081010       0x10 zephyr/libzephyr.a(spi_flash_os_func_noos.c.obj)
 .iram1.7       0x0000000040081020       0x18 zephyr/libzephyr.a(spi_flash_os_func_noos.c.obj)
 .iram1.6       0x0000000040081038       0x18 zephyr/libzephyr.a(spi_flash_os_func_noos.c.obj)
 .iram1.1       0x0000000040081050        0xa zephyr/libzephyr.a(esp_rom_sys.c.obj)
                0x0000000040081050                esp_rom_set_cpu_ticks_per_us
 *fill*         0x000000004008105a        0x2 
 .iram1.7       0x000000004008105c      0x1aa zephyr/libzephyr.a(bootloader_flash.c.obj)
                0x000000004008105c                bootloader_flash_execute_command_common
 *fill*         0x0000000040081206        0x2 
 .iram1.8       0x0000000040081208       0x20 zephyr/libzephyr.a(bootloader_flash.c.obj)
                0x0000000040081208                bootloader_execute_flash_command
 .iram1.6       0x0000000040081228      0x122 zephyr/libzephyr.a(bootloader_flash.c.obj)
                                        0x146 (size before relaxing)
                0x0000000040081228                bootloader_flash_unlock
 *fill*         0x000000004008134a        0x2 
 .iram1.9       0x000000004008134c       0x26 zephyr/libzephyr.a(bootloader_flash.c.obj)
                                         0x2a (size before relaxing)
                0x000000004008134c                bootloader_flash_read_sfdp
 *fill*         0x0000000040081372        0x2 
 .iram1.10      0x0000000040081374       0x30 zephyr/libzephyr.a(bootloader_flash.c.obj)
                                         0x34 (size before relaxing)
                0x0000000040081374                bootloader_read_flash_id
 .iram1.12      0x00000000400813a4       0x9a zephyr/libzephyr.a(bootloader_flash.c.obj)
                                         0xb6 (size before relaxing)
                0x00000000400813a4                bootloader_flash_xmc_startup
 *fill*         0x000000004008143e        0x2 
 .iram1.6       0x0000000040081440       0x6e zephyr/libzephyr.a(bootloader_flash_config_esp32.c.obj)
                0x0000000040081440                bootloader_flash_cs_timing_config
 *fill*         0x00000000400814ae        0x2 
 .iram1.8       0x00000000400814b0      0x1d0 zephyr/libzephyr.a(bootloader_flash_config_esp32.c.obj)
                0x00000000400814b0                bootloader_flash_gpio_config
 .iram1.9       0x0000000040081680       0x95 zephyr/libzephyr.a(bootloader_flash_config_esp32.c.obj)
                0x0000000040081680                bootloader_flash_dummy_config
 *fill*         0x0000000040081715        0x3 
 .iram1.0       0x0000000040081718       0x1e zephyr/libzephyr.a(bootloader_efuse.c.obj)
                0x0000000040081718                bootloader_common_get_chip_ver_pkg
 *fill*         0x0000000040081736        0x2 
 .iram1.2       0x0000000040081738       0x16 zephyr/libzephyr.a(esp_clk.c.obj)
                0x0000000040081738                esp_clk_apb_freq
 *fill*         0x000000004008174e        0x2 
 .iram1.6       0x0000000040081750       0x32 zephyr/libzephyr.a(rtc_module.c.obj)
                0x0000000040081750                rtc_isr_noniram_disable
 *fill*         0x0000000040081782        0x2 
 .iram1.7       0x0000000040081784       0x1e zephyr/libzephyr.a(rtc_module.c.obj)
                0x0000000040081784                rtc_isr_noniram_enable
 *fill*         0x00000000400817a2        0x2 
 .iram1.1       0x00000000400817a4       0x58 zephyr/libzephyr.a(esp_mmu_map.c.obj)
                0x00000000400817a4                esp_mmu_paddr_find_caps
 .iram1.2       0x00000000400817fc       0x55 zephyr/libzephyr.a(esp_rom_uart.c.obj)
                0x00000000400817fc                esp_rom_uart_tx_wait_idle
 *fill*         0x0000000040081851        0x3 
 .iram1.3       0x0000000040081854       0x50 zephyr/libzephyr.a(esp_rom_uart.c.obj)
                0x0000000040081854                esp_rom_uart_set_clock_baudrate
 .iram1.0       0x00000000400818a4       0x18 zephyr/libzephyr.a(efuse_hal.c.obj)
                                         0x1c (size before relaxing)
                0x00000000400818a4                efuse_hal_chip_revision
 .iram1.0       0x00000000400818bc       0x3e zephyr/libzephyr.a(efuse_hal.c.obj)
                0x00000000400818bc                efuse_hal_get_major_chip_version
 *fill*         0x00000000400818fa        0x2 
 .iram1.1       0x00000000400818fc       0x10 zephyr/libzephyr.a(efuse_hal.c.obj)
                0x00000000400818fc                efuse_hal_get_minor_chip_version
 .iram1.4       0x000000004008190c       0x5a zephyr/libzephyr.a(cache_utils.c.obj)
                                         0x62 (size before relaxing)
                0x000000004008190c                spi_flash_disable_interrupts_caches_and_other_cpu
 *fill*         0x0000000040081966        0x2 
 .iram1.5       0x0000000040081968       0x56 zephyr/libzephyr.a(cache_utils.c.obj)
                                         0x5e (size before relaxing)
                0x0000000040081968                spi_flash_enable_interrupts_caches_and_other_cpu
 *fill*         0x00000000400819be        0x2 
 .iram1         0x00000000400819c0       0x1a zephyr/arch/arch/xtensa/core/libarch__xtensa__core.a(debug_helpers_asm.S.obj)
                0x00000000400819c0                xtensa_backtrace_get_start
 *fill*         0x00000000400819da        0x2 
 .iram1.1       0x00000000400819dc       0x33 zephyr/drivers/interrupt_controller/libdrivers__interrupt_controller.a(intc_esp32.c.obj)
                                         0x3a (size before relaxing)
 *fill*         0x0000000040081a0f        0x1 
 .iram1.0       0x0000000040081a10       0x16 zephyr/drivers/interrupt_controller/libdrivers__interrupt_controller.a(intc_esp32.c.obj)
                0x0000000040081a10                default_intr_handler
 *fill*         0x0000000040081a26        0x2 
 .iram1.4       0x0000000040081a28       0xae zephyr/drivers/interrupt_controller/libdrivers__interrupt_controller.a(intc_esp32.c.obj)
                                         0xb2 (size before relaxing)
                0x0000000040081a28                esp_intr_disable
 *fill*         0x0000000040081ad6        0x2 
 .iram1.5       0x0000000040081ad8       0x4e zephyr/drivers/interrupt_controller/libdrivers__interrupt_controller.a(intc_esp32.c.obj)
                                         0x5a (size before relaxing)
                0x0000000040081ad8                esp_intr_noniram_disable
 *fill*         0x0000000040081b26        0x2 
 .iram1.6       0x0000000040081b28       0x3c zephyr/drivers/interrupt_controller/libdrivers__interrupt_controller.a(intc_esp32.c.obj)
                                         0x48 (size before relaxing)
                0x0000000040081b28                esp_intr_noniram_enable
 .iram1.1       0x0000000040081b64       0x11 zephyr/drivers/gpio/libdrivers__gpio.a(gpio_esp32.c.obj)
                                         0x17 (size before relaxing)
 *fill*         0x0000000040081b75        0x0 
 *fill*         0x0000000040081b75        0x0 
 *fill*         0x0000000040081b75        0x3 
 .iram1.11      0x0000000040081b78        0x7 zephyr/libzephyr.a(flash_ops.c.obj)
                0x0000000040081b78                spi_flash_init_chip_state
 *fill*         0x0000000040081b7f        0x0 
 *fill*         0x0000000040081b7f        0x1 
 .iram1.3       0x0000000040081b80       0x2b zephyr/libzephyr.a(esp_flash_api.c.obj)
 *fill*         0x0000000040081bab        0x1 
 .iram1.4       0x0000000040081bac       0x21 zephyr/libzephyr.a(esp_flash_api.c.obj)
 *fill*         0x0000000040081bcd        0x0 
 *fill*         0x0000000040081bcd        0x0 
 *fill*         0x0000000040081bcd        0x0 
 *fill*         0x0000000040081bcd        0x0 
 *fill*         0x0000000040081bcd        0x3 
 .iram1.11      0x0000000040081bd0       0x46 zephyr/libzephyr.a(bootloader_flash.c.obj)
 *fill*         0x0000000040081c16        0x0 
 *fill*         0x0000000040081c16        0x0 
 *fill*         0x0000000040081c16        0x0 
 *fill*         0x0000000040081c16        0x0 
 *fill*         0x0000000040081c16        0x0 
 *fill*         0x0000000040081c16        0x0 
 *fill*         0x0000000040081c16        0x0 
 *fill*         0x0000000040081c16        0x0 
 *fill*         0x0000000040081c16        0x0 
 *fill*         0x0000000040081c16        0x0 
 *fill*         0x0000000040081c16        0x0 
 *fill*         0x0000000040081c16        0x0 
 *fill*         0x0000000040081c16        0x0 
 *fill*         0x0000000040081c16        0x0 
 *fill*         0x0000000040081c16        0x0 
 *fill*         0x0000000040081c16        0x0 
 *fill*         0x0000000040081c16        0x0 
 *fill*         0x0000000040081c16        0x0 
 *fill*         0x0000000040081c16        0x0 
 *fill*         0x0000000040081c16        0x2 
 .iram1.0       0x0000000040081c18       0xa3 zephyr/drivers/gpio/libdrivers__gpio.a(gpio_esp32.c.obj)
 *fill*         0x0000000040081cbb        0x0 
 *(SORT_BY_ALIGNMENT(.iram0.literal) SORT_BY_ALIGNMENT(.iram.literal) SORT_BY_ALIGNMENT(.iram.text.literal) SORT_BY_ALIGNMENT(.iram0.text) SORT_BY_ALIGNMENT(.iram.text))
 *fill*         0x0000000040081cbb        0x1 
 .iram0.text    0x0000000040081cbc       0x2d zephyr/arch/arch/xtensa/core/libarch__xtensa__core.a(xtensa_asm2_util.S.obj)
                0x0000000040081cbc                _Level1Vector
 *fill*         0x0000000040081ce9        0x0 
 *libarch__xtensa__core.a:(SORT_BY_ALIGNMENT(.literal) SORT_BY_ALIGNMENT(.text) SORT_BY_ALIGNMENT(.literal.*) SORT_BY_ALIGNMENT(.text.*))
 *fill*         0x0000000040081ce9        0x3 
 .text.arch_cpu_idle
                0x0000000040081cec        0xb zephyr/arch/arch/xtensa/core/libarch__xtensa__core.a(cpu_idle.c.obj)
                                          0xe (size before relaxing)
                0x0000000040081cec                arch_cpu_idle
 *fill*         0x0000000040081cf7        0x1 
 .text.xtensa_exccause
                0x0000000040081cf8       0x17 zephyr/arch/arch/xtensa/core/libarch__xtensa__core.a(fatal.c.obj)
                0x0000000040081cf8                xtensa_exccause
 *fill*         0x0000000040081d0f        0x1 
 .text.xtensa_fatal_error
                0x0000000040081d10       0x26 zephyr/arch/arch/xtensa/core/libarch__xtensa__core.a(fatal.c.obj)
                                         0x2e (size before relaxing)
                0x0000000040081d10                xtensa_fatal_error
 *fill*         0x0000000040081d36        0x2 
 .text          0x0000000040081d38      0x21c zephyr/arch/arch/xtensa/core/libarch__xtensa__core.a(xtensa_asm2_util.S.obj)
                0x0000000040081d38                xtensa_spill_reg_windows
                0x0000000040081d58                xtensa_save_high_regs
                0x0000000040081da0                xtensa_restore_high_regs
                0x0000000040081dd5                _restore_context
                0x0000000040081e0c                xtensa_arch_except
                0x0000000040081e0f                xtensa_arch_except_epc
                0x0000000040081e14                xtensa_arch_kernel_oops
                0x0000000040081e17                xtensa_arch_kernel_oops_epc
                0x0000000040081e1c                xtensa_switch
 .text.z_irq_spurious
                0x0000000040081f54       0x42 zephyr/arch/arch/xtensa/core/libarch__xtensa__core.a(irq_manage.c.obj)
                                         0x46 (size before relaxing)
                0x0000000040081f54                z_irq_spurious
 *fill*         0x0000000040081f96        0x2 
 .text.arch_new_thread
                0x0000000040081f98       0x38 zephyr/arch/arch/xtensa/core/libarch__xtensa__core.a(thread.c.obj)
                0x0000000040081f98                arch_new_thread
 .text.return_to
                0x0000000040081fd0       0x14 zephyr/arch/arch/xtensa/core/libarch__xtensa__core.a(vector_handlers.c.obj)
                                         0x18 (size before relaxing)
 .text.z_log_msg_static_create$constprop$0
                0x0000000040081fe4       0x13 zephyr/arch/arch/xtensa/core/libarch__xtensa__core.a(vector_handlers.c.obj)
 *fill*         0x0000000040081ff7        0x1 
 .text.xtensa_dump_stack$part$0
                0x0000000040081ff8      0x1a7 zephyr/arch/arch/xtensa/core/libarch__xtensa__core.a(vector_handlers.c.obj)
                                        0x1bf (size before relaxing)
 *fill*         0x000000004008219f        0x1 
 .text.xtensa_is_outside_stack_bounds
                0x00000000400821a0       0x3d zephyr/arch/arch/xtensa/core/libarch__xtensa__core.a(vector_handlers.c.obj)
                0x00000000400821a0                xtensa_is_outside_stack_bounds
 *fill*         0x00000000400821dd        0x3 
 .text.xtensa_is_frame_pointer_valid
                0x00000000400821e0       0x28 zephyr/arch/arch/xtensa/core/libarch__xtensa__core.a(vector_handlers.c.obj)
                                         0x2c (size before relaxing)
                0x00000000400821e0                xtensa_is_frame_pointer_valid
 .text.xtensa_dump_stack
                0x0000000040082208       0x14 zephyr/arch/arch/xtensa/core/libarch__xtensa__core.a(vector_handlers.c.obj)
                                         0x18 (size before relaxing)
                0x0000000040082208                xtensa_dump_stack
 .text.xtensa_int2_c
                0x000000004008221c       0x5a zephyr/arch/arch/xtensa/core/libarch__xtensa__core.a(vector_handlers.c.obj)
                0x000000004008221c                xtensa_int2_c
 *fill*         0x0000000040082276        0x2 
 .text.xtensa_int3_c
                0x0000000040082278       0x82 zephyr/arch/arch/xtensa/core/libarch__xtensa__core.a(vector_handlers.c.obj)
                0x0000000040082278                xtensa_int3_c
 *fill*         0x00000000400822fa        0x2 
 .text.xtensa_int4_c
                0x00000000400822fc       0x6a zephyr/arch/arch/xtensa/core/libarch__xtensa__core.a(vector_handlers.c.obj)
                0x00000000400822fc                xtensa_int4_c
 *fill*         0x0000000040082366        0x2 
 .text.xtensa_int5_c
                0x0000000040082368       0x5e zephyr/arch/arch/xtensa/core/libarch__xtensa__core.a(vector_handlers.c.obj)
                0x0000000040082368                xtensa_int5_c
 *fill*         0x00000000400823c6        0x2 
 .text.xtensa_int6_c
                0x00000000400823c8       0x15 zephyr/arch/arch/xtensa/core/libarch__xtensa__core.a(vector_handlers.c.obj)
                0x00000000400823c8                xtensa_int6_c
 *fill*         0x00000000400823dd        0x3 
 .text.xtensa_int7_c
                0x00000000400823e0       0x36 zephyr/arch/arch/xtensa/core/libarch__xtensa__core.a(vector_handlers.c.obj)
                0x00000000400823e0                xtensa_int7_c
 *fill*         0x0000000040082416        0x2 
 .text.xtensa_excint1_c
                0x0000000040082418      0x300 zephyr/arch/arch/xtensa/core/libarch__xtensa__core.a(vector_handlers.c.obj)
                                        0x328 (size before relaxing)
                0x0000000040082418                xtensa_excint1_c
 .text.xtensa_cpu_process_stack_pc
                0x0000000040082718       0x2b zephyr/arch/arch/xtensa/core/libarch__xtensa__core.a(xtensa_backtrace.c.obj)
 *fill*         0x0000000040082743        0x1 
 .text.xtensa_ptr_executable
                0x0000000040082744       0x41 zephyr/arch/arch/xtensa/core/libarch__xtensa__core.a(xtensa_backtrace.c.obj)
 *fill*         0x0000000040082785        0x3 
 .text.xtensa_stack_ptr_is_sane
                0x0000000040082788       0x2c zephyr/arch/arch/xtensa/core/libarch__xtensa__core.a(xtensa_backtrace.c.obj)
 .text.xtensa_backtrace_get_next_frame
                0x00000000400827b4       0x3e zephyr/arch/arch/xtensa/core/libarch__xtensa__core.a(xtensa_backtrace.c.obj)
                                         0x4a (size before relaxing)
                0x00000000400827b4                xtensa_backtrace_get_next_frame
 *fill*         0x00000000400827f2        0x2 
 .text.xtensa_backtrace_print
                0x00000000400827f4       0xdf zephyr/arch/arch/xtensa/core/libarch__xtensa__core.a(xtensa_backtrace.c.obj)
                                        0x103 (size before relaxing)
                0x00000000400827f4                xtensa_backtrace_print
 *fill*         0x00000000400828d3        0x0 
 *fill*         0x00000000400828d3        0x0 
 *fill*         0x00000000400828d3        0x0 
 *fill*         0x00000000400828d3        0x0 
 *fill*         0x00000000400828d3        0x0 
 *fill*         0x00000000400828d3        0x0 
 *fill*         0x00000000400828d3        0x0 
 *fill*         0x00000000400828d3        0x0 
 *fill*         0x00000000400828d3        0x0 
 *fill*         0x00000000400828d3        0x0 
 *fill*         0x00000000400828d3        0x0 
 *fill*         0x00000000400828d3        0x0 
 *fill*         0x00000000400828d3        0x0 
 *fill*         0x00000000400828d3        0x0 
 *fill*         0x00000000400828d3        0x0 
 *fill*         0x00000000400828d3        0x0 
 *fill*         0x00000000400828d3        0x0 
 *libkernel.a:(SORT_BY_ALIGNMENT(.literal) SORT_BY_ALIGNMENT(.text) SORT_BY_ALIGNMENT(.literal.*) SORT_BY_ALIGNMENT(.text.*))
 *fill*         0x00000000400828d3        0x1 
 .text.k_sys_fatal_error_handler
                0x00000000400828d4       0x18 zephyr/kernel/libkernel.a(fatal.c.obj)
                                         0x20 (size before relaxing)
                0x00000000400828d4                k_sys_fatal_error_handler
 .text.z_fatal_error
                0x00000000400828ec       0xaa zephyr/kernel/libkernel.a(fatal.c.obj)
                                         0xbe (size before relaxing)
                0x00000000400828ec                z_fatal_error
 *fill*         0x0000000040082996        0x2 
 .text.z_sys_init_run_level
                0x0000000040082998       0x30 zephyr/kernel/libkernel.a(init.c.obj)
 .text.bg_thread_main
                0x00000000400829c8       0x9e zephyr/kernel/libkernel.a(init.c.obj)
                                         0xb6 (size before relaxing)
 *fill*         0x0000000040082a66        0x2 
 .text.z_early_memset
                0x0000000040082a68       0x12 zephyr/kernel/libkernel.a(init.c.obj)
                0x0000000040082a68                z_early_memset
 *fill*         0x0000000040082a7a        0x2 
 .text.z_bss_zero
                0x0000000040082a7c       0x13 zephyr/kernel/libkernel.a(init.c.obj)
                                         0x16 (size before relaxing)
                0x0000000040082a7c                z_bss_zero
 *fill*         0x0000000040082a8f        0x1 
 .text.z_init_cpu
                0x0000000040082a90       0x5b zephyr/kernel/libkernel.a(init.c.obj)
                0x0000000040082a90                z_init_cpu
 *fill*         0x0000000040082aeb        0x1 
 .text.z_cstart
                0x0000000040082aec       0x9f zephyr/kernel/libkernel.a(init.c.obj)
                                         0xc7 (size before relaxing)
                0x0000000040082aec                z_cstart
 *fill*         0x0000000040082b8b        0x1 
 .text.k_heap_init
                0x0000000040082b8c       0x17 zephyr/kernel/libkernel.a(kheap.c.obj)
                0x0000000040082b8c                k_heap_init
 *fill*         0x0000000040082ba3        0x1 
 .text.statics_init
                0x0000000040082ba4       0x22 zephyr/kernel/libkernel.a(kheap.c.obj)
 *fill*         0x0000000040082bc6        0x2 
 .text.k_heap_aligned_alloc
                0x0000000040082bc8       0x5a zephyr/kernel/libkernel.a(kheap.c.obj)
                                         0x62 (size before relaxing)
                0x0000000040082bc8                k_heap_aligned_alloc
 *fill*         0x0000000040082c22        0x2 
 .text.k_heap_free
                0x0000000040082c24       0x28 zephyr/kernel/libkernel.a(kheap.c.obj)
                                         0x30 (size before relaxing)
                0x0000000040082c24                k_heap_free
 .text.idle     0x0000000040082c4c        0xc zephyr/kernel/libkernel.a(idle.c.obj)
                                          0xf (size before relaxing)
                0x0000000040082c4c                idle
 *fill*         0x0000000040082c58        0x0 
 .text.adjust_owner_prio$isra$0
                0x0000000040082c58       0x1c zephyr/kernel/libkernel.a(mutex.c.obj)
 .text.z_impl_k_mutex_lock
                0x0000000040082c74       0xc7 zephyr/kernel/libkernel.a(mutex.c.obj)
                                         0xcf (size before relaxing)
                0x0000000040082c74                z_impl_k_mutex_lock
 *fill*         0x0000000040082d3b        0x1 
 .text.z_impl_k_mutex_unlock
                0x0000000040082d3c       0x64 zephyr/kernel/libkernel.a(mutex.c.obj)
                                         0x70 (size before relaxing)
                0x0000000040082d3c                z_impl_k_mutex_unlock
 .text.z_impl_k_sem_give
                0x0000000040082da0       0x3c zephyr/kernel/libkernel.a(sem.c.obj)
                                         0x44 (size before relaxing)
                0x0000000040082da0                z_impl_k_sem_give
 .text.z_impl_k_sem_take
                0x0000000040082ddc       0x3a zephyr/kernel/libkernel.a(sem.c.obj)
                                         0x3d (size before relaxing)
                0x0000000040082ddc                z_impl_k_sem_take
 *fill*         0x0000000040082e16        0x2 
 .text.z_impl_k_thread_start
                0x0000000040082e18        0xa zephyr/kernel/libkernel.a(thread.c.obj)
                                          0xe (size before relaxing)
                0x0000000040082e18                z_impl_k_thread_start
 *fill*         0x0000000040082e22        0x2 
 .text.z_setup_new_thread
                0x0000000040082e24       0x5d zephyr/kernel/libkernel.a(thread.c.obj)
                0x0000000040082e24                z_setup_new_thread
 *fill*         0x0000000040082e81        0x3 
 .text.z_impl_k_thread_create
                0x0000000040082e84       0x56 zephyr/kernel/libkernel.a(thread.c.obj)
                                         0x5a (size before relaxing)
                0x0000000040082e84                z_impl_k_thread_create
 *fill*         0x0000000040082eda        0x2 
 .text.unpend_thread_no_timeout
                0x0000000040082edc       0x19 zephyr/kernel/libkernel.a(sched.c.obj)
                                         0x1d (size before relaxing)
 *fill*         0x0000000040082ef5        0x3 
 .text.update_cache
                0x0000000040082ef8       0x4a zephyr/kernel/libkernel.a(sched.c.obj)
 *fill*         0x0000000040082f42        0x2 
 .text.unready_thread
                0x0000000040082f44       0x2e zephyr/kernel/libkernel.a(sched.c.obj)
                                         0x32 (size before relaxing)
 *fill*         0x0000000040082f72        0x2 
 .text.z_swap   0x0000000040082f74       0x3a zephyr/kernel/libkernel.a(sched.c.obj)
                                         0x3e (size before relaxing)
 *fill*         0x0000000040082fae        0x2 
 .text.ready_thread
                0x0000000040082fb0       0x6e zephyr/kernel/libkernel.a(sched.c.obj)
 *fill*         0x000000004008301e        0x2 
 .text.z_thread_halt
                0x0000000040083020       0xe0 zephyr/kernel/libkernel.a(sched.c.obj)
                                         0xf8 (size before relaxing)
 .text.add_to_waitq_locked
                0x0000000040083100       0x58 zephyr/kernel/libkernel.a(sched.c.obj)
                                         0x5c (size before relaxing)
 .text.move_thread_to_end_of_prio_q
                0x0000000040083158       0x78 zephyr/kernel/libkernel.a(sched.c.obj)
                                         0x7c (size before relaxing)
                0x0000000040083158                move_thread_to_end_of_prio_q
 .text.z_ready_thread
                0x00000000400831d0       0x13 zephyr/kernel/libkernel.a(sched.c.obj)
                                         0x16 (size before relaxing)
                0x00000000400831d0                z_ready_thread
 *fill*         0x00000000400831e3        0x1 
 .text.z_impl_k_thread_suspend
                0x00000000400831e4       0x29 zephyr/kernel/libkernel.a(sched.c.obj)
                                         0x2c (size before relaxing)
                0x00000000400831e4                z_impl_k_thread_suspend
 *fill*         0x000000004008320d        0x3 
 .text.z_unpend_thread_no_timeout
                0x0000000040083210       0x18 zephyr/kernel/libkernel.a(sched.c.obj)
                                         0x1c (size before relaxing)
                0x0000000040083210                z_unpend_thread_no_timeout
 .text.z_sched_wake_thread
                0x0000000040083228       0x39 zephyr/kernel/libkernel.a(sched.c.obj)
                                         0x40 (size before relaxing)
                0x0000000040083228                z_sched_wake_thread
 *fill*         0x0000000040083261        0x3 
 .text.z_thread_timeout
                0x0000000040083264        0xd zephyr/kernel/libkernel.a(sched.c.obj)
                                         0x10 (size before relaxing)
                0x0000000040083264                z_thread_timeout
 *fill*         0x0000000040083271        0x3 
 .text.z_pend_curr
                0x0000000040083274       0x34 zephyr/kernel/libkernel.a(sched.c.obj)
                                         0x3c (size before relaxing)
                0x0000000040083274                z_pend_curr
 .text.z_unpend1_no_timeout
                0x00000000400832a8       0x22 zephyr/kernel/libkernel.a(sched.c.obj)
                                         0x26 (size before relaxing)
                0x00000000400832a8                z_unpend1_no_timeout
 *fill*         0x00000000400832ca        0x2 
 .text.z_unpend_first_thread
                0x00000000400832cc       0x2a zephyr/kernel/libkernel.a(sched.c.obj)
                                         0x2e (size before relaxing)
                0x00000000400832cc                z_unpend_first_thread
 *fill*         0x00000000400832f6        0x2 
 .text.z_unpend_thread
                0x00000000400832f8       0x1e zephyr/kernel/libkernel.a(sched.c.obj)
                                         0x26 (size before relaxing)
                0x00000000400832f8                z_unpend_thread
 *fill*         0x0000000040083316        0x2 
 .text.z_thread_prio_set