Archive member included to satisfy reference by file (symbol)

app/libapp.a(main.c.obj)      (--whole-archive)
zephyr/libzephyr.a(heap.c.obj)
                              (--whole-archive)
zephyr/libzephyr.a(cbprintf_packaged.c.obj)
                              (--whole-archive)
zephyr/libzephyr.a(printk.c.obj)
                              (--whole-archive)
zephyr/libzephyr.a(sem.c.obj)
                              (--whole-archive)
zephyr/libzephyr.a(thread_entry.c.obj)
                              (--whole-archive)
zephyr/libzephyr.a(cbprintf_complete.c.obj)
                              (--whole-archive)
zephyr/libzephyr.a(assert.c.obj)
                              (--whole-archive)
zephyr/libzephyr.a(mpsc_pbuf.c.obj)
                              (--whole-archive)
zephyr/libzephyr.a(dec.c.obj)
                              (--whole-archive)
zephyr/libzephyr.a(hex.c.obj)
                              (--whole-archive)
zephyr/libzephyr.a(rb.c.obj)  (--whole-archive)
zephyr/libzephyr.a(timeutil.c.obj)
                              (--whole-archive)
zephyr/libzephyr.a(bitarray.c.obj)
                              (--whole-archive)
zephyr/libzephyr.a(configs.c.obj)
                              (--whole-archive)
zephyr/libzephyr.a(soc.c.obj)
                              (--whole-archive)
zephyr/libzephyr.a(esp32-mp.c.obj)
                              (--whole-archive)
zephyr/libzephyr.a(loader.c.obj)
                              (--whole-archive)
zephyr/libzephyr.a(log_core.c.obj)
                              (--whole-archive)
zephyr/libzephyr.a(log_mgmt.c.obj)
                              (--whole-archive)
zephyr/libzephyr.a(log_cache.c.obj)
                              (--whole-archive)
zephyr/libzephyr.a(log_msg.c.obj)
                              (--whole-archive)
zephyr/libzephyr.a(log_output.c.obj)
                              (--whole-archive)
zephyr/libzephyr.a(log_backend_uart.c.obj)
                              (--whole-archive)
zephyr/libzephyr.a(tracing_none.c.obj)
                              (--whole-archive)
zephyr/libzephyr.a(windowspill_asm.S.obj)
                              (--whole-archive)
zephyr/libzephyr.a(flash_ops.c.obj)
                              (--whole-archive)
zephyr/libzephyr.a(esp_flash_api.c.obj)
                              (--whole-archive)
zephyr/libzephyr.a(flash_encrypt.c.obj)
                              (--whole-archive)
zephyr/libzephyr.a(esp_gpio_reserve.c.obj)
                              (--whole-archive)
zephyr/libzephyr.a(cache_esp32.c.obj)
                              (--whole-archive)
zephyr/libzephyr.a(mmu_hal.c.obj)
                              (--whole-archive)
zephyr/libzephyr.a(spi_flash_encrypt_hal_iram.c.obj)
                              (--whole-archive)
zephyr/libzephyr.a(spi_flash_hal.c.obj)
                              (--whole-archive)
zephyr/libzephyr.a(spi_flash_hal_iram.c.obj)
                              (--whole-archive)
zephyr/libzephyr.a(esp_flash_spi_init.c.obj)
                              (--whole-archive)
zephyr/libzephyr.a(flash_mmap.c.obj)
                              (--whole-archive)
zephyr/libzephyr.a(memspi_host_driver.c.obj)
                              (--whole-archive)
zephyr/libzephyr.a(spi_flash_chip_boya.c.obj)
                              (--whole-archive)
zephyr/libzephyr.a(spi_flash_chip_drivers.c.obj)
                              (--whole-archive)
zephyr/libzephyr.a(spi_flash_chip_gd.c.obj)
                              (--whole-archive)
zephyr/libzephyr.a(spi_flash_chip_generic.c.obj)
                              (--whole-archive)
zephyr/libzephyr.a(spi_flash_chip_issi.c.obj)
                              (--whole-archive)
zephyr/libzephyr.a(spi_flash_chip_mxic.c.obj)
                              (--whole-archive)
zephyr/libzephyr.a(spi_flash_chip_mxic_opi.c.obj)
                              (--whole-archive)
zephyr/libzephyr.a(spi_flash_chip_th.c.obj)
                              (--whole-archive)
zephyr/libzephyr.a(spi_flash_chip_winbond.c.obj)
                              (--whole-archive)
zephyr/libzephyr.a(spi_flash_os_func_noos.c.obj)
                              (--whole-archive)
zephyr/libzephyr.a(uart_hal.c.obj)
                              (--whole-archive)
zephyr/libzephyr.a(uart_hal_iram.c.obj)
                              (--whole-archive)
zephyr/libzephyr.a(bootloader_mem.c.obj)
                              (--whole-archive)
zephyr/libzephyr.a(bootloader_clock_init.c.obj)
                              (--whole-archive)
zephyr/libzephyr.a(bootloader_console.c.obj)
                              (--whole-archive)
zephyr/libzephyr.a(bootloader_random.c.obj)
                              (--whole-archive)
zephyr/libzephyr.a(esp_rom_sys.c.obj)
                              (--whole-archive)
zephyr/libzephyr.a(mpu_hal.c.obj)
                              (--whole-archive)
zephyr/libzephyr.a(bootloader_esp32.c.obj)
                              (--whole-archive)
[...]
Memory Configuration

Name             Origin             Length             Attributes
FLASH            0x0000000000000000 0x00000000003fff00 r
iram0_0_seg      0x0000000040080000 0x000000000003ac00 xr
dram0_0_seg      0x000000003ffb0000 0x0000000000030000 rw
dram0_shm0_seg   0x000000003ffe5230 0x0000000000000800 rw
dram0_sem0_seg   0x000000003ffe5a30 0x0000000000000008 rw
dram0_1_seg      0x000000003ffe5a38 0x0000000000000000 rw
irom0_0_seg      0x00000000400d0000 0x00000000003ff000 xr
drom0_0_seg      0x000000003f400000 0x00000000003ff000 r
rtc_iram_seg     0x00000000400c0000 0x0000000000002000 xrw
rtc_slow_seg     0x0000000050000000 0x0000000000001000 rw
IDT_LIST         0x000000003ebfe010 0x0000000000002000 rw
*default*        0x0000000000000000 0xffffffffffffffff

Linker script and memory map

                0x0000000040085e64                vfprintf = __l_vfprintf
                0x0000000000000000                vfscanf = __l_vfscanf
LOAD zephyr/CMakeFiles/zephyr_pre0.dir/misc/empty_file.c.obj
LOAD zephyr/CMakeFiles/offsets.dir/./arch/xtensa/core/offsets/offsets.c.obj
LOAD app/libapp.a
LOAD zephyr/libzephyr.a
LOAD zephyr/arch/common/libarch__common.a
LOAD zephyr/arch/arch/xtensa/core/libarch__xtensa__core.a
LOAD zephyr/lib/libc/picolibc/liblib__libc__picolibc.a
LOAD zephyr/lib/libc/common/liblib__libc__common.a
LOAD zephyr/drivers/interrupt_controller/libdrivers__interrupt_controller.a
LOAD zephyr/drivers/clock_control/libdrivers__clock_control.a
LOAD zephyr/drivers/console/libdrivers__console.a
LOAD zephyr/drivers/gpio/libdrivers__gpio.a
LOAD zephyr/drivers/pinctrl/libdrivers__pinctrl.a
LOAD zephyr/drivers/serial/libdrivers__serial.a
LOAD zephyr/drivers/timer/libdrivers__timer.a
LOAD zephyr/kernel/libkernel.a
LOAD /home/bava/zephyrproject/zephyr/zephyr-sdk-0.16.8/xtensa-espressif_esp32_zephyr-elf/bin/../lib/gcc/xtensa-espressif_esp32_zephyr-elf/12.2.0/libgcc.a
LOAD zephyr/arch/common/libisr_tables.a
LOAD /home/bava/zephyrproject/zephyr/zephyr-sdk-0.16.8/xtensa-espressif_esp32_zephyr-elf/bin/../lib/gcc/xtensa-espressif_esp32_zephyr-elf/12.2.0/libgcc.a
LOAD /home/bava/zephyrproject/zephyr/zephyr-sdk-0.16.8/xtensa-espressif_esp32_zephyr-elf/bin/../lib/gcc/../../picolibc/xtensa-espressif_esp32_zephyr-elf/lib/libc.a
LOAD /home/bava/zephyrproject/zephyr/zephyr-sdk-0.16.8/xtensa-espressif_esp32_zephyr-elf/bin/../lib/gcc/xtensa-espressif_esp32_zephyr-elf/12.2.0/libgcc.a
                0x00000000400bac00                user_iram_end = 0x400bac00
                0x0000000040080000                user_iram_seg_org = 0x40080000
                0x000000000003ac00                user_iram_seg_len = (user_iram_end - user_iram_seg_org)
                0x000000003ffb0000                user_dram_seg_org = 0x3ffb0000
                0x0000000000030000                user_dram_seg_len = 0x30000
                0x000000003ffe5400                user_dram_2_seg_org = 0x3ffe5400
                0x000000000001ac00                user_dram_2_seg_len = 0x1ac00
                0x0000000000000000                _rom_store_table = 0x0
                [!provide]                        PROVIDE (_memmap_vecbase_reset = 0x40000450)
                [!provide]                        PROVIDE (_memmap_reset_vector = 0x40000400)
                0x000000003ffe4350                _heap_sentry = 0x3ffe4350

.rel.plt        0x0000000000000000        0x0
 *(SORT_BY_ALIGNMENT(.rel.plt))
                [!provide]                        PROVIDE (__rel_iplt_start = .)
 *(SORT_BY_ALIGNMENT(.rel.iplt))
                [!provide]                        PROVIDE (__rel_iplt_end = .)

.rela.plt       0x0000000000000000        0x0
 *(SORT_BY_ALIGNMENT(.rela.plt))
                [!provide]                        PROVIDE (__rela_iplt_start = .)
 *(SORT_BY_ALIGNMENT(.rela.iplt))
                [!provide]                        PROVIDE (__rela_iplt_end = .)

.rel.dyn
 *(SORT_BY_ALIGNMENT(.rel.*))

.rela.dyn
 *(SORT_BY_ALIGNMENT(.rela.*))

.rtc.text       0x00000000400c0000        0x0 load address 0x0000000000000000
                0x00000000400c0000                . = ALIGN (0x4)
 *(SORT_BY_ALIGNMENT(.rtc.literal) SORT_BY_ALIGNMENT(.rtc.text))
 *rtc_wake_stub*.o(SORT_BY_ALIGNMENT(.literal) SORT_BY_ALIGNMENT(.text) SORT_BY_ALIGNMENT(.literal.*) SORT_BY_ALIGNMENT(.text.*))

.rtc.data       0x0000000050000000        0x0 load address 0x0000000000000000
                0x0000000050000000                _rtc_data_start = ABSOLUTE (.)
 *(SORT_BY_ALIGNMENT(.rtc.data))
 *(SORT_BY_ALIGNMENT(.rtc.rodata))
 *rtc_wake_stub*.o(SORT_BY_ALIGNMENT(.data) SORT_BY_ALIGNMENT(.rodata) SORT_BY_ALIGNMENT(.data.*) SORT_BY_ALIGNMENT(.rodata.*) SORT_BY_ALIGNMENT(.bss) SORT_BY_ALIGNMENT(.bss.*))
                0x0000000050000000                _rtc_data_end = ABSOLUTE (.)

.rtc.bss        0x0000000050000000        0x0 load address 0x0000000000000000
                0x0000000050000000                _rtc_bss_start = ABSOLUTE (.)
 *rtc_wake_stub*.o(SORT_BY_ALIGNMENT(.bss) SORT_BY_ALIGNMENT(.bss.*))
 *rtc_wake_stub*.o(SORT_BY_ALIGNMENT(COMMON))
                0x0000000050000000                _rtc_bss_end = ABSOLUTE (.)

.rtc.force_slow
                0x0000000050000000        0x0 load address 0x0000000000000000
                0x0000000050000000                . = ALIGN (0x4)
                0x0000000050000000                _rtc_force_slow_start = ABSOLUTE (.)
 *(SORT_BY_ALIGNMENT(.rtc.force_slow) SORT_BY_ALIGNMENT(.rtc.force_slow.*))
                0x0000000050000000                . = ALIGN (0x4)
                0x0000000050000000                _rtc_force_slow_end = ABSOLUTE (.)
                0x0000000000000000                _rtc_slow_length = (_rtc_force_slow_end - _rtc_data_start)

.iram0.vectors  0x0000000040080000      0x400 load address 0x0000000000000000
                0x0000000040080000                _iram_start = ABSOLUTE (.)
                0x0000000040080000                _init_start = ABSOLUTE (.)
                0x0000000000000000                . = 0x0
 *(SORT_BY_ALIGNMENT(.WindowVectors.text))
 .WindowVectors.text
                0x0000000040080000      0x16a zephyr/arch/arch/xtensa/core/libarch__xtensa__core.a(window_vectors.S.obj)
                0x0000000040080000                _WindowOverflow4
                0x0000000040080040                _WindowUnderflow4
                0x0000000040080050                _xt_alloca_exc
                0x0000000040080080                _WindowOverflow8
                0x00000000400800c0                _WindowUnderflow8
                0x0000000040080100                _WindowOverflow12
                0x0000000040080140                _WindowUnderflow12
                0x0000000000000180                . = 0x180
 *fill*         0x000000004008016a       0x16 
 *(SORT_BY_ALIGNMENT(.Level2InterruptVector.text))
 .Level2InterruptVector.text
                0x0000000040080180       0x29 zephyr/arch/arch/xtensa/core/libarch__xtensa__core.a(xtensa_asm2_util.S.obj)
                0x0000000040080180                _Level2Vector
                0x00000000000001c0                . = 0x1c0
 *fill*         0x00000000400801a9       0x17 
 *(SORT_BY_ALIGNMENT(.Level3InterruptVector.text))
 .Level3InterruptVector.text
                0x00000000400801c0       0x25 zephyr/arch/arch/xtensa/core/libarch__xtensa__core.a(xtensa_asm2_util.S.obj)
                                         0x29 (size before relaxing)
                0x00000000400801c0                _Level3Vector
                0x0000000000000200                . = 0x200
 *fill*         0x00000000400801e5       0x1b 
 *(SORT_BY_ALIGNMENT(.Level4InterruptVector.text))
 .Level4InterruptVector.text
                0x0000000040080200       0x25 zephyr/arch/arch/xtensa/core/libarch__xtensa__core.a(xtensa_asm2_util.S.obj)
                                         0x29 (size before relaxing)
                0x0000000040080200                _Level4Vector
                0x0000000000000240                . = 0x240
 *fill*         0x0000000040080225       0x1b 
 *(SORT_BY_ALIGNMENT(.Level5InterruptVector.text))
 .Level5InterruptVector.text
                0x0000000040080240       0x25 zephyr/arch/arch/xtensa/core/libarch__xtensa__core.a(xtensa_asm2_util.S.obj)
                                         0x29 (size before relaxing)
                0x0000000040080240                _Level5Vector
                0x0000000000000280                . = 0x280
 *fill*         0x0000000040080265       0x1b 
 *(SORT_BY_ALIGNMENT(.DebugExceptionVector.text))
 .DebugExceptionVector.text
                0x0000000040080280       0x25 zephyr/arch/arch/xtensa/core/libarch__xtensa__core.a(xtensa_asm2_util.S.obj)
                                         0x29 (size before relaxing)
                0x0000000040080280                _Level6Vector
                0x00000000000002c0                . = 0x2c0
 *fill*         0x00000000400802a5       0x1b 
 *(SORT_BY_ALIGNMENT(.NMIExceptionVector.text))
 .NMIExceptionVector.text
                0x00000000400802c0       0x25 zephyr/arch/arch/xtensa/core/libarch__xtensa__core.a(xtensa_asm2_util.S.obj)
                                         0x29 (size before relaxing)
                0x00000000400802c0                _Level7Vector
                0x0000000000000300                . = 0x300
 *fill*         0x00000000400802e5       0x1b 
 *(SORT_BY_ALIGNMENT(.KernelExceptionVector.text))
 .KernelExceptionVector.text
                0x0000000040080300        0x3 zephyr/arch/arch/xtensa/core/libarch__xtensa__core.a(xtensa_asm2_util.S.obj)
                0x0000000040080300                _KernelExceptionVector
                0x0000000000000340                . = 0x340
 *fill*         0x0000000040080303       0x3d 
 *(SORT_BY_ALIGNMENT(.UserExceptionVector.text))
 .UserExceptionVector.text
                0x0000000040080340       0x16 zephyr/arch/arch/xtensa/core/libarch__xtensa__core.a(xtensa_asm2_util.S.obj)
                0x0000000040080340                _Level1RealVector
                0x00000000000003c0                . = 0x3c0
 *fill*         0x0000000040080356       0x6a 
 *(SORT_BY_ALIGNMENT(.DoubleExceptionVector.text))
 .DoubleExceptionVector.text
                0x00000000400803c0        0x3 zephyr/arch/arch/xtensa/core/libarch__xtensa__core.a(xtensa_asm2_util.S.obj)
                0x00000000400803c0                _DoubleExceptionVector
                0x0000000000000400                . = 0x400
 *fill*         0x00000000400803c3       0x3d 
 *(SORT_BY_ALIGNMENT(.*Vector.literal))
 *(SORT_BY_ALIGNMENT(.UserEnter.literal))
 *(SORT_BY_ALIGNMENT(.UserEnter.text))
                0x0000000040080400                . = ALIGN (0x10)
 *(SORT_BY_ALIGNMENT(.entry.text))
 *(SORT_BY_ALIGNMENT(.init.literal))
 *(.init)
                0x0000000040080400                _init_end = ABSOLUTE (.)

.iram0.text     0x0000000040080400     0x8190 load address 0x0000000000000400
                0x0000000040080400                _iram_text_start = ABSOLUTE (.)
 *(SORT_BY_ALIGNMENT(.iram1) SORT_BY_ALIGNMENT(.iram1.*))
 .iram1.6.literal
                0x0000000040080400       0x14 zephyr/libzephyr.a(soc.c.obj)
                                         0x44 (size before relaxing)
 .iram1.7.literal
                0x0000000040080414        0x4 zephyr/libzephyr.a(soc.c.obj)
                                          0x8 (size before relaxing)
 .iram1.8.literal
                0x0000000040080418        0x4 zephyr/libzephyr.a(flash_ops.c.obj)
 .iram1.10.literal
                0x000000004008041c        0x4 zephyr/libzephyr.a(flash_ops.c.obj)
                                          0xc (size before relaxing)
 .iram1.5.literal
                0x0000000040080420        0x8 zephyr/libzephyr.a(esp_flash_api.c.obj)
 .iram1.6.literal
                0x0000000040080428        0x4 zephyr/libzephyr.a(esp_flash_api.c.obj)
 .iram1.10.literal
                0x000000004008042c        0x0 zephyr/libzephyr.a(esp_flash_api.c.obj)
                                          0x8 (size before relaxing)
 .iram1.12.literal
                0x000000004008042c       0x10 zephyr/libzephyr.a(esp_flash_api.c.obj)
                                         0x18 (size before relaxing)
 .iram1.13.literal
                0x000000004008043c        0x4 zephyr/libzephyr.a(esp_flash_api.c.obj)
                                          0x8 (size before relaxing)
 .iram1.9.literal
                0x0000000040080440       0x18 zephyr/libzephyr.a(esp_flash_api.c.obj)
                                         0x50 (size before relaxing)
 .iram1.21.literal
                0x0000000040080458        0xc zephyr/libzephyr.a(esp_flash_api.c.obj)
                                         0x14 (size before relaxing)
 .iram1.3.literal
                0x0000000040080464        0x4 zephyr/libzephyr.a(cache_esp32.c.obj)
 .iram1.1.literal
                0x0000000040080468        0x4 zephyr/libzephyr.a(flash_mmap.c.obj)
                                         0x10 (size before relaxing)
 .iram1.8.literal
                0x000000004008046c        0x4 zephyr/libzephyr.a(spi_flash_os_func_noos.c.obj)
 .iram1.7.literal
                0x0000000040080470        0x4 zephyr/libzephyr.a(spi_flash_os_func_noos.c.obj)
                                          0x8 (size before relaxing)
 .iram1.6.literal
                0x0000000040080474        0x4 zephyr/libzephyr.a(spi_flash_os_func_noos.c.obj)
                                          0x8 (size before relaxing)
 .iram1.1.literal
                0x0000000040080478        0x4 zephyr/libzephyr.a(esp_rom_sys.c.obj)
 .iram1.7.literal
                0x000000004008047c       0x28 zephyr/libzephyr.a(bootloader_flash.c.obj)
                                         0x2c (size before relaxing)
 .iram1.8.literal
                0x00000000400804a4        0x0 zephyr/libzephyr.a(bootloader_flash.c.obj)
                                          0x4 (size before relaxing)
 .iram1.6.literal
                0x00000000400804a4        0x0 zephyr/libzephyr.a(bootloader_flash.c.obj)
                                         0x3c (size before relaxing)
 .iram1.9.literal
                0x00000000400804a4        0x0 zephyr/libzephyr.a(bootloader_flash.c.obj)
                                          0x8 (size before relaxing)
 .iram1.10.literal
                0x00000000400804a4        0x0 zephyr/libzephyr.a(bootloader_flash.c.obj)
                                          0x4 (size before relaxing)
 .iram1.12.literal
                0x00000000400804a4        0xc zephyr/libzephyr.a(bootloader_flash.c.obj)
                                         0x48 (size before relaxing)
 .iram1.6.literal
                0x00000000400804b0       0x10 zephyr/libzephyr.a(bootloader_flash_config_esp32.c.obj)
 .iram1.8.literal
                0x00000000400804c0       0x30 zephyr/libzephyr.a(bootloader_flash_config_esp32.c.obj)
                                         0x54 (size before relaxing)
 .iram1.9.literal
                0x00000000400804f0        0x8 zephyr/libzephyr.a(bootloader_flash_config_esp32.c.obj)
                                         0x10 (size before relaxing)
 .iram1.0.literal
                0x00000000400804f8        0x4 zephyr/libzephyr.a(bootloader_efuse.c.obj)
 .iram1.2.literal
                0x00000000400804fc        0x8 zephyr/libzephyr.a(esp_clk.c.obj)
                                          0xc (size before relaxing)
 .iram1.6.literal
                0x0000000040080504        0xc zephyr/libzephyr.a(rtc_module.c.obj)
                                         0x10 (size before relaxing)
 .iram1.7.literal
                0x0000000040080510        0x0 zephyr/libzephyr.a(rtc_module.c.obj)
                                          0xc (size before relaxing)
 .iram1.1.literal
                0x0000000040080510        0x4 zephyr/libzephyr.a(esp_mmu_map.c.obj)
 .iram1.2.literal
                0x0000000040080514        0xc zephyr/libzephyr.a(esp_rom_uart.c.obj)
 .iram1.3.literal
                0x0000000040080520        0x4 zephyr/libzephyr.a(esp_rom_uart.c.obj)
                                         0x10 (size before relaxing)
 .iram1.0.literal
                0x0000000040080524        0x0 zephyr/libzephyr.a(efuse_hal.c.obj)
                                          0x8 (size before relaxing)
 .iram1.0.literal
                0x0000000040080524        0x8 zephyr/libzephyr.a(efuse_hal.c.obj)
                                          0xc (size before relaxing)
 .iram1.1.literal
                0x000000004008052c        0x0 zephyr/libzephyr.a(efuse_hal.c.obj)
                                          0x4 (size before relaxing)
 .iram1.4.literal
                0x000000004008052c       0x14 zephyr/libzephyr.a(cache_utils.c.obj)
                                         0x20 (size before relaxing)
 .iram1.5.literal
                0x0000000040080540        0x0 zephyr/libzephyr.a(cache_utils.c.obj)
                                         0x1c (size before relaxing)
 .iram1.literal
                0x0000000040080540        0x0 zephyr/arch/arch/xtensa/core/libarch__xtensa__core.a(debug_helpers_asm.S.obj)
                                          0x4 (size before relaxing)
 .iram1.1.literal
                0x0000000040080540        0x0 zephyr/drivers/interrupt_controller/libdrivers__interrupt_controller.a(intc_esp32.c.obj)
                                          0x8 (size before relaxing)
 .iram1.0.literal
                0x0000000040080540        0x4 zephyr/drivers/interrupt_controller/libdrivers__interrupt_controller.a(intc_esp32.c.obj)
                                          0x8 (size before relaxing)
 .iram1.4.literal
                0x0000000040080544        0x4 zephyr/drivers/interrupt_controller/libdrivers__interrupt_controller.a(intc_esp32.c.obj)
                                         0x18 (size before relaxing)
 .iram1.5.literal
                0x0000000040080548        0xc zephyr/drivers/interrupt_controller/libdrivers__interrupt_controller.a(intc_esp32.c.obj)
                                         0x20 (size before relaxing)
 .iram1.6.literal
                0x0000000040080554        0x0 zephyr/drivers/interrupt_controller/libdrivers__interrupt_controller.a(intc_esp32.c.obj)
                                         0x18 (size before relaxing)
 .iram1.1.literal
                0x0000000040080554        0x8 zephyr/drivers/gpio/libdrivers__gpio.a(gpio_esp32.c.obj)
                                         0x10 (size before relaxing)
 .literal.arch_cpu_idle
                0x000000004008055c        0x0 zephyr/arch/arch/xtensa/core/libarch__xtensa__core.a(cpu_idle.c.obj)
                                          0x4 (size before relaxing)
 .literal.xtensa_fatal_error
                0x000000004008055c        0x0 zephyr/arch/arch/xtensa/core/libarch__xtensa__core.a(fatal.c.obj)
                                          0xc (size before relaxing)
 .literal       0x000000004008055c        0x4 zephyr/arch/arch/xtensa/core/libarch__xtensa__core.a(xtensa_asm2_util.S.obj)
                                          0x8 (size before relaxing)
 .literal.z_irq_spurious
                0x0000000040080560        0x0 zephyr/arch/arch/xtensa/core/libarch__xtensa__core.a(irq_manage.c.obj)
                                          0x4 (size before relaxing)
 .literal.arch_new_thread
                0x0000000040080560        0xc zephyr/arch/arch/xtensa/core/libarch__xtensa__core.a(thread.c.obj)
 .literal.return_to
                0x000000004008056c        0x0 zephyr/arch/arch/xtensa/core/libarch__xtensa__core.a(vector_handlers.c.obj)
                                          0x8 (size before relaxing)
 .literal.xtensa_is_outside_stack_bounds
                0x000000004008056c        0x4 zephyr/arch/arch/xtensa/core/libarch__xtensa__core.a(vector_handlers.c.obj)
                                          0x8 (size before relaxing)
 .literal.xtensa_is_frame_pointer_valid
                0x0000000040080570        0x0 zephyr/arch/arch/xtensa/core/libarch__xtensa__core.a(vector_handlers.c.obj)
                                          0x8 (size before relaxing)
 .literal.xtensa_dump_stack
                0x0000000040080570        0x0 zephyr/arch/arch/xtensa/core/libarch__xtensa__core.a(vector_handlers.c.obj)
                                          0x4 (size before relaxing)
 .literal.xtensa_int2_c
                0x0000000040080570        0x4 zephyr/arch/arch/xtensa/core/libarch__xtensa__core.a(vector_handlers.c.obj)
                                          0x8 (size before relaxing)
 .literal.xtensa_int3_c
                0x0000000040080574        0x4 zephyr/arch/arch/xtensa/core/libarch__xtensa__core.a(vector_handlers.c.obj)
                                          0xc (size before relaxing)
 .literal.xtensa_int4_c
                0x0000000040080578        0x0 zephyr/arch/arch/xtensa/core/libarch__xtensa__core.a(vector_handlers.c.obj)
                                          0x8 (size before relaxing)
 .literal.xtensa_int5_c
                0x0000000040080578        0x0 zephyr/arch/arch/xtensa/core/libarch__xtensa__core.a(vector_handlers.c.obj)
                                          0x8 (size before relaxing)
 .literal.xtensa_int6_c
                0x0000000040080578        0x0 zephyr/arch/arch/xtensa/core/libarch__xtensa__core.a(vector_handlers.c.obj)
                                          0x4 (size before relaxing)
 .literal.xtensa_int7_c
                0x0000000040080578        0x0 zephyr/arch/arch/xtensa/core/libarch__xtensa__core.a(vector_handlers.c.obj)
                                          0x8 (size before relaxing)
 .literal.xtensa_excint1_c
                0x0000000040080578        0x8 zephyr/arch/arch/xtensa/core/libarch__xtensa__core.a(vector_handlers.c.obj)
                                         0x28 (size before relaxing)
 .literal.xtensa_cpu_process_stack_pc
                0x0000000040080580        0xc zephyr/arch/arch/xtensa/core/libarch__xtensa__core.a(xtensa_backtrace.c.obj)
 .literal.xtensa_ptr_executable
                0x000000004008058c       0x1c zephyr/arch/arch/xtensa/core/libarch__xtensa__core.a(xtensa_backtrace.c.obj)
 .literal.xtensa_stack_ptr_is_sane
                0x00000000400805a8        0x8 zephyr/arch/arch/xtensa/core/libarch__xtensa__core.a(xtensa_backtrace.c.obj)
                                          0xc (size before relaxing)
 .literal.xtensa_backtrace_get_next_frame
                0x00000000400805b0        0x0 zephyr/arch/arch/xtensa/core/libarch__xtensa__core.a(xtensa_backtrace.c.obj)
                                         0x10 (size before relaxing)
 .literal.xtensa_backtrace_print
                0x00000000400805b0       0x14 zephyr/arch/arch/xtensa/core/libarch__xtensa__core.a(xtensa_backtrace.c.obj)
                                         0x54 (size before relaxing)
 .literal.k_sys_fatal_error_handler
                0x00000000400805c4        0x0 zephyr/kernel/libkernel.a(fatal.c.obj)
                                          0x8 (size before relaxing)
 .literal.z_fatal_error
                0x00000000400805c4        0x0 zephyr/kernel/libkernel.a(fatal.c.obj)
                                          0xc (size before relaxing)
 .literal.z_sys_init_run_level
                0x00000000400805c4        0x4 zephyr/kernel/libkernel.a(init.c.obj)
                                          0x8 (size before relaxing)
 .literal.bg_thread_main
                0x00000000400805c8       0x10 zephyr/kernel/libkernel.a(init.c.obj)
                                         0x3c (size before relaxing)
 .literal.z_early_memset
                0x00000000400805d8        0x0 zephyr/kernel/libkernel.a(init.c.obj)
                                          0x4 (size before relaxing)
 .literal.z_bss_zero
                0x00000000400805d8        0x8 zephyr/kernel/libkernel.a(init.c.obj)
                                          0xc (size before relaxing)
 .literal.z_init_cpu
                0x00000000400805e0        0xc zephyr/kernel/libkernel.a(init.c.obj)
                                         0x18 (size before relaxing)
 .literal.z_cstart
                0x00000000400805ec       0x10 zephyr/kernel/libkernel.a(init.c.obj)
                                         0x4c (size before relaxing)
 .literal.k_heap_init
                0x00000000400805fc        0x0 zephyr/kernel/libkernel.a(kheap.c.obj)
                                          0x4 (size before relaxing)
 .literal.statics_init
                0x00000000400805fc        0x8 zephyr/kernel/libkernel.a(kheap.c.obj)
                                          0xc (size before relaxing)
 .literal.k_heap_aligned_alloc
                0x0000000040080604        0x0 zephyr/kernel/libkernel.a(kheap.c.obj)
                                         0x10 (size before relaxing)
 .literal.k_heap_free
                0x0000000040080604        0x0 zephyr/kernel/libkernel.a(kheap.c.obj)
                                          0xc (size before relaxing)
 .literal.idle  0x0000000040080604        0x0 zephyr/kernel/libkernel.a(idle.c.obj)
                                          0x4 (size before relaxing)
 .literal.z_impl_k_sem_give
                0x0000000040080604        0x4 zephyr/kernel/libkernel.a(sem.c.obj)
                                         0x10 (size before relaxing)
 .literal.z_impl_k_sem_take
                0x0000000040080608        0x0 zephyr/kernel/libkernel.a(sem.c.obj)
                                          0x8 (size before relaxing)
 .literal.notify_queue_locked$isra$0
                0x0000000040080608        0x0 zephyr/kernel/libkernel.a(work.c.obj)
                                          0x4 (size before relaxing)
 .literal.work_queue_main
                0x0000000040080608        0x8 zephyr/kernel/libkernel.a(work.c.obj)
                                         0x20 (size before relaxing)
 .literal.submit_to_queue_locked
                0x0000000040080610        0x0 zephyr/kernel/libkernel.a(work.c.obj)
                                          0xc (size before relaxing)
 .literal.z_work_submit_to_queue
                0x0000000040080610        0x0 zephyr/kernel/libkernel.a(work.c.obj)
                                          0x4 (size before relaxing)
 .literal.k_work_submit_to_queue
                0x0000000040080610        0x0 zephyr/kernel/libkernel.a(work.c.obj)
                                          0x8 (size before relaxing)
 .literal.k_work_submit
                0x0000000040080610        0x4 zephyr/kernel/libkernel.a(work.c.obj)
                                          0x8 (size before relaxing)
 .literal.k_work_queue_start
                0x0000000040080614        0x4 zephyr/kernel/libkernel.a(work.c.obj)
                                         0x10 (size before relaxing)
 .literal.z_impl_k_thread_start
                0x0000000040080618        0x0 zephyr/kernel/libkernel.a(thread.c.obj)
                                          0x4 (size before relaxing)
 .literal.z_setup_new_thread
                0x0000000040080618        0x0 zephyr/kernel/libkernel.a(thread.c.obj)
                                          0x8 (size before relaxing)
 .literal.z_impl_k_thread_create
                0x0000000040080618        0x0 zephyr/kernel/libkernel.a(thread.c.obj)
                                         0x10 (size before relaxing)
 .literal.unpend_thread_no_timeout
                0x0000000040080618        0x0 zephyr/kernel/libkernel.a(sched.c.obj)
                                          0x4 (size before relaxing)
 .literal.update_cache
                0x0000000040080618        0x4 zephyr/kernel/libkernel.a(sched.c.obj)
                                          0xc (size before relaxing)
 .literal.unready_thread
                0x000000004008061c        0x0 zephyr/kernel/libkernel.a(sched.c.obj)
                                          0xc (size before relaxing)
 .literal.z_swap
                0x000000004008061c        0x4 zephyr/kernel/libkernel.a(sched.c.obj)
                                         0x10 (size before relaxing)
 .literal.ready_thread
                0x0000000040080620        0x0 zephyr/kernel/libkernel.a(sched.c.obj)
                                          0xc (size before relaxing)
 .literal.z_thread_halt
                0x0000000040080620        0x0 zephyr/kernel/libkernel.a(sched.c.obj)
                                         0x34 (size before relaxing)
 .literal.add_to_waitq_locked
                0x0000000040080620        0x0 zephyr/kernel/libkernel.a(sched.c.obj)
                                          0x4 (size before relaxing)
 .literal.move_thread_to_end_of_prio_q
                0x0000000040080620        0x0 zephyr/kernel/libkernel.a(sched.c.obj)
                                         0x10 (size before relaxing)
 .literal.z_ready_thread
                0x0000000040080620        0x0 zephyr/kernel/libkernel.a(sched.c.obj)
                                          0x4 (size before relaxing)
 .literal.z_impl_k_thread_suspend
                0x0000000040080620        0x0 zephyr/kernel/libkernel.a(sched.c.obj)
                                          0x8 (size before relaxing)
 .literal.z_unpend_thread_no_timeout
                0x0000000040080620        0x0 zephyr/kernel/libkernel.a(sched.c.obj)
                                          0x4 (size before relaxing)
 .literal.z_sched_wake_thread
                0x0000000040080620        0x0 zephyr/kernel/libkernel.a(sched.c.obj)
                                          0x8 (size before relaxing)
 .literal.z_thread_timeout
                0x0000000040080620        0x0 zephyr/kernel/libkernel.a(sched.c.obj)
                                          0x4 (size before relaxing)
 .literal.z_pend_curr
                0x0000000040080620        0x0 zephyr/kernel/libkernel.a(sched.c.obj)
                                         0x18 (size before relaxing)
 .literal.z_unpend1_no_timeout
                0x0000000040080620        0x0 zephyr/kernel/libkernel.a(sched.c.obj)
                                          0x4 (size before relaxing)
 .literal.z_unpend_first_thread
                0x0000000040080620        0x0 zephyr/kernel/libkernel.a(sched.c.obj)
                                          0x8 (size before relaxing)
 .literal.z_unpend_thread
                0x0000000040080620        0x0 zephyr/kernel/libkernel.a(sched.c.obj)
                                          0x8 (size before relaxing)
 .literal.z_reschedule
                0x0000000040080620        0x0 zephyr/kernel/libkernel.a(sched.c.obj)
                                          0x8 (size before relaxing)
 .literal.z_sched_start
                0x0000000040080620        0x0 zephyr/kernel/libkernel.a(sched.c.obj)
                                          0xc (size before relaxing)
 .literal.z_reschedule_irqlock
                0x0000000040080620        0x0 zephyr/kernel/libkernel.a(sched.c.obj)
                                          0xc (size before relaxing)
 .literal.k_sched_lock
                0x0000000040080620        0x0 zephyr/kernel/libkernel.a(sched.c.obj)
                                          0x4 (size before relaxing)
 .literal.k_sched_unlock
                0x0000000040080620        0x0 zephyr/kernel/libkernel.a(sched.c.obj)
                                          0xc (size before relaxing)
 .literal.z_swap_next_thread
                0x0000000040080620        0x0 zephyr/kernel/libkernel.a(sched.c.obj)
                                          0x4 (size before relaxing)
 .literal.z_get_next_switch_handle
                0x0000000040080620        0x0 zephyr/kernel/libkernel.a(sched.c.obj)
                                          0x4 (size before relaxing)
 .literal.z_unpend_all
                0x0000000040080620        0x0 zephyr/kernel/libkernel.a(sched.c.obj)
                                          0x8 (size before relaxing)
 .literal.z_sched_init
                0x0000000040080620        0x0 zephyr/kernel/libkernel.a(sched.c.obj)
                                          0x8 (size before relaxing)
 .literal.z_impl_k_yield
                0x0000000040080620        0x0 zephyr/kernel/libkernel.a(sched.c.obj)
                                         0x18 (size before relaxing)
 .literal.z_tick_sleep
                0x0000000040080620        0x0 zephyr/kernel/libkernel.a(sched.c.obj)
                                         0x24 (size before relaxing)
 .literal.z_impl_k_sleep
                0x0000000040080620        0x4 zephyr/kernel/libkernel.a(sched.c.obj)
                                         0x10 (size before relaxing)
 .literal.z_impl_k_sched_current_thread_query
                0x0000000040080624        0x0 zephyr/kernel/libkernel.a(sched.c.obj)
                                          0x4 (size before relaxing)
 .literal.z_thread_abort
                0x0000000040080624        0x0 zephyr/kernel/libkernel.a(sched.c.obj)
                                          0x8 (size before relaxing)
 .literal.z_impl_k_thread_abort
                0x0000000040080624        0x0 zephyr/kernel/libkernel.a(sched.c.obj)
                                          0x4 (size before relaxing)
 .literal.z_sched_wake
                0x0000000040080624        0x0 zephyr/kernel/libkernel.a(sched.c.obj)
                                          0xc (size before relaxing)
 .literal.z_sched_wait
                0x0000000040080624        0x0 zephyr/kernel/libkernel.a(sched.c.obj)
                                          0x8 (size before relaxing)
 .literal.slice_timeout
                0x0000000040080624        0xc zephyr/kernel/libkernel.a(timeslicing.c.obj)
 .literal.thread_is_sliceable
                0x0000000040080630        0x8 zephyr/kernel/libkernel.a(timeslicing.c.obj)
                                          0xc (size before relaxing)
 .literal.z_reset_time_slice
                0x0000000040080638        0x4 zephyr/kernel/libkernel.a(timeslicing.c.obj)
                                         0x20 (size before relaxing)
 .literal.z_time_slice
                0x000000004008063c        0x0 zephyr/kernel/libkernel.a(timeslicing.c.obj)
                                         0x14 (size before relaxing)
 .literal.elapsed
                0x000000004008063c        0x4 zephyr/kernel/libkernel.a(timeout.c.obj)
                                          0x8 (size before relaxing)
 .literal.remove_timeout
                0x0000000040080640        0x4 zephyr/kernel/libkernel.a(timeout.c.obj)
 .literal.next_timeout
                0x0000000040080644        0x4 zephyr/kernel/libkernel.a(timeout.c.obj)
                                         0x10 (size before relaxing)
 .literal.z_add_timeout
                0x0000000040080648        0x4 zephyr/kernel/libkernel.a(timeout.c.obj)
                                         0x18 (size before relaxing)
 .literal.z_abort_timeout
                0x000000004008064c        0x0 zephyr/kernel/libkernel.a(timeout.c.obj)
                                          0x4 (size before relaxing)
 .literal.sys_clock_announce
                0x000000004008064c        0x0 zephyr/kernel/libkernel.a(timeout.c.obj)
                                         0x1c (size before relaxing)
 .literal.sys_clock_tick_get
                0x000000004008064c        0x0 zephyr/kernel/libkernel.a(timeout.c.obj)
                                          0x8 (size before relaxing)
 .literal.sys_clock_tick_get_32
                0x000000004008064c        0x0 zephyr/kernel/libkernel.a(timeout.c.obj)
                                          0x4 (size before relaxing)
 .literal.z_impl_k_uptime_ticks
                0x000000004008064c        0x0 zephyr/kernel/libkernel.a(timeout.c.obj)
                                          0x4 (size before relaxing)
 .literal.sys_timepoint_calc
                0x000000004008064c        0x0 zephyr/kernel/libkernel.a(timeout.c.obj)
                                          0x4 (size before relaxing)
 .literal.sys_timepoint_timeout
                0x000000004008064c        0x0 zephyr/kernel/libkernel.a(timeout.c.obj)
                                          0x4 (size before relaxing)
 .literal.z_timer_expiration_handler
                0x000000004008064c        0x4 zephyr/kernel/libkernel.a(timer.c.obj)
                                         0x18 (size before relaxing)
 .literal.z_impl_k_timer_start
                0x0000000040080650        0x0 zephyr/kernel/libkernel.a(timer.c.obj)
                                          0xc (size before relaxing)
 .literal.z_impl_k_timer_stop
                0x0000000040080650        0x0 zephyr/kernel/libkernel.a(timer.c.obj)
                                         0x10 (size before relaxing)
 .literal.z_heap_aligned_alloc
                0x0000000040080650        0x0 zephyr/kernel/libkernel.a(mempool.c.obj)
                                          0x4 (size before relaxing)
 .literal.k_free
                0x0000000040080650        0x0 zephyr/kernel/libkernel.a(mempool.c.obj)
                                          0x4 (size before relaxing)
 .literal.k_aligned_alloc
                0x0000000040080650        0x4 zephyr/kernel/libkernel.a(mempool.c.obj)
                                          0x8 (size before relaxing)
 .literal.k_malloc
                0x0000000040080654        0x0 zephyr/kernel/libkernel.a(mempool.c.obj)
                                          0x4 (size before relaxing)
 .literal.k_thread_system_pool_assign
                0x0000000040080654        0x0 zephyr/kernel/libkernel.a(mempool.c.obj)
                                          0x4 (size before relaxing)
 .literal.boot_banner
                0x0000000040080654        0x4 zephyr/kernel/libkernel.a(banner.c.obj)
                                          0x8 (size before relaxing)
 .literal.k_sys_work_q_init
                0x0000000040080658        0x8 zephyr/kernel/libkernel.a(system_work_q.c.obj)
                                         0x10 (size before relaxing)
 .literal       0x0000000040080660        0x4 zephyr/libzephyr.a(windowspill_asm.S.obj)
 .literal.printk
                0x0000000040080664        0x0 zephyr/libzephyr.a(printk.c.obj)
                                          0x4 (size before relaxing)
 .literal.esp_log_early_timestamp
                0x0000000040080664        0x4 zephyr/libzephyr.a(log_noos.c.obj)
 .literal.activate_foreach_backend
                0x0000000040080668        0x4 zephyr/libzephyr.a(log_core.c.obj)
                                          0x8 (size before relaxing)
 .literal.enable_logger
                0x000000004008066c       0x18 zephyr/libzephyr.a(log_core.c.obj)
                                         0x24 (size before relaxing)
 .literal.default_lf_get_timestamp
                0x0000000040080684        0x0 zephyr/libzephyr.a(log_core.c.obj)
                                          0x8 (size before relaxing)
 .literal.log_process_thread_timer_expiry_fn
                0x0000000040080684        0x4 zephyr/libzephyr.a(log_core.c.obj)
                                          0x8 (size before relaxing)
 .literal.z_log_init
                0x0000000040080688        0x8 zephyr/libzephyr.a(log_core.c.obj)
                                         0x1c (size before relaxing)
 .literal.log_format_func_t_get
                0x0000000040080690        0x4 zephyr/libzephyr.a(log_core.c.obj)
 .literal.z_log_vprintk
                0x0000000040080694        0x0 zephyr/libzephyr.a(log_core.c.obj)
                                          0x4 (size before relaxing)
 .literal.log_set_timestamp_func
                0x0000000040080694        0x4 zephyr/libzephyr.a(log_core.c.obj)
                                          0x8 (size before relaxing)
 .literal.z_log_notify_backend_enabled
                0x0000000040080698        0x4 zephyr/libzephyr.a(log_core.c.obj)
                                          0xc (size before relaxing)
 .literal.z_log_dropped
                0x000000004008069c        0x8 zephyr/libzephyr.a(log_core.c.obj)
                                          0xc (size before relaxing)
 .literal.z_log_notify_drop
                0x00000000400806a4        0x0 zephyr/libzephyr.a(log_core.c.obj)
                                          0x4 (size before relaxing)
 .literal.z_log_dropped_read_and_clear
                0x00000000400806a4        0x0 zephyr/libzephyr.a(log_core.c.obj)
                                          0x4 (size before relaxing)
 .literal.dropped_notify
                0x00000000400806a4        0x0 zephyr/libzephyr.a(log_core.c.obj)
                                          0xc (size before relaxing)
 .literal.z_log_msg_init
                0x00000000400806a4        0xc zephyr/libzephyr.a(log_core.c.obj)
                                         0x10 (size before relaxing)
 .literal.log_core_init
                0x00000000400806b0        0x8 zephyr/libzephyr.a(log_core.c.obj)
                                         0x18 (size before relaxing)
 .literal.z_log_msg_alloc
                0x00000000400806b8        0x0 zephyr/libzephyr.a(log_core.c.obj)
                                          0x8 (size before relaxing)
 .literal.z_log_msg_local_claim
                0x00000000400806b8        0x0 zephyr/libzephyr.a(log_core.c.obj)
                                          0x8 (size before relaxing)
 .literal.z_log_msg_free
                0x00000000400806b8        0x0 zephyr/libzephyr.a(log_core.c.obj)
                                          0x8 (size before relaxing)
 .literal.z_log_msg_pending
                0x00000000400806b8        0x0 zephyr/libzephyr.a(log_core.c.obj)
                                          0x8 (size before relaxing)
 .literal.z_impl_log_process
                0x00000000400806b8        0x4 zephyr/libzephyr.a(log_core.c.obj)
                                         0x30 (size before relaxing)
 .literal.z_impl_log_panic
                0x00000000400806bc        0x0 zephyr/libzephyr.a(log_core.c.obj)
                                         0x14 (size before relaxing)
 .literal.log_process_thread_func
                0x00000000400806bc        0x4 zephyr/libzephyr.a(log_core.c.obj)
                                         0x2c (size before relaxing)
 .literal.z_log_msg_post_finalize
                0x00000000400806c0        0x0 zephyr/libzephyr.a(log_core.c.obj)
                                         0x28 (size before relaxing)
 .literal.z_log_msg_commit
                0x00000000400806c0        0x0 zephyr/libzephyr.a(log_core.c.obj)
                                         0x10 (size before relaxing)
 .literal.z_log_msg_finalize
                0x00000000400806c0        0x0 zephyr/libzephyr.a(log_msg.c.obj)
                                          0xc (size before relaxing)
 .literal.z_log_msg_simple_create
                0x00000000400806c0        0x4 zephyr/libzephyr.a(log_msg.c.obj)
                                         0x10 (size before relaxing)
 .literal.z_impl_z_log_msg_simple_create_0
                0x00000000400806c4        0x0 zephyr/libzephyr.a(log_msg.c.obj)
                                          0x4 (size before relaxing)
 .literal.z_log_msg_runtime_vcreate
                0x00000000400806c4        0x0 zephyr/libzephyr.a(log_msg.c.obj)
                                         0x10 (size before relaxing)
 .literal.log_msg_get_source_id
                0x00000000400806c4        0x4 zephyr/libzephyr.a(log_msg.c.obj)
 .literal.print_formatted
                0x00000000400806c8        0x4 zephyr/libzephyr.a(log_output.c.obj)
                                          0x8 (size before relaxing)
 .literal.newline_print
                0x00000000400806cc        0x8 zephyr/libzephyr.a(log_output.c.obj)
                                          0xc (size before relaxing)
 .literal.log_output_flush
                0x00000000400806d4        0x0 zephyr/libzephyr.a(log_output.c.obj)
                                          0x4 (size before relaxing)
 .literal.out_func
                0x00000000400806d4        0x0 zephyr/libzephyr.a(log_output.c.obj)
                                          0x4 (size before relaxing)
 .literal.cr_out_func
                0x00000000400806d4        0x0 zephyr/libzephyr.a(log_output.c.obj)
                                          0x8 (size before relaxing)
 .literal.log_output_process
                0x00000000400806d4       0x54 zephyr/libzephyr.a(log_output.c.obj)
                                         0xb4 (size before relaxing)
 .literal.log_output_msg_process
                0x0000000040080728        0x0 zephyr/libzephyr.a(log_output.c.obj)
                                          0xc (size before relaxing)
 .literal.log_output_dropped_process
                0x0000000040080728       0x10 zephyr/libzephyr.a(log_output.c.obj)
                                         0x20 (size before relaxing)
 .literal.log_output_timestamp_freq_set
                0x0000000040080738        0x0 zephyr/libzephyr.a(log_output.c.obj)
                                          0xc (size before relaxing)
 .literal.panic
                0x0000000040080738        0x0 zephyr/libzephyr.a(log_backend_uart.c.obj)
                                          0x4 (size before relaxing)
 .literal.dropped
                0x0000000040080738        0x0 zephyr/libzephyr.a(log_backend_uart.c.obj)
                                          0x4 (size before relaxing)
 .literal.process
                0x0000000040080738        0x0 zephyr/libzephyr.a(log_backend_uart.c.obj)
                                          0x4 (size before relaxing)
 .literal.char_out
                0x0000000040080738        0x4 zephyr/libzephyr.a(log_backend_uart.c.obj)
 .literal.cache_ll_l1_enable_bus$part$0
                0x000000004008073c        0x0 zephyr/libzephyr.a(loader.c.obj)
                                          0x4 (size before relaxing)
 .literal.cache_ll_l1_get_bus$constprop$0
                0x000000004008073c       0x18 zephyr/libzephyr.a(loader.c.obj)
 .literal.map_rom_segments
                0x0000000040080754       0x54 zephyr/libzephyr.a(loader.c.obj)
                                         0xb4 (size before relaxing)
 .literal.__start
                0x00000000400807a8       0x14 zephyr/libzephyr.a(loader.c.obj)
                                         0x38 (size before relaxing)
 .literal.rtc_init
                0x00000000400807bc       0x90 zephyr/libzephyr.a(rtc_init.c.obj)
                                         0xa4 (size before relaxing)
 .literal.rtc_vddsdio_get_config
                0x000000004008084c        0x8 zephyr/libzephyr.a(rtc_init.c.obj)
                                          0xc (size before relaxing)
 .literal.rtc_vddsdio_set_config
                0x0000000040080854        0x0 zephyr/libzephyr.a(rtc_init.c.obj)
                                          0x4 (size before relaxing)
 .literal.rtc_clk_32k_enable_common
                0x0000000040080854        0xc zephyr/libzephyr.a(rtc_clk.c.obj)
 .literal.rtc_clk_cpu_freq_to_pll_mhz
                0x0000000040080860       0x18 zephyr/libzephyr.a(rtc_clk.c.obj)
                                         0x30 (size before relaxing)
 .literal.rtc_clk_bbpll_disable
                0x0000000040080878        0x4 zephyr/libzephyr.a(rtc_clk.c.obj)
                                          0xc (size before relaxing)
 .literal.rtc_clk_32k_enable
                0x000000004008087c        0x4 zephyr/libzephyr.a(rtc_clk.c.obj)
                                         0x10 (size before relaxing)
 .literal.rtc_clk_32k_enable_external
                0x0000000040080880        0x0 zephyr/libzephyr.a(rtc_clk.c.obj)
                                          0x4 (size before relaxing)
 .literal.rtc_clk_8m_enable
                0x0000000040080880        0x0 zephyr/libzephyr.a(rtc_clk.c.obj)
                                         0x10 (size before relaxing)
 .literal.rtc_clk_8m_enabled
                0x0000000040080880        0x0 zephyr/libzephyr.a(rtc_clk.c.obj)
                                          0x4 (size before relaxing)
 .literal.rtc_clk_8md256_enabled
                0x0000000040080880        0x0 zephyr/libzephyr.a(rtc_clk.c.obj)
                                          0x4 (size before relaxing)
 .literal.rtc_clk_slow_src_set
                0x0000000040080880        0x0 zephyr/libzephyr.a(rtc_clk.c.obj)
                                         0x10 (size before relaxing)
 .literal.rtc_clk_slow_src_get
                0x0000000040080880        0x0 zephyr/libzephyr.a(rtc_clk.c.obj)
                                          0x4 (size before relaxing)
 .literal.rtc_clk_fast_src_set
                0x0000000040080880        0x0 zephyr/libzephyr.a(rtc_clk.c.obj)
                                         0x10 (size before relaxing)
 .literal.rtc_clk_fast_src_get
                0x0000000040080880        0x0 zephyr/libzephyr.a(rtc_clk.c.obj)
                                          0x4 (size before relaxing)
 .literal.rtc_clk_xtal_freq_get
                0x0000000040080880        0x8 zephyr/libzephyr.a(rtc_clk.c.obj)
 .literal.rtc_clk_cpu_freq_mhz_to_config
                0x0000000040080888        0x0 zephyr/libzephyr.a(rtc_clk.c.obj)
                                          0x4 (size before relaxing)
 .literal.rtc_clk_cpu_freq_get_config
                0x0000000040080888        0xc zephyr/libzephyr.a(rtc_clk.c.obj)
                                         0x24 (size before relaxing)
 .literal.rtc_clk_xtal_freq_update
                0x0000000040080894        0x4 zephyr/libzephyr.a(rtc_clk.c.obj)
                                          0x8 (size before relaxing)
 .literal.rtc_clk_apb_freq_update
                0x0000000040080898        0x0 zephyr/libzephyr.a(rtc_clk.c.obj)
                                          0x4 (size before relaxing)
 .literal.rtc_clk_cpu_freq_to_xtal
                0x0000000040080898        0x4 zephyr/libzephyr.a(rtc_clk.c.obj)
                                         0x24 (size before relaxing)
 .literal.rtc_clk_cpu_freq_set_config
                0x000000004008089c       0x28 zephyr/libzephyr.a(rtc_clk.c.obj)
                                         0xb8 (size before relaxing)
 .literal.rtc_clk_apb_freq_get
                0x00000000400808c4        0xc zephyr/libzephyr.a(rtc_clk.c.obj)
                                         0x14 (size before relaxing)
 .literal.rtc_clk_xtal_freq_estimate
                0x00000000400808d0       0x18 zephyr/libzephyr.a(rtc_clk_init.c.obj)
                                         0x48 (size before relaxing)
 .literal.rtc_clk_init
                0x00000000400808e8       0x1c zephyr/libzephyr.a(rtc_clk_init.c.obj)
                                         0x98 (size before relaxing)
 .literal.rtc_clk_cal_internal
                0x0000000040080904       0x28 zephyr/libzephyr.a(rtc_time.c.obj)
                                         0x5c (size before relaxing)
 .literal.rtc_clk_cal_ratio
                0x000000004008092c        0x0 zephyr/libzephyr.a(rtc_time.c.obj)
                                          0x8 (size before relaxing)
 .literal.rtc_clk_cal
                0x000000004008092c        0x0 zephyr/libzephyr.a(rtc_time.c.obj)
                                         0x14 (size before relaxing)
 .literal.rtc_clk_wait_for_slow_cycle
                0x000000004008092c        0xc zephyr/libzephyr.a(rtc_time.c.obj)
                                         0x30 (size before relaxing)
 .literal.rtc_clk_freq_cal
                0x0000000040080938        0x0 zephyr/libzephyr.a(rtc_time.c.obj)
                                          0x4 (size before relaxing)
 .literal.ccompare_isr
                0x0000000040080938        0x8 zephyr/drivers/timer/libdrivers__timer.a(xtensa_sys_timer.c.obj)
                                          0xc (size before relaxing)
 .literal.sys_clock_set_timeout
                0x0000000040080940        0xc zephyr/drivers/timer/libdrivers__timer.a(xtensa_sys_timer.c.obj)
                                         0x14 (size before relaxing)
 .literal.sys_clock_elapsed
                0x000000004008094c        0x0 zephyr/drivers/timer/libdrivers__timer.a(xtensa_sys_timer.c.obj)
                                          0x8 (size before relaxing)
 .literal.console_out
                0x000000004008094c        0x0 zephyr/drivers/console/libdrivers__console.a(uart_console.c.obj)
                                          0x4 (size before relaxing)
 .literal.z_impl_zephyr_fputc
                0x000000004008094c        0x4 zephyr/lib/libc/picolibc/liblib__libc__picolibc.a(libc-hooks.c.obj)
 .literal.picolibc_put
                0x0000000040080950        0x0 zephyr/lib/libc/picolibc/liblib__libc__picolibc.a(libc-hooks.c.obj)
                                          0x4 (size before relaxing)
 .literal.__stdout_hook_install
                0x0000000040080950        0x4 zephyr/lib/libc/picolibc/liblib__libc__picolibc.a(libc-hooks.c.obj)
                                          0x8 (size before relaxing)
 .literal.cbvprintf
                0x0000000040080954        0x4 zephyr/lib/libc/picolibc/liblib__libc__picolibc.a(libc-hooks.c.obj)
                                          0xc (size before relaxing)
 .literal.snprintf
                0x0000000040080958        0x4 /home/bava/zephyrproject/zephyr/zephyr-sdk-0.16.8/xtensa-espressif_esp32_zephyr-elf/bin/../lib/gcc/../../picolibc/xtensa-espressif_esp32_zephyr-elf/lib/libc.a(libc_tinystdio_snprintf.c.o)
                                          0xc (size before relaxing)
 .literal.__l_vfprintf
                0x000000004008095c       0x14 /home/bava/zephyrproject/zephyr/zephyr-sdk-0.16.8/xtensa-espressif_esp32_zephyr-elf/bin/../lib/gcc/../../picolibc/xtensa-espressif_esp32_zephyr-elf/lib/libc.a(libc_tinystdio_vflprintf.c.o)
                                         0x18 (size before relaxing)
 .literal.mmu_hal_unmap_all
                0x0000000040080970        0x4 zephyr/libzephyr.a(mmu_hal.c.obj)
 .literal.wdt_hal_write_protect_disable
                0x0000000040080974        0x4 zephyr/libzephyr.a(wdt_hal_iram.c.obj)
 .literal.wdt_hal_disable
                0x0000000040080978        0x0 zephyr/libzephyr.a(wdt_hal_iram.c.obj)
                                          0x4 (size before relaxing)
 .literal.wdt_hal_set_flashboot_en
                0x0000000040080978        0x0 zephyr/libzephyr.a(wdt_hal_iram.c.obj)
                                          0x4 (size before relaxing)
 .literal.spi_flash_ll_set_buffer_data
                0x0000000040080978        0x0 zephyr/libzephyr.a(spi_flash_hal_iram.c.obj)
                                          0x4 (size before relaxing)
 .literal.spi_flash_ll_get_buffer_data
                0x0000000040080978        0x0 zephyr/libzephyr.a(spi_flash_hal_iram.c.obj)
                                          0x8 (size before relaxing)
 .literal.spi_flash_hal_configure_host_io_mode
                0x0000000040080978        0x8 zephyr/libzephyr.a(spi_flash_hal_iram.c.obj)
                                         0x28 (size before relaxing)
 .literal.spi_flash_hal_common_command
                0x0000000040080980        0x0 zephyr/libzephyr.a(spi_flash_hal_iram.c.obj)
                                         0x18 (size before relaxing)
 .literal.spi_flash_hal_read
                0x0000000040080980        0x0 zephyr/libzephyr.a(spi_flash_hal_iram.c.obj)
                                          0xc (size before relaxing)
 .literal.spi_flash_hal_erase_sector
                0x0000000040080980        0x0 zephyr/libzephyr.a(spi_flash_hal_iram.c.obj)
                                          0x8 (size before relaxing)
 .literal.spi_flash_hal_erase_block
                0x0000000040080980        0x0 zephyr/libzephyr.a(spi_flash_hal_iram.c.obj)
                                          0x8 (size before relaxing)
 .literal.spi_flash_hal_program_page
                0x0000000040080980        0x0 zephyr/libzephyr.a(spi_flash_hal_iram.c.obj)
                                         0x10 (size before relaxing)
 .literal.spi_flash_hal_check_status
                0x0000000040080980        0x4 zephyr/libzephyr.a(spi_flash_hal_iram.c.obj)
                                          0x8 (size before relaxing)
 .literal.spi_flash_hal_resume
                0x0000000040080984        0x0 zephyr/libzephyr.a(spi_flash_hal_iram.c.obj)
                                          0x4 (size before relaxing)
 .literal.spi_flash_hal_suspend
                0x0000000040080984        0x0 zephyr/libzephyr.a(spi_flash_hal_iram.c.obj)
                                          0x4 (size before relaxing)
 .literal.spi_flash_encryption_hal_enable
                0x0000000040080984        0x4 zephyr/libzephyr.a(spi_flash_encrypt_hal_iram.c.obj)
 .literal.spi_flash_encryption_hal_disable
                0x0000000040080988        0x0 zephyr/libzephyr.a(spi_flash_encrypt_hal_iram.c.obj)
                                          0x4 (size before relaxing)
 .literal.spi_flash_encryption_hal_prepare
                0x0000000040080988        0xc zephyr/libzephyr.a(spi_flash_encrypt_hal_iram.c.obj)
 .literal.spi_flash_encryption_hal_done
                0x0000000040080994        0x4 zephyr/libzephyr.a(spi_flash_encrypt_hal_iram.c.obj)
 .literal.spi_flash_chip_gd_detect_size
                0x0000000040080998        0x4 zephyr/libzephyr.a(spi_flash_chip_gd.c.obj)
                                          0x8 (size before relaxing)
 .literal.spi_flash_chip_gd_get_io_mode
                0x000000004008099c        0x0 zephyr/libzephyr.a(spi_flash_chip_gd.c.obj)
                                          0x4 (size before relaxing)
 .literal.spi_flash_chip_gd_set_io_mode
                0x000000004008099c       0x10 zephyr/libzephyr.a(spi_flash_chip_gd.c.obj)
                                         0x14 (size before relaxing)
 .literal.spi_flash_chip_generic_detect_size
                0x00000000400809ac        0x0 zephyr/libzephyr.a(spi_flash_chip_generic.c.obj)
                                          0x8 (size before relaxing)
 .literal.spi_flash_chip_generic_reset
                0x00000000400809ac        0x0 zephyr/libzephyr.a(spi_flash_chip_generic.c.obj)
                                          0x8 (size before relaxing)
 .literal.spi_flash_chip_generic_config_host_io_mode
                0x00000000400809ac        0xc zephyr/libzephyr.a(spi_flash_chip_generic.c.obj)
                                         0x10 (size before relaxing)
 .literal.spi_flash_chip_generic_read
                0x00000000400809b8        0x8 zephyr/libzephyr.a(spi_flash_chip_generic.c.obj)
                                         0x18 (size before relaxing)
 .literal.spi_flash_chip_generic_write
                0x00000000400809c0        0x0 zephyr/libzephyr.a(spi_flash_chip_generic.c.obj)
                                          0x8 (size before relaxing)
 .literal.spi_flash_chip_generic_get_write_protect
                0x00000000400809c0        0x0 zephyr/libzephyr.a(spi_flash_chip_generic.c.obj)
                                          0x4 (size before relaxing)
 .literal.spi_flash_chip_generic_yield
                0x00000000400809c0        0x0 zephyr/libzephyr.a(spi_flash_chip_generic.c.obj)
                                          0x4 (size before relaxing)
 .literal.spi_flash_chip_generic_read_unique_id
                0x00000000400809c0        0x8 zephyr/libzephyr.a(spi_flash_chip_generic.c.obj)
                                         0x18 (size before relaxing)
 .literal.spi_flash_chip_generic_write_encrypted
                0x00000000400809c8        0x4 zephyr/libzephyr.a(spi_flash_chip_generic.c.obj)
                                          0x8 (size before relaxing)
 .literal.spi_flash_chip_generic_suspend_cmd_conf
                0x00000000400809cc        0x8 zephyr/libzephyr.a(spi_flash_chip_generic.c.obj)
                                         0x14 (size before relaxing)
 .literal.spi_flash_common_read_qe_sr$constprop$0$isra$0
                0x00000000400809d4        0x0 zephyr/libzephyr.a(spi_flash_chip_generic.c.obj)
                                          0x4 (size before relaxing)
 .literal.spi_flash_common_read_status_16b_rdsr_rdsr2
                0x00000000400809d4        0x0 zephyr/libzephyr.a(spi_flash_chip_generic.c.obj)
                                          0x8 (size before relaxing)
 .literal.spi_flash_common_write_qe_sr$isra$0
                0x00000000400809d4        0x0 zephyr/libzephyr.a(spi_flash_chip_generic.c.obj)
                                          0x4 (size before relaxing)
 .literal.spi_flash_common_write_status_16b_wrsr
                0x00000000400809d4        0x0 zephyr/libzephyr.a(spi_flash_chip_generic.c.obj)
                                          0x4 (size before relaxing)
 .literal.spi_flash_common_read_status_8b_rdsr2
                0x00000000400809d4        0x0 zephyr/libzephyr.a(spi_flash_chip_generic.c.obj)
                                          0x4 (size before relaxing)
 .literal.spi_flash_chip_generic_get_io_mode
                0x00000000400809d4        0x0 zephyr/libzephyr.a(spi_flash_chip_generic.c.obj)
                                          0x4 (size before relaxing)
 .literal.spi_flash_common_read_status_8b_rdsr
                0x00000000400809d4        0x0 zephyr/libzephyr.a(spi_flash_chip_generic.c.obj)
                                          0x4 (size before relaxing)
 .literal.spi_flash_common_write_status_8b_wrsr
                0x00000000400809d4        0x0 zephyr/libzephyr.a(spi_flash_chip_generic.c.obj)
                                          0x4 (size before relaxing)
 .literal.spi_flash_common_write_status_8b_wrsr2
                0x00000000400809d4        0x0 zephyr/libzephyr.a(spi_flash_chip_generic.c.obj)
                                          0x4 (size before relaxing)
 .literal.spi_flash_chip_generic_set_io_mode
                0x00000000400809d4        0x0 zephyr/libzephyr.a(spi_flash_chip_generic.c.obj)
                                          0xc (size before relaxing)
 .literal.spi_flash_chip_issi_set_io_mode
                0x00000000400809d4        0x8 zephyr/libzephyr.a(spi_flash_chip_issi.c.obj)
                                          0xc (size before relaxing)
 .literal.spi_flash_chip_issi_get_io_mode
                0x00000000400809dc        0x0 zephyr/libzephyr.a(spi_flash_chip_issi.c.obj)
                                          0x4 (size before relaxing)
 .literal.spi_flash_chip_winbond_read
                0x00000000400809dc        0x8 zephyr/libzephyr.a(spi_flash_chip_winbond.c.obj)
                                         0x18 (size before relaxing)
 .literal.spi_flash_chip_winbond_erase_block
                0x00000000400809e4        0x0 zephyr/libzephyr.a(spi_flash_chip_winbond.c.obj)
                                          0x8 (size before relaxing)
 .literal.spi_flash_chip_winbond_erase_sector
                0x00000000400809e4        0x0 zephyr/libzephyr.a(spi_flash_chip_winbond.c.obj)
                                          0x8 (size before relaxing)
 .literal.spi_flash_chip_winbond_page_program
                0x00000000400809e4        0x0 zephyr/libzephyr.a(spi_flash_chip_winbond.c.obj)
                                          0x8 (size before relaxing)
 .literal.memspi_host_read_status_hs
                0x00000000400809e4        0x0 zephyr/libzephyr.a(memspi_host_driver.c.obj)
                                          0x4 (size before relaxing)
 .literal.memspi_host_read_id_hs
                0x00000000400809e4        0xc zephyr/libzephyr.a(memspi_host_driver.c.obj)
                                         0x18 (size before relaxing)
 .literal.memspi_host_flush_cache
                0x00000000400809f0        0x0 zephyr/libzephyr.a(memspi_host_driver.c.obj)
                                          0x8 (size before relaxing)
 .literal.memspi_host_init_pointers
                0x00000000400809f0        0xc zephyr/libzephyr.a(memspi_host_driver.c.obj)
                                         0x14 (size before relaxing)
 .literal.esp_gpio_reserve_pins
                0x00000000400809fc        0x4 zephyr/libzephyr.a(esp_gpio_reserve.c.obj)
 .literal.periph_ll_get_rst_en_mask
                0x0000000040080a00        0x4 zephyr/libzephyr.a(periph_ctrl.c.obj)
 .literal.periph_ll_get_rst_en_reg
                0x0000000040080a04        0xc zephyr/libzephyr.a(periph_ctrl.c.obj)
 .literal.periph_module_enable
                0x0000000040080a10       0x18 zephyr/libzephyr.a(periph_ctrl.c.obj)
                                         0x24 (size before relaxing)
 .literal.periph_module_disable
                0x0000000040080a28        0x0 zephyr/libzephyr.a(periph_ctrl.c.obj)
                                         0x24 (size before relaxing)
 .literal.esp_rom_spiflash_read_status
                0x0000000040080a28       0x10 zephyr/libzephyr.a(esp_rom_spiflash.c.obj)
                                         0x14 (size before relaxing)
 .literal.esp_rom_spiflash_wait_idle
                0x0000000040080a38        0x8 zephyr/libzephyr.a(esp_rom_spiflash.c.obj)
                                          0xc (size before relaxing)
 .literal.esp_rom_spiflash_read
                0x0000000040080a40       0x3c zephyr/libzephyr.a(esp_rom_spiflash.c.obj)
                                         0x58 (size before relaxing)
 .literal.cache_sync
                0x0000000040080a7c        0x4 zephyr/libzephyr.a(cache_esp32.c.obj)
 .literal.bootloader_random_disable
                0x0000000040080a80       0x30 zephyr/libzephyr.a(bootloader_random_esp32.c.obj)
                                         0x48 (size before relaxing)
 .literal.bootloader_random_enable
                0x0000000040080ab0       0x24 zephyr/libzephyr.a(bootloader_random_esp32.c.obj)
                                         0x58 (size before relaxing)
 .iram1.6       0x0000000040080ad4       0x4e zephyr/libzephyr.a(soc.c.obj)
                                         0x72 (size before relaxing)
                0x0000000040080ad4                __esp_platform_start
 *fill*         0x0000000040080b22        0x2 
 .iram1.7       0x0000000040080b24       0x1b zephyr/libzephyr.a(soc.c.obj)
                0x0000000040080b24                arch_printk_char_out
 *fill*         0x0000000040080b3f        0x1 
 .iram1.8       0x0000000040080b40        0xa zephyr/libzephyr.a(flash_ops.c.obj)
                0x0000000040080b40                spi_flash_guard_set
 *fill*         0x0000000040080b4a        0x2 
 .iram1.10      0x0000000040080b4c       0x33 zephyr/libzephyr.a(flash_ops.c.obj)
                                         0x37 (size before relaxing)
                0x0000000040080b4c                esp_mspi_pin_init
 *fill*         0x0000000040080b7f        0x1 
 .iram1.5       0x0000000040080b80       0x1e zephyr/libzephyr.a(esp_flash_api.c.obj)
 *fill*         0x0000000040080b9e        0x2 
 .iram1.6       0x0000000040080ba0       0x44 zephyr/libzephyr.a(esp_flash_api.c.obj)
 .iram1.10      0x0000000040080be4       0x54 zephyr/libzephyr.a(esp_flash_api.c.obj)
 .iram1.12      0x0000000040080c38       0x6c zephyr/libzephyr.a(esp_flash_api.c.obj)
                                         0x70 (size before relaxing)
 .iram1.13      0x0000000040080ca4       0x58 zephyr/libzephyr.a(esp_flash_api.c.obj)
                0x0000000040080ca4                esp_flash_get_physical_size
 .iram1.9       0x0000000040080cfc      0x130 zephyr/libzephyr.a(esp_flash_api.c.obj)
                                        0x13c (size before relaxing)
                0x0000000040080cfc                esp_flash_init_main
 .iram1.21      0x0000000040080e2c      0x110 zephyr/libzephyr.a(esp_flash_api.c.obj)
                0x0000000040080e2c                esp_flash_read
 .iram1.3       0x0000000040080f3c        0xe zephyr/libzephyr.a(cache_esp32.c.obj)
 *fill*         0x0000000040080f4a        0x2 
 .iram1.1       0x0000000040080f4c       0x56 zephyr/libzephyr.a(flash_mmap.c.obj)
                0x0000000040080f4c                spi_flash_check_and_flush_cache
 *fill*         0x0000000040080fa2        0x2 
 .iram1.8       0x0000000040080fa4       0x10 zephyr/libzephyr.a(spi_flash_os_func_noos.c.obj)
 .iram1.7       0x0000000040080fb4       0x18 zephyr/libzephyr.a(spi_flash_os_func_noos.c.obj)
 .iram1.6       0x0000000040080fcc       0x18 zephyr/libzephyr.a(spi_flash_os_func_noos.c.obj)
 .iram1.1       0x0000000040080fe4        0xa zephyr/libzephyr.a(esp_rom_sys.c.obj)
                0x0000000040080fe4                esp_rom_set_cpu_ticks_per_us
 *fill*         0x0000000040080fee        0x2 
 .iram1.7       0x0000000040080ff0      0x1aa zephyr/libzephyr.a(bootloader_flash.c.obj)
                0x0000000040080ff0                bootloader_flash_execute_command_common
 *fill*         0x000000004008119a        0x2 
 .iram1.8       0x000000004008119c       0x20 zephyr/libzephyr.a(bootloader_flash.c.obj)
                0x000000004008119c                bootloader_execute_flash_command
 .iram1.6       0x00000000400811bc      0x122 zephyr/libzephyr.a(bootloader_flash.c.obj)
                                        0x146 (size before relaxing)
                0x00000000400811bc                bootloader_flash_unlock
 *fill*         0x00000000400812de        0x2 
 .iram1.9       0x00000000400812e0       0x26 zephyr/libzephyr.a(bootloader_flash.c.obj)
                                         0x2a (size before relaxing)
                0x00000000400812e0                bootloader_flash_read_sfdp
 *fill*         0x0000000040081306        0x2 
 .iram1.10      0x0000000040081308       0x30 zephyr/libzephyr.a(bootloader_flash.c.obj)
                                         0x34 (size before relaxing)
                0x0000000040081308                bootloader_read_flash_id
 .iram1.12      0x0000000040081338       0x9a zephyr/libzephyr.a(bootloader_flash.c.obj)
                                         0xb6 (size before relaxing)
                0x0000000040081338                bootloader_flash_xmc_startup
 *fill*         0x00000000400813d2        0x2 
 .iram1.6       0x00000000400813d4       0x6e zephyr/libzephyr.a(bootloader_flash_config_esp32.c.obj)
                0x00000000400813d4                bootloader_flash_cs_timing_config
 *fill*         0x0000000040081442        0x2 
 .iram1.8       0x0000000040081444      0x1d0 zephyr/libzephyr.a(bootloader_flash_config_esp32.c.obj)
                0x0000000040081444                bootloader_flash_gpio_config
 .iram1.9       0x0000000040081614       0x95 zephyr/libzephyr.a(bootloader_flash_config_esp32.c.obj)
                0x0000000040081614                bootloader_flash_dummy_config
 *fill*         0x00000000400816a9        0x3 
 .iram1.0       0x00000000400816ac       0x1e zephyr/libzephyr.a(bootloader_efuse.c.obj)
                0x00000000400816ac                bootloader_common_get_chip_ver_pkg
 *fill*         0x00000000400816ca        0x2 
 .iram1.2       0x00000000400816cc       0x16 zephyr/libzephyr.a(esp_clk.c.obj)
                0x00000000400816cc                esp_clk_apb_freq
 *fill*         0x00000000400816e2        0x2 
 .iram1.6       0x00000000400816e4       0x32 zephyr/libzephyr.a(rtc_module.c.obj)
                0x00000000400816e4                rtc_isr_noniram_disable
 *fill*         0x0000000040081716        0x2 
 .iram1.7       0x0000000040081718       0x1e zephyr/libzephyr.a(rtc_module.c.obj)
                0x0000000040081718                rtc_isr_noniram_enable
 *fill*         0x0000000040081736        0x2 
 .iram1.1       0x0000000040081738       0x58 zephyr/libzephyr.a(esp_mmu_map.c.obj)
                0x0000000040081738                esp_mmu_paddr_find_caps
 .iram1.2       0x0000000040081790       0x55 zephyr/libzephyr.a(esp_rom_uart.c.obj)
                0x0000000040081790                esp_rom_uart_tx_wait_idle
 *fill*         0x00000000400817e5        0x3 
 .iram1.3       0x00000000400817e8       0x50 zephyr/libzephyr.a(esp_rom_uart.c.obj)
                0x00000000400817e8                esp_rom_uart_set_clock_baudrate
 .iram1.0       0x0000000040081838       0x18 zephyr/libzephyr.a(efuse_hal.c.obj)
                                         0x1c (size before relaxing)
                0x0000000040081838                efuse_hal_chip_revision
 .iram1.0       0x0000000040081850       0x3e zephyr/libzephyr.a(efuse_hal.c.obj)
                0x0000000040081850                efuse_hal_get_major_chip_version
 *fill*         0x000000004008188e        0x2 
 .iram1.1       0x0000000040081890       0x10 zephyr/libzephyr.a(efuse_hal.c.obj)
                0x0000000040081890                efuse_hal_get_minor_chip_version
 .iram1.4       0x00000000400818a0       0x5a zephyr/libzephyr.a(cache_utils.c.obj)
                                         0x62 (size before relaxing)
                0x00000000400818a0                spi_flash_disable_interrupts_caches_and_other_cpu
 *fill*         0x00000000400818fa        0x2 
 .iram1.5       0x00000000400818fc       0x56 zephyr/libzephyr.a(cache_utils.c.obj)
                                         0x5e (size before relaxing)
                0x00000000400818fc                spi_flash_enable_interrupts_caches_and_other_cpu
 *fill*         0x0000000040081952        0x2 
 .iram1         0x0000000040081954       0x1a zephyr/arch/arch/xtensa/core/libarch__xtensa__core.a(debug_helpers_asm.S.obj)
                0x0000000040081954                xtensa_backtrace_get_start
 *fill*         0x000000004008196e        0x2 
 .iram1.1       0x0000000040081970       0x33 zephyr/drivers/interrupt_controller/libdrivers__interrupt_controller.a(intc_esp32.c.obj)
                                         0x3a (size before relaxing)
 *fill*         0x00000000400819a3        0x1 
 .iram1.0       0x00000000400819a4       0x16 zephyr/drivers/interrupt_controller/libdrivers__interrupt_controller.a(intc_esp32.c.obj)
                0x00000000400819a4                default_intr_handler
 *fill*         0x00000000400819ba        0x2 
 .iram1.4       0x00000000400819bc       0xae zephyr/drivers/interrupt_controller/libdrivers__interrupt_controller.a(intc_esp32.c.obj)
                                         0xb2 (size before relaxing)
                0x00000000400819bc                esp_intr_disable
 *fill*         0x0000000040081a6a        0x2 
 .iram1.5       0x0000000040081a6c       0x4e zephyr/drivers/interrupt_controller/libdrivers__interrupt_controller.a(intc_esp32.c.obj)
                                         0x5a (size before relaxing)
                0x0000000040081a6c                esp_intr_noniram_disable
 *fill*         0x0000000040081aba        0x2 
 .iram1.6       0x0000000040081abc       0x3c zephyr/drivers/interrupt_controller/libdrivers__interrupt_controller.a(intc_esp32.c.obj)
                                         0x48 (size before relaxing)
                0x0000000040081abc                esp_intr_noniram_enable
 .iram1.1       0x0000000040081af8       0x11 zephyr/drivers/gpio/libdrivers__gpio.a(gpio_esp32.c.obj)
                                         0x17 (size before relaxing)
 *fill*         0x0000000040081b09        0x0 
 *fill*         0x0000000040081b09        0x0 
 *fill*         0x0000000040081b09        0x3 
 .iram1.11      0x0000000040081b0c        0x7 zephyr/libzephyr.a(flash_ops.c.obj)
                0x0000000040081b0c                spi_flash_init_chip_state
 *fill*         0x0000000040081b13        0x0 
 *fill*         0x0000000040081b13        0x1 
 .iram1.3       0x0000000040081b14       0x2b zephyr/libzephyr.a(esp_flash_api.c.obj)
 *fill*         0x0000000040081b3f        0x1 
 .iram1.4       0x0000000040081b40       0x21 zephyr/libzephyr.a(esp_flash_api.c.obj)
 *fill*         0x0000000040081b61        0x0 
 *fill*         0x0000000040081b61        0x0 
 *fill*         0x0000000040081b61        0x0 
 *fill*         0x0000000040081b61        0x0 
 *fill*         0x0000000040081b61        0x3 
 .iram1.11      0x0000000040081b64       0x46 zephyr/libzephyr.a(bootloader_flash.c.obj)
 *fill*         0x0000000040081baa        0x0 
 *fill*         0x0000000040081baa        0x0 
 *fill*         0x0000000040081baa        0x0 
 *fill*         0x0000000040081baa        0x0 
 *fill*         0x0000000040081baa        0x0 
 *fill*         0x0000000040081baa        0x0 
 *fill*         0x0000000040081baa        0x0 
 *fill*         0x0000000040081baa        0x0 
 *fill*         0x0000000040081baa        0x0 
 *fill*         0x0000000040081baa        0x0 
 *fill*         0x0000000040081baa        0x0 
 *fill*         0x0000000040081baa        0x0 
 *fill*         0x0000000040081baa        0x0 
 *fill*         0x0000000040081baa        0x0 
 *fill*         0x0000000040081baa        0x0 
 *fill*         0x0000000040081baa        0x0 
 *fill*         0x0000000040081baa        0x0 
 *fill*         0x0000000040081baa        0x0 
 *fill*         0x0000000040081baa        0x0 
 *fill*         0x0000000040081baa        0x2 
 .iram1.0       0x0000000040081bac       0xa3 zephyr/drivers/gpio/libdrivers__gpio.a(gpio_esp32.c.obj)
 *fill*         0x0000000040081c4f        0x0 
 *(SORT_BY_ALIGNMENT(.iram0.literal) SORT_BY_ALIGNMENT(.iram.literal) SORT_BY_ALIGNMENT(.iram.text.literal) SORT_BY_ALIGNMENT(.iram0.text) SORT_BY_ALIGNMENT(.iram.text))
 *fill*         0x0000000040081c4f        0x1 
 .iram0.text    0x0000000040081c50       0x2d zephyr/arch/arch/xtensa/core/libarch__xtensa__core.a(xtensa_asm2_util.S.obj)
                0x0000000040081c50                _Level1Vector
 *fill*         0x0000000040081c7d        0x0 
 *libarch__xtensa__core.a:(SORT_BY_ALIGNMENT(.literal) SORT_BY_ALIGNMENT(.text) SORT_BY_ALIGNMENT(.literal.*) SORT_BY_ALIGNMENT(.text.*))
 *fill*         0x0000000040081c7d        0x3 
 .text.arch_cpu_idle
                0x0000000040081c80        0xb zephyr/arch/arch/xtensa/core/libarch__xtensa__core.a(cpu_idle.c.obj)
                                          0xe (size before relaxing)
                0x0000000040081c80                arch_cpu_idle
 *fill*         0x0000000040081c8b        0x1 
 .text.xtensa_fatal_error
                0x0000000040081c8c       0x26 zephyr/arch/arch/xtensa/core/libarch__xtensa__core.a(fatal.c.obj)
                                         0x2e (size before relaxing)
                0x0000000040081c8c                xtensa_fatal_error
 *fill*         0x0000000040081cb2        0x2 
 .text          0x0000000040081cb4      0x21c zephyr/arch/arch/xtensa/core/libarch__xtensa__core.a(xtensa_asm2_util.S.obj)
                0x0000000040081cb4                xtensa_spill_reg_windows
                0x0000000040081cd4                xtensa_save_high_regs
                0x0000000040081d1c                xtensa_restore_high_regs
                0x0000000040081d51                _restore_context
                0x0000000040081d88                xtensa_arch_except
                0x0000000040081d8b                xtensa_arch_except_epc
                0x0000000040081d90                xtensa_arch_kernel_oops
                0x0000000040081d93                xtensa_arch_kernel_oops_epc
                0x0000000040081d98                xtensa_switch
 .text.z_irq_spurious
                0x0000000040081ed0       0x12 zephyr/arch/arch/xtensa/core/libarch__xtensa__core.a(irq_manage.c.obj)
                                         0x16 (size before relaxing)
                0x0000000040081ed0                z_irq_spurious
 *fill*         0x0000000040081ee2        0x2 
 .text.arch_new_thread
                0x0000000040081ee4       0x38 zephyr/arch/arch/xtensa/core/libarch__xtensa__core.a(thread.c.obj)
                0x0000000040081ee4                arch_new_thread
 .text.return_to
                0x0000000040081f1c       0x14 zephyr/arch/arch/xtensa/core/libarch__xtensa__core.a(vector_handlers.c.obj)
                                         0x18 (size before relaxing)
 .text.xtensa_is_outside_stack_bounds
                0x0000000040081f30       0x3d zephyr/arch/arch/xtensa/core/libarch__xtensa__core.a(vector_handlers.c.obj)
                0x0000000040081f30                xtensa_is_outside_stack_bounds
 *fill*         0x0000000040081f6d        0x3 
 .text.xtensa_is_frame_pointer_valid
                0x0000000040081f70       0x28 zephyr/arch/arch/xtensa/core/libarch__xtensa__core.a(vector_handlers.c.obj)
                                         0x2c (size before relaxing)
                0x0000000040081f70                xtensa_is_frame_pointer_valid
 .text.xtensa_dump_stack
                0x0000000040081f98        0xa zephyr/arch/arch/xtensa/core/libarch__xtensa__core.a(vector_handlers.c.obj)
                                          0xe (size before relaxing)
                0x0000000040081f98                xtensa_dump_stack
 *fill*         0x0000000040081fa2        0x2 
 .text.xtensa_int2_c
                0x0000000040081fa4       0x5a zephyr/arch/arch/xtensa/core/libarch__xtensa__core.a(vector_handlers.c.obj)
                0x0000000040081fa4                xtensa_int2_c
 *fill*         0x0000000040081ffe        0x2 
 .text.xtensa_int3_c
                0x0000000040082000       0x82 zephyr/arch/arch/xtensa/core/libarch__xtensa__core.a(vector_handlers.c.obj)
                0x0000000040082000                xtensa_int3_c
 *fill*         0x0000000040082082        0x2 
 .text.xtensa_int4_c
                0x0000000040082084       0x6a zephyr/arch/arch/xtensa/core/libarch__xtensa__core.a(vector_handlers.c.obj)
                0x0000000040082084                xtensa_int4_c
 *fill*         0x00000000400820ee        0x2 
 .text.xtensa_int5_c
                0x00000000400820f0       0x5e zephyr/arch/arch/xtensa/core/libarch__xtensa__core.a(vector_handlers.c.obj)
                0x00000000400820f0                xtensa_int5_c
 *fill*         0x000000004008214e        0x2 
 .text.xtensa_int6_c
                0x0000000040082150       0x15 zephyr/arch/arch/xtensa/core/libarch__xtensa__core.a(vector_handlers.c.obj)
                0x0000000040082150                xtensa_int6_c
 *fill*         0x0000000040082165        0x3 
 .text.xtensa_int7_c
                0x0000000040082168       0x36 zephyr/arch/arch/xtensa/core/libarch__xtensa__core.a(vector_handlers.c.obj)
                0x0000000040082168                xtensa_int7_c
 *fill*         0x000000004008219e        0x2 
 .text.xtensa_excint1_c
                0x00000000400821a0      0x1be zephyr/arch/arch/xtensa/core/libarch__xtensa__core.a(vector_handlers.c.obj)
                                        0x1c6 (size before relaxing)
                0x00000000400821a0                xtensa_excint1_c
 *fill*         0x000000004008235e        0x2 
 .text.xtensa_cpu_process_stack_pc
                0x0000000040082360       0x2b zephyr/arch/arch/xtensa/core/libarch__xtensa__core.a(xtensa_backtrace.c.obj)
 *fill*         0x000000004008238b        0x1 
 .text.xtensa_ptr_executable
                0x000000004008238c       0x41 zephyr/arch/arch/xtensa/core/libarch__xtensa__core.a(xtensa_backtrace.c.obj)
 *fill*         0x00000000400823cd        0x3 
 .text.xtensa_stack_ptr_is_sane
                0x00000000400823d0       0x2c zephyr/arch/arch/xtensa/core/libarch__xtensa__core.a(xtensa_backtrace.c.obj)
 .text.xtensa_backtrace_get_next_frame
                0x00000000400823fc       0x3e zephyr/arch/arch/xtensa/core/libarch__xtensa__core.a(xtensa_backtrace.c.obj)
                                         0x4a (size before relaxing)
                0x00000000400823fc                xtensa_backtrace_get_next_frame
 *fill*         0x000000004008243a        0x2 
 .text.xtensa_backtrace_print
                0x000000004008243c       0xdf zephyr/arch/arch/xtensa/core/libarch__xtensa__core.a(xtensa_backtrace.c.obj)
                                        0x103 (size before relaxing)
                0x000000004008243c                xtensa_backtrace_print
 *fill*         0x000000004008251b        0x0 
 *fill*         0x000000004008251b        0x0 
 *fill*         0x000000004008251b        0x0 
 *fill*         0x000000004008251b        0x0 
 *fill*         0x000000004008251b        0x0 
 *fill*         0x000000004008251b        0x0 
 *fill*         0x000000004008251b        0x0 
 *fill*         0x000000004008251b        0x0 
 *fill*         0x000000004008251b        0x0 
 *fill*         0x000000004008251b        0x0 
 *fill*         0x000000004008251b        0x0 
 *fill*         0x000000004008251b        0x0 
 *fill*         0x000000004008251b        0x0 
 *fill*         0x000000004008251b        0x0 
 *fill*         0x000000004008251b        0x0 
 *fill*         0x000000004008251b        0x0 
 *libkernel.a:(SORT_BY_ALIGNMENT(.literal) SORT_BY_ALIGNMENT(.text) SORT_BY_ALIGNMENT(.literal.*) SORT_BY_ALIGNMENT(.text.*))
 *fill*         0x000000004008251b        0x1 
 .text.k_sys_fatal_error_handler
                0x000000004008251c        0xb zephyr/kernel/libkernel.a(fatal.c.obj)
                                         0x11 (size before relaxing)
                0x000000004008251c                k_sys_fatal_error_handler
 *fill*         0x0000000040082527        0x1 
 .text.z_fatal_error
                0x0000000040082528       0x22 zephyr/kernel/libkernel.a(fatal.c.obj)
                                         0x26 (size before relaxing)
                0x0000000040082528                z_fatal_error
 *fill*         0x000000004008254a        0x2 
 .text.z_sys_init_run_level
                0x000000004008254c       0x30 zephyr/kernel/libkernel.a(init.c.obj)
 .text.bg_thread_main
                0x000000004008257c       0x9e zephyr/kernel/libkernel.a(init.c.obj)
                                         0xb6 (size before relaxing)
 *fill*         0x000000004008261a        0x2 
 .text.z_early_memset
                0x000000004008261c       0x12 zephyr/kernel/libkernel.a(init.c.obj)
                0x000000004008261c                z_early_memset
 *fill*         0x000000004008262e        0x2 
 .text.z_bss_zero
                0x0000000040082630       0x13 zephyr/kernel/libkernel.a(init.c.obj)
                                         0x16 (size before relaxing)
                0x0000000040082630                z_bss_zero
 *fill*         0x0000000040082643        0x1 
 .text.z_init_cpu
                0x0000000040082644       0x5b zephyr/kernel/libkernel.a(init.c.obj)
                0x0000000040082644                z_init_cpu
 *fill*         0x000000004008269f        0x1 
 .text.z_cstart
                0x00000000400826a0       0x9f zephyr/kernel/libkernel.a(init.c.obj)
                                         0xc7 (size before relaxing)
                0x00000000400826a0                z_cstart
 *fill*         0x000000004008273f        0x1 
 .text.k_heap_init
                0x0000000040082740       0x17 zephyr/kernel/libkernel.a(kheap.c.obj)
                0x0000000040082740                k_heap_init
 *fill*         0x0000000040082757        0x1 
 .text.statics_init
                0x0000000040082758       0x22 zephyr/kernel/libkernel.a(kheap.c.obj)
 *fill*         0x000000004008277a        0x2 
 .text.k_heap_aligned_alloc
                0x000000004008277c       0x5a zephyr/kernel/libkernel.a(kheap.c.obj)
                                         0x62 (size before relaxing)
                0x000000004008277c                k_heap_aligned_alloc
 *fill*         0x00000000400827d6        0x2 
 .text.k_heap_free
                0x00000000400827d8       0x28 zephyr/kernel/libkernel.a(kheap.c.obj)
                                         0x30 (size before relaxing)
                0x00000000400827d8                k_heap_free
 .text.idle     0x0000000040082800        0xc zephyr/kernel/libkernel.a(idle.c.obj)
                                          0xf (size before relaxing)
                0x0000000040082800                idle
 *fill*         0x000000004008280c        0x0 
 .text.z_impl_k_sem_give
                0x000000004008280c       0x3c zephyr/kernel/libkernel.a(sem.c.obj)
                                         0x44 (size before relaxing)
                0x000000004008280c                z_impl_k_sem_give
 .text.z_impl_k_sem_take
                0x0000000040082848       0x3a zephyr/kernel/libkernel.a(sem.c.obj)
                                         0x3d (size before relaxing)
                0x0000000040082848                z_impl_k_sem_take
 *fill*         0x0000000040082882        0x2 
 .text.notify_queue_locked$isra$0
                0x0000000040082884       0x14 zephyr/kernel/libkernel.a(work.c.obj)
 .text.work_queue_main
                0x0000000040082898      0x114 zephyr/kernel/libkernel.a(work.c.obj)
                                        0x120 (size before relaxing)
 .text.submit_to_queue_locked
                0x00000000400829ac       0xa8 zephyr/kernel/libkernel.a(work.c.obj)
 .text.z_work_submit_to_queue
                0x0000000040082a54       0x1a zephyr/kernel/libkernel.a(work.c.obj)
                                         0x1e (size before relaxing)
                0x0000000040082a54                z_work_submit_to_queue
 *fill*         0x0000000040082a6e        0x2 
 .text.k_work_submit_to_queue
                0x0000000040082a70       0x1a zephyr/kernel/libkernel.a(work.c.obj)
                                         0x1e (size before relaxing)
                0x0000000040082a70                k_work_submit_to_queue
 *fill*         0x0000000040082a8a        0x2 
 .text.k_work_submit
                0x0000000040082a8c       0x12 zephyr/kernel/libkernel.a(work.c.obj)
                0x0000000040082a8c                k_work_submit
 *fill*         0x0000000040082a9e        0x2 
 .text.k_work_queue_start
                0x0000000040082aa0       0x6e zephyr/kernel/libkernel.a(work.c.obj)
                                         0x76 (size before relaxing)
                0x0000000040082aa0                k_work_queue_start
 *fill*         0x0000000040082b0e        0x2 
 .text.z_impl_k_thread_start
                0x0000000040082b10        0xa zephyr/kernel/libkernel.a(thread.c.obj)
                                          0xe (size before relaxing)
                0x0000000040082b10                z_impl_k_thread_start
 *fill*         0x0000000040082b1a        0x2 
 .text.z_setup_new_thread
                0x0000000040082b1c       0x5d zephyr/kernel/libkernel.a(thread.c.obj)
                0x0000000040082b1c                z_setup_new_thread
 *fill*         0x0000000040082b79        0x3 
 .text.z_impl_k_thread_create
                0x0000000040082b7c       0x56 zephyr/kernel/libkernel.a(thread.c.obj)
                                         0x5a (size before relaxing)
                0x0000000040082b7c                z_impl_k_thread_create
 *fill*         0x0000000040082bd2        0x2 
 .text.unpend_thread_no_timeout
                0x0000000040082bd4       0x19 zephyr/kernel/libkernel.a(sched.c.obj)
                                         0x1d (size before relaxing)
 *fill*         0x0000000040082bed        0x3 
 .text.update_cache
                0x0000000040082bf0       0x4a zephyr/kernel/libkernel.a(sched.c.obj)
 *fill*         0x0000000040082c3a        0x2 
 .text.unready_thread
                0x0000000040082c3c       0x2e zephyr/kernel/libkernel.a(sched.c.obj)
                                         0x32 (size before relaxing)
 *fill*         0x0000000040082c6a        0x2 
 .text.z_swap   0x0000000040082c6c       0x3a zephyr/kernel/libkernel.a(sched.c.obj)
                                         0x3e (size before relaxing)
 *fill*         0x0000000040082ca6        0x2 
 .text.ready_thread
                0x0000000040082ca8       0x6e zephyr/kernel/libkernel.a(sched.c.obj)
 *fill*         0x0000000040082d16        0x2 
 .text.z_thread_halt
                0x0000000040082d18       0xe0 zephyr/kernel/libkernel.a(sched.c.obj)
                                         0xf8 (size before relaxing)
 .text.add_to_waitq_locked
                0x0000000040082df8       0x58 zephyr/kernel/libkernel.a(sched.c.obj)
                                         0x5c (size before relaxing)
 .text.move_thread_to_end_of_prio_q
                0x0000000040082e50       0x78 zephyr/kernel/libkernel.a(sched.c.obj)
                                         0x7c (size before relaxing)
                0x0000000040082e50                move_thread_to_end_of_prio_q
 .text.z_ready_thread
                0x0000000040082ec8       0x13 zephyr/kernel/libkernel.a(sched.c.obj)
                                         0x16 (size before relaxing)
                0x0000000040082ec8                z_ready_thread
 *fill*         0x0000000040082edb        0x1 
 .text.z_impl_k_thread_suspend
                0x0000000040082edc       0x29 zephyr/kernel/libkernel.a(sched.c.obj)
                                         0x2c (size before relaxing)
                0x0000000040082edc                z_impl_k_thread_suspend
 *fill*         0x0000000040082f05        0x3 
 .text.z_unpend_thread_no_timeout
                0x0000000040082f08       0x18 zephyr/kernel/libkernel.a(sched.c.obj)
                                         0x1c (size before relaxing)
                0x0000000040082f08                z_unpend_thread_no_timeout
 .text.z_sched_wake_thread
                0x0000000040082f20       0x39 zephyr/kernel/libkernel.a(sched.c.obj)
                                         0x40 (size before relaxing)
                0x0000000040082f20                z_sched_wake_thread
 *fill*         0x0000000040082f59        0x3 
 .text.z_thread_timeout
                0x0000000040082f5c        0xd zephyr/kernel/libkernel.a(sched.c.obj)
                                         0x10 (size before relaxing)
                0x0000000040082f5c                z_thread_timeout
 *fill*         0x0000000040082f69        0x3 
 .text.z_pend_curr
                0x0000000040082f6c       0x34 zephyr/kernel/libkernel.a(sched.c.obj)
                                         0x3c (size before relaxing)
                0x0000000040082f6c                z_pend_curr
 .text.z_unpend1_no_timeout
                0x0000000040082fa0       0x22 zephyr/kernel/libkernel.a(sched.c.obj)
                                         0x26 (size before relaxing)
                0x0000000040082fa0                z_unpend1_no_timeout
 *fill*         0x0000000040082fc2        0x2 
 .text.z_unpend_first_thread
                0x0000000040082fc4       0x2a zephyr/kernel/libkernel.a(sched.c.obj)
                                         0x2e (size before relaxing)
                0x0000000040082fc4                z_unpend_first_thread
 *fill*         0x0000000040082fee        0x2 
 .text.z_unpend_thread
                0x0000000040082ff0       0x1e zephyr/kernel/libkernel.a(sched.c.obj)
                                         0x26 (size before relaxing)