Archive member included to satisfy reference by file (symbol)

app/libapp.a(main.c.obj)      (--whole-archive)
zephyr/libzephyr.a(heap.c.obj)
                              (--whole-archive)
zephyr/libzephyr.a(cbprintf_packaged.c.obj)
                              (--whole-archive)
zephyr/libzephyr.a(printk.c.obj)
                              (--whole-archive)
zephyr/libzephyr.a(sem.c.obj)
                              (--whole-archive)
zephyr/libzephyr.a(thread_entry.c.obj)
                              (--whole-archive)
zephyr/libzephyr.a(cbprintf_complete.c.obj)
                              (--whole-archive)
zephyr/libzephyr.a(assert.c.obj)
                              (--whole-archive)
zephyr/libzephyr.a(mpsc_pbuf.c.obj)
                              (--whole-archive)
zephyr/libzephyr.a(dec.c.obj)
                              (--whole-archive)
zephyr/libzephyr.a(hex.c.obj)
                              (--whole-archive)
zephyr/libzephyr.a(rb.c.obj)  (--whole-archive)
zephyr/libzephyr.a(timeutil.c.obj)
                              (--whole-archive)
zephyr/libzephyr.a(bitarray.c.obj)
                              (--whole-archive)
zephyr/libzephyr.a(ring_buffer.c.obj)
                              (--whole-archive)
zephyr/libzephyr.a(configs.c.obj)
                              (--whole-archive)
zephyr/libzephyr.a(log_core.c.obj)
                              (--whole-archive)
zephyr/libzephyr.a(log_mgmt.c.obj)
                              (--whole-archive)
zephyr/libzephyr.a(log_cache.c.obj)
                              (--whole-archive)
zephyr/libzephyr.a(log_msg.c.obj)
                              (--whole-archive)
zephyr/libzephyr.a(log_output.c.obj)
                              (--whole-archive)
zephyr/libzephyr.a(log_backend_uart.c.obj)
                              (--whole-archive)
zephyr/libzephyr.a(tracing_none.c.obj)
                              (--whole-archive)
zephyr/arch/common/libarch__common.a(sw_isr_common.c.obj)
                              (--whole-archive)
zephyr/arch/arch/arm/core/libarch__arm__core.a(fatal.c.obj)
                              (--whole-archive)
zephyr/arch/arch/arm/core/libarch__arm__core.a(nmi.c.obj)
                              (--whole-archive)
zephyr/arch/arch/arm/core/libarch__arm__core.a(nmi_on_reset.S.obj)
                              (--whole-archive)
zephyr/arch/arch/arm/core/libarch__arm__core.a(tls.c.obj)
                              (--whole-archive)
zephyr/arch/arch/arm/core/cortex_m/libarch__arm__core__cortex_m.a(exc_exit.c.obj)
                              (--whole-archive)
zephyr/arch/arch/arm/core/cortex_m/libarch__arm__core__cortex_m.a(fault.c.obj)
                              (--whole-archive)
zephyr/arch/arch/arm/core/cortex_m/libarch__arm__core__cortex_m.a(fault_s.S.obj)
                              (--whole-archive)
zephyr/arch/arch/arm/core/cortex_m/libarch__arm__core__cortex_m.a(fpu.c.obj)
                              (--whole-archive)
zephyr/arch/arch/arm/core/cortex_m/libarch__arm__core__cortex_m.a(reset.S.obj)
                              (--whole-archive)
zephyr/arch/arch/arm/core/cortex_m/libarch__arm__core__cortex_m.a(scb.c.obj)
                              (--whole-archive)
zephyr/arch/arch/arm/core/cortex_m/libarch__arm__core__cortex_m.a(thread_abort.c.obj)
                              (--whole-archive)
zephyr/arch/arch/arm/core/cortex_m/libarch__arm__core__cortex_m.a(vector_table.S.obj)
                              (--whole-archive)
zephyr/arch/arch/arm/core/cortex_m/libarch__arm__core__cortex_m.a(swap.c.obj)
                              (--whole-archive)
zephyr/arch/arch/arm/core/cortex_m/libarch__arm__core__cortex_m.a(swap_helper.S.obj)
                              (--whole-archive)
zephyr/arch/arch/arm/core/cortex_m/libarch__arm__core__cortex_m.a(irq_manage.c.obj)
                              (--whole-archive)
zephyr/arch/arch/arm/core/cortex_m/libarch__arm__core__cortex_m.a(prep_c.c.obj)
                              (--whole-archive)
zephyr/arch/arch/arm/core/cortex_m/libarch__arm__core__cortex_m.a(thread.c.obj)
                              (--whole-archive)
zephyr/arch/arch/arm/core/cortex_m/libarch__arm__core__cortex_m.a(cpu_idle.c.obj)
                              (--whole-archive)
zephyr/arch/arch/arm/core/cortex_m/libarch__arm__core__cortex_m.a(irq_init.c.obj)
                              (--whole-archive)
zephyr/arch/arch/arm/core/cortex_m/libarch__arm__core__cortex_m.a(isr_wrapper.c.obj)
                              (--whole-archive)
zephyr/arch/arch/arm/core/cortex_m/libarch__arm__core__cortex_m.a(__aeabi_read_tp.S.obj)
                              (--whole-archive)
zephyr/lib/libc/picolibc/liblib__libc__picolibc.a(libc-hooks.c.obj)
                              (--whole-archive)
zephyr/lib/libc/common/liblib__libc__common.a(abort.c.obj)
                              (--whole-archive)
zephyr/lib/libc/common/liblib__libc__common.a(malloc.c.obj)
                              (--whole-archive)
[...]
Memory Configuration

Name             Origin             Length             Attributes
FLASH            0x0000000000000000 0x0000000000040000 xr
RAM              0x0000000020000000 0x0000000000010000 xw
IDT_LIST         0x00000000ffff7fff 0x0000000000008000 xw
*default*        0x0000000000000000 0xffffffffffffffff

Linker script and memory map

                0x0000000000002f9c                vfprintf = __l_vfprintf
                0x0000000000000000                vfscanf = __l_vfscanf
LOAD zephyr/CMakeFiles/zephyr_final.dir/misc/empty_file.c.obj
LOAD zephyr/CMakeFiles/zephyr_final.dir/isr_tables.c.obj
LOAD zephyr/CMakeFiles/offsets.dir/./arch/arm/core/offsets/offsets.c.obj
LOAD app/libapp.a
LOAD zephyr/libzephyr.a
LOAD zephyr/arch/common/libarch__common.a
LOAD zephyr/arch/arch/arm/core/libarch__arm__core.a
LOAD zephyr/arch/arch/arm/core/cortex_m/libarch__arm__core__cortex_m.a
LOAD zephyr/lib/libc/picolibc/liblib__libc__picolibc.a
LOAD zephyr/lib/libc/common/liblib__libc__common.a
LOAD zephyr/soc/soc/ti_lm3s6965/libsoc__ti__lm3s6965.a
LOAD zephyr/drivers/console/libdrivers__console.a
LOAD zephyr/drivers/gpio/libdrivers__gpio.a
LOAD zephyr/drivers/serial/libdrivers__serial.a
LOAD zephyr/drivers/timer/libdrivers__timer.a
LOAD zephyr/kernel/libkernel.a
LOAD /home/bava/zephyrproject/zephyr/zephyr-sdk-0.16.8/arm-zephyr-eabi/bin/../lib/gcc/arm-zephyr-eabi/12.2.0/thumb/v7-m/nofp/libgcc.a
LOAD zephyr/arch/common/libisr_tables.a
LOAD /home/bava/zephyrproject/zephyr/zephyr-sdk-0.16.8/arm-zephyr-eabi/bin/../lib/gcc/../../picolibc/arm-zephyr-eabi/lib/thumb/v7-m/nofp/libc.a
LOAD /home/bava/zephyrproject/zephyr/zephyr-sdk-0.16.8/arm-zephyr-eabi/bin/../lib/gcc/arm-zephyr-eabi/12.2.0/thumb/v7-m/nofp/libgcc.a
                0x0000000000000004                _region_min_align = 0x4

.rel.plt        0x0000000000000000        0x0
 *(SORT_BY_ALIGNMENT(.rel.plt))
                [!provide]                        PROVIDE (__rel_iplt_start = .)
 *(SORT_BY_ALIGNMENT(.rel.iplt))
 .rel.iplt      0x0000000000000000        0x0 zephyr/CMakeFiles/zephyr_final.dir/isr_tables.c.obj
                [!provide]                        PROVIDE (__rel_iplt_end = .)

.rela.plt       0x0000000000000000        0x0
 *(SORT_BY_ALIGNMENT(.rela.plt))
                [!provide]                        PROVIDE (__rela_iplt_start = .)
 *(SORT_BY_ALIGNMENT(.rela.iplt))
                [!provide]                        PROVIDE (__rela_iplt_end = .)

.rel.dyn
 *(SORT_BY_ALIGNMENT(.rel.*))

.rela.dyn
 *(SORT_BY_ALIGNMENT(.rela.*))

/DISCARD/
 *(SORT_BY_ALIGNMENT(.plt))

/DISCARD/
 *(SORT_BY_ALIGNMENT(.iplt))
                0x0000000000000000                __rom_region_start = 0x0

rom_start       0x0000000000000000       0xec
                0x0000000000000000                __rom_start_address = .
 FILL mask 0x00
                0x0000000000000000                . = (. + (0x0 - (. - __rom_start_address)))
                0x0000000000000000                . = ALIGN (0x4)
                0x0000000000000000                . = ALIGN (0x80)
                0x0000000000000000                . = ALIGN (0x100)
                0x0000000000000000                _vector_start = .
 *(SORT_BY_ALIGNMENT(.exc_vector_table))
 *(SORT_BY_ALIGNMENT(.exc_vector_table.*))
 .exc_vector_table._vector_table_section
                0x0000000000000000       0x40 zephyr/arch/arch/arm/core/cortex_m/libarch__arm__core__cortex_m.a(vector_table.S.obj)
                0x0000000000000000                _vector_table
 *(SORT_BY_ALIGNMENT(.vectors))
                0x00000000000000ec                _vector_end = .
                0x0000000000000040                . = ALIGN (0x4)
 *(SORT_BY_ALIGNMENT(.gnu.linkonce.irq_vector_table*))
 .gnu.linkonce.irq_vector_table
                0x0000000000000040       0xac zephyr/CMakeFiles/zephyr_final.dir/isr_tables.c.obj
                0x0000000000000040                _irq_vector_table
                0x00000000000000ec                _vector_end = .

text            0x00000000000000ec     0x465c
                0x00000000000000ec                __text_region_start = .
 *(SORT_BY_ALIGNMENT(.text))
 .text          0x00000000000000ec       0x10 /home/bava/zephyrproject/zephyr/zephyr-sdk-0.16.8/arm-zephyr-eabi/bin/../lib/gcc/../../picolibc/arm-zephyr-eabi/lib/thumb/v7-m/nofp/libc.a(strlen.S.o)
                0x00000000000000ec                strlen
 *(SORT_BY_ALIGNMENT(.text.*))
 .text.uart_send_string.constprop.0
                0x00000000000000fc       0x1c app/libapp.a(main.c.obj)
 .text.uart_callback
                0x0000000000000118       0x60 app/libapp.a(main.c.obj)
 .text.producer_thread
                0x0000000000000178      0x110 app/libapp.a(main.c.obj)
                0x0000000000000178                producer_thread
 .text.main     0x0000000000000288       0x7c app/libapp.a(main.c.obj)
                0x0000000000000288                main
 .text.cbvprintf_package
                0x0000000000000304      0x3a4 zephyr/libzephyr.a(cbprintf_packaged.c.obj)
                0x0000000000000304                cbvprintf_package
 .text.cbprintf_package_convert
                0x00000000000006a8      0x3c8 zephyr/libzephyr.a(cbprintf_packaged.c.obj)
                0x00000000000006a8                cbprintf_package_convert
 .text.__printk_hook_install
                0x0000000000000a70        0xc zephyr/libzephyr.a(printk.c.obj)
                0x0000000000000a70                __printk_hook_install
 .text.z_thread_entry
                0x0000000000000a7c       0x34 zephyr/libzephyr.a(thread_entry.c.obj)
                0x0000000000000a7c                z_thread_entry
 .text.activate_foreach_backend
                0x0000000000000ab0       0x64 zephyr/libzephyr.a(log_core.c.obj)
 .text.enable_logger
                0x0000000000000b14       0x5c zephyr/libzephyr.a(log_core.c.obj)
 .text.log_process_thread_timer_expiry_fn
                0x0000000000000b70        0xc zephyr/libzephyr.a(log_core.c.obj)
 .text.z_log_init
                0x0000000000000b7c       0x8c zephyr/libzephyr.a(log_core.c.obj)
 .text.log_format_func_t_get
                0x0000000000000c08        0xc zephyr/libzephyr.a(log_core.c.obj)
                0x0000000000000c08                log_format_func_t_get
 .text.log_set_timestamp_func
                0x0000000000000c14       0x20 zephyr/libzephyr.a(log_core.c.obj)
                0x0000000000000c14                log_set_timestamp_func
 .text.z_log_notify_backend_enabled
                0x0000000000000c34       0x1c zephyr/libzephyr.a(log_core.c.obj)
                0x0000000000000c34                z_log_notify_backend_enabled
 .text.z_log_dropped
                0x0000000000000c50       0x30 zephyr/libzephyr.a(log_core.c.obj)
                0x0000000000000c50                z_log_dropped
 .text.z_log_dropped_read_and_clear
                0x0000000000000c80       0x20 zephyr/libzephyr.a(log_core.c.obj)
                0x0000000000000c80                z_log_dropped_read_and_clear
 .text.dropped_notify
                0x0000000000000ca0       0x30 zephyr/libzephyr.a(log_core.c.obj)
                0x0000000000000ca0                dropped_notify
 .text.z_log_msg_init
                0x0000000000000cd0       0x20 zephyr/libzephyr.a(log_core.c.obj)
                0x0000000000000cd0                z_log_msg_init
 .text.log_core_init
                0x0000000000000cf0       0x34 zephyr/libzephyr.a(log_core.c.obj)
                0x0000000000000cf0                log_core_init
 .text.z_log_msg_alloc
                0x0000000000000d24       0x10 zephyr/libzephyr.a(log_core.c.obj)
                0x0000000000000d24                z_log_msg_alloc
 .text.z_log_msg_local_claim
                0x0000000000000d34        0xc zephyr/libzephyr.a(log_core.c.obj)
                0x0000000000000d34                z_log_msg_local_claim
 .text.z_log_msg_free
                0x0000000000000d40       0x10 zephyr/libzephyr.a(log_core.c.obj)
                0x0000000000000d40                z_log_msg_free
 .text.z_log_msg_pending
                0x0000000000000d50        0xc zephyr/libzephyr.a(log_core.c.obj)
                0x0000000000000d50                z_log_msg_pending
 .text.z_impl_log_process
                0x0000000000000d5c       0xb0 zephyr/libzephyr.a(log_core.c.obj)
                0x0000000000000d5c                z_impl_log_process
 .text.z_impl_log_panic
                0x0000000000000e0c       0x44 zephyr/libzephyr.a(log_core.c.obj)
                0x0000000000000e0c                z_impl_log_panic
 .text.log_process_thread_func
                0x0000000000000e50       0xa4 zephyr/libzephyr.a(log_core.c.obj)
 .text.z_log_msg_post_finalize
                0x0000000000000ef4       0x74 zephyr/libzephyr.a(log_core.c.obj)
 .text.z_log_msg_commit
                0x0000000000000f68       0x24 zephyr/libzephyr.a(log_core.c.obj)
                0x0000000000000f68                z_log_msg_commit
 .text.log_source_name_get
                0x0000000000000f8c       0x1c zephyr/libzephyr.a(log_mgmt.c.obj)
                0x0000000000000f8c                log_source_name_get
 .text.log_backend_enable
                0x0000000000000fa8       0x28 zephyr/libzephyr.a(log_mgmt.c.obj)
                0x0000000000000fa8                log_backend_enable
 .text.z_impl_z_log_msg_static_create
                0x0000000000000fd0      0x108 zephyr/libzephyr.a(log_msg.c.obj)
                0x0000000000000fd0                z_impl_z_log_msg_static_create
 .text.z_log_msg_runtime_vcreate
                0x00000000000010d8       0xa0 zephyr/libzephyr.a(log_msg.c.obj)
                0x00000000000010d8                z_log_msg_runtime_vcreate
 .text.log_msg_get_source_id
                0x0000000000001178       0x18 zephyr/libzephyr.a(log_msg.c.obj)
                0x0000000000001178                log_msg_get_source_id
 .text.print_formatted
                0x0000000000001190       0x24 zephyr/libzephyr.a(log_output.c.obj)
 .text.newline_print
                0x00000000000011b4       0x1c zephyr/libzephyr.a(log_output.c.obj)
 .text.log_output_process
                0x00000000000011d0      0x2d4 zephyr/libzephyr.a(log_output.c.obj)
                0x00000000000011d0                log_output_process
 .text.log_output_dropped_process
                0x00000000000014a4       0x58 zephyr/libzephyr.a(log_output.c.obj)
                0x00000000000014a4                log_output_dropped_process
 .text.log_output_timestamp_freq_set
                0x00000000000014fc       0x2c zephyr/libzephyr.a(log_output.c.obj)
                0x00000000000014fc                log_output_timestamp_freq_set
 .text.char_out
                0x0000000000001528       0x24 zephyr/libzephyr.a(log_backend_uart.c.obj)
 .text.z_arm_fatal_error
                0x000000000000154c       0xb4 zephyr/arch/arch/arm/core/libarch__arm__core.a(fatal.c.obj)
                0x000000000000154c                z_arm_fatal_error
 .text.z_SysNmiOnReset
                0x0000000000001600        0x8 zephyr/arch/arch/arm/core/libarch__arm__core.a(nmi_on_reset.S.obj)
                0x0000000000001600                z_SysNmiOnReset
 .text.arch_tls_stack_setup
                0x0000000000001608       0x40 zephyr/arch/arch/arm/core/libarch__arm__core.a(tls.c.obj)
                0x0000000000001608                arch_tls_stack_setup
 .text._HandlerModeExit
                0x0000000000001648       0x28 zephyr/arch/arch/arm/core/cortex_m/libarch__arm__core__cortex_m.a(exc_exit.c.obj)
                0x0000000000001648                z_arm_exc_exit
                0x0000000000001648                z_arm_int_exit
 .text.mem_manage_fault.constprop.0
                0x0000000000001670       0xac zephyr/arch/arch/arm/core/cortex_m/libarch__arm__core__cortex_m.a(fault.c.obj)
 .text.usage_fault.constprop.0
                0x000000000000171c       0xa8 zephyr/arch/arch/arm/core/cortex_m/libarch__arm__core__cortex_m.a(fault.c.obj)
 .text.bus_fault.constprop.0
                0x00000000000017c4       0xb8 zephyr/arch/arch/arm/core/cortex_m/libarch__arm__core__cortex_m.a(fault.c.obj)
 .text.z_arm_fault
                0x000000000000187c      0x1d0 zephyr/arch/arch/arm/core/cortex_m/libarch__arm__core__cortex_m.a(fault.c.obj)
                0x000000000000187c                z_arm_fault
 .text.z_arm_fault_init
                0x0000000000001a4c       0x10 zephyr/arch/arch/arm/core/cortex_m/libarch__arm__core__cortex_m.a(fault.c.obj)
                0x0000000000001a4c                z_arm_fault_init
 .text.__fault  0x0000000000001a5c       0x14 zephyr/arch/arch/arm/core/cortex_m/libarch__arm__core__cortex_m.a(fault_s.S.obj)
                0x0000000000001a5c                z_arm_bus_fault
                0x0000000000001a5c                z_arm_usage_fault
                0x0000000000001a5c                z_arm_mpu_fault
                0x0000000000001a5c                z_arm_exc_spurious
                0x0000000000001a5c                z_arm_debug_monitor
                0x0000000000001a5c                z_arm_hard_fault
 .text._reset_section
                0x0000000000001a70       0x2c zephyr/arch/arch/arm/core/cortex_m/libarch__arm__core__cortex_m.a(reset.S.obj)
                0x0000000000001a70                z_arm_reset
                0x0000000000001a70                __start
 .text.z_impl_k_thread_abort
                0x0000000000001a9c       0x2c zephyr/arch/arch/arm/core/cortex_m/libarch__arm__core__cortex_m.a(thread_abort.c.obj)
                0x0000000000001a9c                z_impl_k_thread_abort
 .text.arch_swap
                0x0000000000001ac8       0x30 zephyr/arch/arch/arm/core/cortex_m/libarch__arm__core__cortex_m.a(swap.c.obj)
                0x0000000000001ac8                arch_swap
 .text.z_arm_pendsv_c
                0x0000000000001af8       0x40 zephyr/arch/arch/arm/core/cortex_m/libarch__arm__core__cortex_m.a(swap.c.obj)
                0x0000000000001af8                z_arm_pendsv_c
 .text.z_arm_pendsv
                0x0000000000001b38       0x34 zephyr/arch/arch/arm/core/cortex_m/libarch__arm__core__cortex_m.a(swap_helper.S.obj)
                0x0000000000001b38                z_arm_pendsv
 .text.z_arm_svc
                0x0000000000001b6c       0x20 zephyr/arch/arch/arm/core/cortex_m/libarch__arm__core__cortex_m.a(swap_helper.S.obj)
                0x0000000000001b6c                z_arm_svc
 .text.arch_irq_enable
                0x0000000000001b8c       0x1c zephyr/arch/arch/arm/core/cortex_m/libarch__arm__core__cortex_m.a(irq_manage.c.obj)
                0x0000000000001b8c                arch_irq_enable
 .text.z_arm_irq_priority_set
                0x0000000000001ba8       0x2c zephyr/arch/arch/arm/core/cortex_m/libarch__arm__core__cortex_m.a(irq_manage.c.obj)
                0x0000000000001ba8                z_arm_irq_priority_set
 .text.z_prep_c
                0x0000000000001bd4       0x30 zephyr/arch/arch/arm/core/cortex_m/libarch__arm__core__cortex_m.a(prep_c.c.obj)
                0x0000000000001bd4                z_prep_c
 .text.arch_new_thread
                0x0000000000001c04       0x38 zephyr/arch/arch/arm/core/cortex_m/libarch__arm__core__cortex_m.a(thread.c.obj)
                0x0000000000001c04                arch_new_thread
 .text.arch_switch_to_main_thread
                0x0000000000001c3c       0x40 zephyr/arch/arch/arm/core/cortex_m/libarch__arm__core__cortex_m.a(thread.c.obj)
                0x0000000000001c3c                arch_switch_to_main_thread
 .text.z_arm_cpu_idle_init
                0x0000000000001c7c        0xc zephyr/arch/arch/arm/core/cortex_m/libarch__arm__core__cortex_m.a(cpu_idle.c.obj)
                0x0000000000001c7c                z_arm_cpu_idle_init
 .text.z_arm_interrupt_init
                0x0000000000001c88       0x18 zephyr/arch/arch/arm/core/cortex_m/libarch__arm__core__cortex_m.a(irq_init.c.obj)
                0x0000000000001c88                z_arm_interrupt_init
 .text._isr_wrapper
                0x0000000000001ca0       0x24 zephyr/arch/arch/arm/core/cortex_m/libarch__arm__core__cortex_m.a(isr_wrapper.c.obj)
                0x0000000000001ca0                _isr_wrapper
 .text.z_impl_zephyr_fputc
                0x0000000000001cc4       0x10 zephyr/lib/libc/picolibc/liblib__libc__picolibc.a(libc-hooks.c.obj)
                0x0000000000001cc4                z_impl_zephyr_fputc
 .text.__stdout_hook_install
                0x0000000000001cd4       0x18 zephyr/lib/libc/picolibc/liblib__libc__picolibc.a(libc-hooks.c.obj)
                0x0000000000001cd4                __stdout_hook_install
 .text.cbvprintf
                0x0000000000001cec       0x38 zephyr/lib/libc/picolibc/liblib__libc__picolibc.a(libc-hooks.c.obj)
                0x0000000000001cec                cbvprintf
 .text.malloc_prepare
                0x0000000000001d24       0x24 zephyr/lib/libc/common/liblib__libc__common.a(malloc.c.obj)
 .text.uart_stellaris_init
                0x0000000000001d48       0x30 zephyr/soc/soc/ti_lm3s6965/libsoc__ti__lm3s6965.a(soc_config.c.obj)
 .text.uart_console_init
                0x0000000000001d78       0x28 zephyr/drivers/console/libdrivers__console.a(uart_console.c.obj)
 .text.console_out
                0x0000000000001da0       0x28 zephyr/drivers/console/libdrivers__console.a(uart_console.c.obj)
 .text.uart_stellaris_irq_tx_enable
                0x0000000000001dc8       0x74 zephyr/drivers/serial/libdrivers__serial.a(uart_stellaris.c.obj)
 .text.elapsed  0x0000000000001e3c       0x4c zephyr/drivers/timer/libdrivers__timer.a(cortex_m_systick.c.obj)
 .text.sys_clock_driver_init
                0x0000000000001e88       0x38 zephyr/drivers/timer/libdrivers__timer.a(cortex_m_systick.c.obj)
 .text.sys_clock_isr
                0x0000000000001ec0       0x44 zephyr/drivers/timer/libdrivers__timer.a(cortex_m_systick.c.obj)
                0x0000000000001ec0                sys_clock_isr
 .text.sys_clock_set_timeout
                0x0000000000001f04       0xe4 zephyr/drivers/timer/libdrivers__timer.a(cortex_m_systick.c.obj)
                0x0000000000001f04                sys_clock_set_timeout
 .text.sys_clock_elapsed
                0x0000000000001fe8       0x3c zephyr/drivers/timer/libdrivers__timer.a(cortex_m_systick.c.obj)
                0x0000000000001fe8                sys_clock_elapsed
 .text.k_sys_fatal_error_handler
                0x0000000000002024       0x20 zephyr/kernel/libkernel.a(fatal.c.obj)
                0x0000000000002024                k_sys_fatal_error_handler
 .text.z_fatal_error
                0x0000000000002044       0xe8 zephyr/kernel/libkernel.a(fatal.c.obj)
                0x0000000000002044                z_fatal_error
 .text.z_sys_init_run_level
                0x000000000000212c       0x2c zephyr/kernel/libkernel.a(init.c.obj)
 .text.bg_thread_main
                0x0000000000002158       0xc4 zephyr/kernel/libkernel.a(init.c.obj)
 .text.z_bss_zero
                0x000000000000221c       0x18 zephyr/kernel/libkernel.a(init.c.obj)
                0x000000000000221c                z_bss_zero
 .text.z_init_cpu
                0x0000000000002234       0x68 zephyr/kernel/libkernel.a(init.c.obj)
                0x0000000000002234                z_init_cpu
 .text.z_cstart
                0x000000000000229c       0xd0 zephyr/kernel/libkernel.a(init.c.obj)
                0x000000000000229c                z_cstart
 .text.z_impl_k_sem_give
                0x000000000000236c       0x48 zephyr/kernel/libkernel.a(sem.c.obj)
                0x000000000000236c                z_impl_k_sem_give
 .text.z_impl_k_sem_take
                0x00000000000023b4       0x4c zephyr/kernel/libkernel.a(sem.c.obj)
                0x00000000000023b4                z_impl_k_sem_take
 .text.z_setup_new_thread
                0x0000000000002400       0x70 zephyr/kernel/libkernel.a(thread.c.obj)
                0x0000000000002400                z_setup_new_thread
 .text.z_impl_k_thread_create
                0x0000000000002470       0x58 zephyr/kernel/libkernel.a(thread.c.obj)
                0x0000000000002470                z_impl_k_thread_create
 .text.update_cache
                0x00000000000024c8       0x50 zephyr/kernel/libkernel.a(sched.c.obj)
 .text.unready_thread
                0x0000000000002518       0x60 zephyr/kernel/libkernel.a(sched.c.obj)
 .text.ready_thread
                0x0000000000002578       0x5c zephyr/kernel/libkernel.a(sched.c.obj)
 .text.z_thread_halt
                0x00000000000025d4      0x108 zephyr/kernel/libkernel.a(sched.c.obj)
 .text.move_thread_to_end_of_prio_q
                0x00000000000026dc       0x98 zephyr/kernel/libkernel.a(sched.c.obj)
                0x00000000000026dc                move_thread_to_end_of_prio_q
 .text.z_pend_curr
                0x0000000000002774       0x58 zephyr/kernel/libkernel.a(sched.c.obj)
                0x0000000000002774                z_pend_curr
 .text.z_reschedule
                0x00000000000027cc       0x24 zephyr/kernel/libkernel.a(sched.c.obj)
                0x00000000000027cc                z_reschedule
 .text.z_sched_start
                0x00000000000027f0       0x3c zephyr/kernel/libkernel.a(sched.c.obj)
                0x00000000000027f0                z_sched_start
 .text.z_reschedule_irqlock
                0x000000000000282c       0x28 zephyr/kernel/libkernel.a(sched.c.obj)
                0x000000000000282c                z_reschedule_irqlock
 .text.k_sched_lock
                0x0000000000002854       0x28 zephyr/kernel/libkernel.a(sched.c.obj)
                0x0000000000002854                k_sched_lock
 .text.k_sched_unlock
                0x000000000000287c       0x40 zephyr/kernel/libkernel.a(sched.c.obj)
                0x000000000000287c                k_sched_unlock
 .text.z_sched_init
                0x00000000000028bc        0xc zephyr/kernel/libkernel.a(sched.c.obj)
                0x00000000000028bc                z_sched_init
 .text.z_impl_k_yield
                0x00000000000028c8       0x9c zephyr/kernel/libkernel.a(sched.c.obj)
                0x00000000000028c8                z_impl_k_yield
 .text.z_tick_sleep
                0x0000000000002964       0x88 zephyr/kernel/libkernel.a(sched.c.obj)
 .text.z_impl_k_sleep
                0x00000000000029ec       0x2c zephyr/kernel/libkernel.a(sched.c.obj)
                0x00000000000029ec                z_impl_k_sleep
 .text.z_impl_k_sched_current_thread_query
                0x0000000000002a18        0xc zephyr/kernel/libkernel.a(sched.c.obj)
                0x0000000000002a18                z_impl_k_sched_current_thread_query
 .text.slice_timeout
                0x0000000000002a24       0x20 zephyr/kernel/libkernel.a(timeslicing.c.obj)
 .text.thread_is_sliceable
                0x0000000000002a44       0x3c zephyr/kernel/libkernel.a(timeslicing.c.obj)
                0x0000000000002a44                thread_is_sliceable
 .text.z_reset_time_slice
                0x0000000000002a80       0x50 zephyr/kernel/libkernel.a(timeslicing.c.obj)
                0x0000000000002a80                z_reset_time_slice
 .text.z_time_slice
                0x0000000000002ad0       0x60 zephyr/kernel/libkernel.a(timeslicing.c.obj)
                0x0000000000002ad0                z_time_slice
 .text.z_data_copy
                0x0000000000002b30       0x34 zephyr/kernel/libkernel.a(xip.c.obj)
                0x0000000000002b30                z_data_copy
 .text.elapsed  0x0000000000002b64       0x14 zephyr/kernel/libkernel.a(timeout.c.obj)
 .text.remove_timeout
                0x0000000000002b78       0x38 zephyr/kernel/libkernel.a(timeout.c.obj)
 .text.next_timeout
                0x0000000000002bb0       0x40 zephyr/kernel/libkernel.a(timeout.c.obj)
 .text.z_add_timeout
                0x0000000000002bf0       0xf4 zephyr/kernel/libkernel.a(timeout.c.obj)
                0x0000000000002bf0                z_add_timeout
 .text.sys_clock_announce
                0x0000000000002ce4       0xd0 zephyr/kernel/libkernel.a(timeout.c.obj)
                0x0000000000002ce4                sys_clock_announce
 .text.sys_clock_tick_get
                0x0000000000002db4       0x30 zephyr/kernel/libkernel.a(timeout.c.obj)
                0x0000000000002db4                sys_clock_tick_get
 .text.z_timer_expiration_handler
                0x0000000000002de4       0xe0 zephyr/kernel/libkernel.a(timer.c.obj)
                0x0000000000002de4                z_timer_expiration_handler
 .text.z_impl_k_timer_start
                0x0000000000002ec4       0x74 zephyr/kernel/libkernel.a(timer.c.obj)
                0x0000000000002ec4                z_impl_k_timer_start
 .text.boot_banner
                0x0000000000002f38        0xc zephyr/kernel/libkernel.a(banner.c.obj)
                0x0000000000002f38                boot_banner
 .text.snprintf
                0x0000000000002f44       0x58 /home/bava/zephyrproject/zephyr/zephyr-sdk-0.16.8/arm-zephyr-eabi/bin/../lib/gcc/../../picolibc/arm-zephyr-eabi/lib/thumb/v7-m/nofp/libc.a(libc_tinystdio_snprintf.c.o)
                0x0000000000002f44                snprintf
 .text.__l_vfprintf
                0x0000000000002f9c      0x4b8 /home/bava/zephyrproject/zephyr/zephyr-sdk-0.16.8/arm-zephyr-eabi/bin/../lib/gcc/../../picolibc/arm-zephyr-eabi/lib/thumb/v7-m/nofp/libc.a(libc_tinystdio_vflprintf.c.o)
                0x0000000000002f9c                __l_vfprintf
 .text._OffsetAbsSyms
                0x0000000000003454        0x2 zephyr/CMakeFiles/offsets.dir/./arch/arm/core/offsets/offsets.c.obj
                0x0000000000003454                _OffsetAbsSyms
 .text.gpio_pin_set.isra.0
                0x0000000000003456       0x20 app/libapp.a(main.c.obj)
 .text.chunk_size
                0x0000000000003476        0xa zephyr/libzephyr.a(heap.c.obj)
 .text.free_list_add
                0x0000000000003480       0x4e zephyr/libzephyr.a(heap.c.obj)
 .text.sys_heap_init
                0x00000000000034ce       0x7a zephyr/libzephyr.a(heap.c.obj)
                0x00000000000034ce                sys_heap_init
 .text.cbpprintf_external
                0x0000000000003548       0x62 zephyr/libzephyr.a(cbprintf_packaged.c.obj)
                0x0000000000003548                cbpprintf_external
 .text.is_ptr   0x00000000000035aa       0x4a zephyr/libzephyr.a(cbprintf_packaged.c.obj)
                0x00000000000035aa                is_ptr
 .text.arch_printk_char_out
                0x00000000000035f4        0x4 zephyr/libzephyr.a(printk.c.obj)
                0x00000000000035f4                arch_printk_char_out
 .text.printk   0x00000000000035f8       0x1a zephyr/libzephyr.a(printk.c.obj)
                0x00000000000035f8                printk
 .text.free_space
                0x0000000000003612       0x26 zephyr/libzephyr.a(mpsc_pbuf.c.obj)
 .text.get_usage
                0x0000000000003638       0x22 zephyr/libzephyr.a(mpsc_pbuf.c.obj)
 .text.idx_inc  0x000000000000365a       0x1c zephyr/libzephyr.a(mpsc_pbuf.c.obj)
 .text.rd_idx_inc
                0x0000000000003676       0x18 zephyr/libzephyr.a(mpsc_pbuf.c.obj)
 .text.add_skip_item
                0x000000000000368e       0x3e zephyr/libzephyr.a(mpsc_pbuf.c.obj)
 .text.drop_item_locked
                0x00000000000036cc       0xee zephyr/libzephyr.a(mpsc_pbuf.c.obj)
 .text.post_drop_action
                0x00000000000037ba       0x36 zephyr/libzephyr.a(mpsc_pbuf.c.obj)
 .text.max_utilization_update
                0x00000000000037f0       0x1a zephyr/libzephyr.a(mpsc_pbuf.c.obj)
 .text.mpsc_pbuf_init
                0x000000000000380a       0x42 zephyr/libzephyr.a(mpsc_pbuf.c.obj)
                0x000000000000380a                mpsc_pbuf_init
 .text.mpsc_pbuf_alloc
                0x000000000000384c       0xf8 zephyr/libzephyr.a(mpsc_pbuf.c.obj)
                0x000000000000384c                mpsc_pbuf_alloc
 .text.mpsc_pbuf_commit
                0x0000000000003944       0x3e zephyr/libzephyr.a(mpsc_pbuf.c.obj)
                0x0000000000003944                mpsc_pbuf_commit
 .text.mpsc_pbuf_claim
                0x0000000000003982       0xa8 zephyr/libzephyr.a(mpsc_pbuf.c.obj)
                0x0000000000003982                mpsc_pbuf_claim
 .text.mpsc_pbuf_free
                0x0000000000003a2a       0x76 zephyr/libzephyr.a(mpsc_pbuf.c.obj)
                0x0000000000003a2a                mpsc_pbuf_free
 .text.mpsc_pbuf_is_pending
                0x0000000000003aa0       0x1a zephyr/libzephyr.a(mpsc_pbuf.c.obj)
                0x0000000000003aa0                mpsc_pbuf_is_pending
 .text.ring_buf_put_claim
                0x0000000000003aba       0x3a zephyr/libzephyr.a(ring_buffer.c.obj)
                0x0000000000003aba                ring_buf_put_claim
 .text.ring_buf_put_finish
                0x0000000000003af4       0x2a zephyr/libzephyr.a(ring_buffer.c.obj)
                0x0000000000003af4                ring_buf_put_finish
 .text.ring_buf_put
                0x0000000000003b1e       0x3e zephyr/libzephyr.a(ring_buffer.c.obj)
                0x0000000000003b1e                ring_buf_put
 .text.ring_buf_get_claim
                0x0000000000003b5c       0x38 zephyr/libzephyr.a(ring_buffer.c.obj)
                0x0000000000003b5c                ring_buf_get_claim
 .text.ring_buf_get_finish
                0x0000000000003b94       0x2a zephyr/libzephyr.a(ring_buffer.c.obj)
                0x0000000000003b94                ring_buf_get_finish
 .text.ring_buf_get
                0x0000000000003bbe       0x40 zephyr/libzephyr.a(ring_buffer.c.obj)
                0x0000000000003bbe                ring_buf_get
 .text._ConfigAbsSyms
                0x0000000000003bfe        0x2 zephyr/libzephyr.a(configs.c.obj)
                0x0000000000003bfe                _ConfigAbsSyms
 .text.log_msg_generic_get_wlen
                0x0000000000003c00       0x20 zephyr/libzephyr.a(log_core.c.obj)
 .text.dummy_timestamp
                0x0000000000003c20        0x4 zephyr/libzephyr.a(log_core.c.obj)
 .text.atomic_inc
                0x0000000000003c24       0x1a zephyr/libzephyr.a(log_core.c.obj)
 .text.default_lf_get_timestamp
                0x0000000000003c3e        0xc zephyr/libzephyr.a(log_core.c.obj)
 .text.z_log_vprintk
                0x0000000000003c4a       0x1c zephyr/libzephyr.a(log_core.c.obj)
                0x0000000000003c4a                z_log_vprintk
 .text.z_log_notify_drop
                0x0000000000003c66        0x6 zephyr/libzephyr.a(log_core.c.obj)
 .text.z_log_get_tag
                0x0000000000003c6c        0x4 zephyr/libzephyr.a(log_core.c.obj)
                0x0000000000003c6c                z_log_get_tag
 .text.z_cbprintf_cpy
                0x0000000000003c70       0x2c zephyr/libzephyr.a(log_msg.c.obj)
 .text.z_log_msg_finalize
                0x0000000000003c9c       0x32 zephyr/libzephyr.a(log_msg.c.obj)
                0x0000000000003c9c                z_log_msg_finalize
 .text.z_log_msg_simple_create
                0x0000000000003cce       0x6e zephyr/libzephyr.a(log_msg.c.obj)
 .text.z_impl_z_log_msg_simple_create_0
                0x0000000000003d3c       0x12 zephyr/libzephyr.a(log_msg.c.obj)
                0x0000000000003d3c                z_impl_z_log_msg_simple_create_0
 .text.z_impl_z_log_msg_simple_create_1
                0x0000000000003d4e       0x14 zephyr/libzephyr.a(log_msg.c.obj)
                0x0000000000003d4e                z_impl_z_log_msg_simple_create_1
 .text.buffer_write
                0x0000000000003d62       0x1c zephyr/libzephyr.a(log_output.c.obj)
 .text.log_output_flush
                0x0000000000003d7e       0x18 zephyr/libzephyr.a(log_output.c.obj)
                0x0000000000003d7e                log_output_flush
 .text.out_func
                0x0000000000003d96       0x36 zephyr/libzephyr.a(log_output.c.obj)
 .text.cr_out_func
                0x0000000000003dcc       0x1c zephyr/libzephyr.a(log_output.c.obj)
 .text.log_output_msg_process
                0x0000000000003de8       0x6a zephyr/libzephyr.a(log_output.c.obj)
                0x0000000000003de8                log_output_msg_process
 .text.format_set
                0x0000000000003e52        0xc zephyr/libzephyr.a(log_backend_uart.c.obj)
 .text.log_backend_uart_init
                0x0000000000003e5e        0xc zephyr/libzephyr.a(log_backend_uart.c.obj)
 .text.panic    0x0000000000003e6a       0x10 zephyr/libzephyr.a(log_backend_uart.c.obj)
 .text.dropped  0x0000000000003e7a        0xa zephyr/libzephyr.a(log_backend_uart.c.obj)
 .text.process  0x0000000000003e84       0x1e zephyr/libzephyr.a(log_backend_uart.c.obj)
 .text.z_do_kernel_oops
                0x0000000000003ea2        0x8 zephyr/arch/arch/arm/core/libarch__arm__core.a(fatal.c.obj)
                0x0000000000003ea2                z_do_kernel_oops
 .text.z_arm_nmi
                0x0000000000003eaa        0xe zephyr/arch/arch/arm/core/libarch__arm__core.a(nmi.c.obj)
                0x0000000000003eaa                z_arm_nmi
 .text.z_log_msg_simple_create_0.constprop.0
                0x0000000000003eb8        0x8 zephyr/arch/arch/arm/core/cortex_m/libarch__arm__core__cortex_m.a(fault.c.obj)
 .text.z_irq_spurious
                0x0000000000003ec0        0x8 zephyr/arch/arch/arm/core/cortex_m/libarch__arm__core__cortex_m.a(irq_manage.c.obj)
                0x0000000000003ec0                z_irq_spurious
 .text.arch_irq_unlock_outlined
                0x0000000000003ec8        0xe zephyr/arch/arch/arm/core/cortex_m/libarch__arm__core__cortex_m.a(thread.c.obj)
                0x0000000000003ec8                arch_irq_unlock_outlined
 .text.arch_cpu_idle
                0x0000000000003ed6       0x1a zephyr/arch/arch/arm/core/cortex_m/libarch__arm__core__cortex_m.a(cpu_idle.c.obj)
                0x0000000000003ed6                arch_cpu_idle
 .text.cbputc   0x0000000000003ef0        0xc zephyr/lib/libc/picolibc/liblib__libc__picolibc.a(libc-hooks.c.obj)
 .text.picolibc_put
                0x0000000000003efc        0xa zephyr/lib/libc/picolibc/liblib__libc__picolibc.a(libc-hooks.c.obj)
 .text.gpio_stellaris_configure
                0x0000000000003f06       0x7a zephyr/drivers/gpio/libdrivers__gpio.a(gpio_stellaris.c.obj)
 .text.gpio_stellaris_port_get_raw
                0x0000000000003f80       0x10 zephyr/drivers/gpio/libdrivers__gpio.a(gpio_stellaris.c.obj)
 .text.gpio_stellaris_port_set_masked_raw
                0x0000000000003f90        0xe zephyr/drivers/gpio/libdrivers__gpio.a(gpio_stellaris.c.obj)
 .text.gpio_stellaris_port_set_bits_raw
                0x0000000000003f9e        0xe zephyr/drivers/gpio/libdrivers__gpio.a(gpio_stellaris.c.obj)
 .text.gpio_stellaris_port_clear_bits_raw
                0x0000000000003fac        0xe zephyr/drivers/gpio/libdrivers__gpio.a(gpio_stellaris.c.obj)
 .text.gpio_stellaris_port_toggle_bits
                0x0000000000003fba       0x12 zephyr/drivers/gpio/libdrivers__gpio.a(gpio_stellaris.c.obj)
 .text.gpio_stellaris_pin_interrupt_configure
                0x0000000000003fcc       0x68 zephyr/drivers/gpio/libdrivers__gpio.a(gpio_stellaris.c.obj)
 .text.gpio_stellaris_init
                0x0000000000004034        0xc zephyr/drivers/gpio/libdrivers__gpio.a(gpio_stellaris.c.obj)
 .text.port_0_stellaris_config_func
                0x0000000000004040       0x16 zephyr/drivers/gpio/libdrivers__gpio.a(gpio_stellaris.c.obj)
 .text.port_1_stellaris_config_func
                0x0000000000004056       0x16 zephyr/drivers/gpio/libdrivers__gpio.a(gpio_stellaris.c.obj)
 .text.port_2_stellaris_config_func
                0x000000000000406c       0x16 zephyr/drivers/gpio/libdrivers__gpio.a(gpio_stellaris.c.obj)
 .text.port_3_stellaris_config_func
                0x0000000000004082       0x16 zephyr/drivers/gpio/libdrivers__gpio.a(gpio_stellaris.c.obj)
 .text.port_4_stellaris_config_func
                0x0000000000004098       0x16 zephyr/drivers/gpio/libdrivers__gpio.a(gpio_stellaris.c.obj)
 .text.port_5_stellaris_config_func
                0x00000000000040ae       0x16 zephyr/drivers/gpio/libdrivers__gpio.a(gpio_stellaris.c.obj)
 .text.port_6_stellaris_config_func
                0x00000000000040c4       0x16 zephyr/drivers/gpio/libdrivers__gpio.a(gpio_stellaris.c.obj)
 .text.gpio_stellaris_isr
                0x00000000000040da       0x36 zephyr/drivers/gpio/libdrivers__gpio.a(gpio_stellaris.c.obj)
 .text.gpio_stellaris_manage_callback
                0x0000000000004110       0x48 zephyr/drivers/gpio/libdrivers__gpio.a(gpio_stellaris.c.obj)
 .text.uart_stellaris_poll_in
                0x0000000000004158       0x16 zephyr/drivers/serial/libdrivers__serial.a(uart_stellaris.c.obj)
 .text.uart_stellaris_fifo_fill
                0x000000000000416e       0x1e zephyr/drivers/serial/libdrivers__serial.a(uart_stellaris.c.obj)
 .text.uart_stellaris_fifo_read
                0x000000000000418c       0x1e zephyr/drivers/serial/libdrivers__serial.a(uart_stellaris.c.obj)
 .text.uart_stellaris_irq_tx_disable
                0x00000000000041aa        0xe zephyr/drivers/serial/libdrivers__serial.a(uart_stellaris.c.obj)
 .text.uart_stellaris_irq_tx_ready
                0x00000000000041b8        0xc zephyr/drivers/serial/libdrivers__serial.a(uart_stellaris.c.obj)
 .text.uart_stellaris_irq_rx_enable
                0x00000000000041c4        0xe zephyr/drivers/serial/libdrivers__serial.a(uart_stellaris.c.obj)
 .text.uart_stellaris_irq_rx_disable
                0x00000000000041d2        0xe zephyr/drivers/serial/libdrivers__serial.a(uart_stellaris.c.obj)
 .text.uart_stellaris_irq_rx_ready
                0x00000000000041e0        0xc zephyr/drivers/serial/libdrivers__serial.a(uart_stellaris.c.obj)
 .text.uart_stellaris_irq_err_enable
                0x00000000000041ec        0xe zephyr/drivers/serial/libdrivers__serial.a(uart_stellaris.c.obj)
 .text.uart_stellaris_irq_err_disable
                0x00000000000041fa        0xe zephyr/drivers/serial/libdrivers__serial.a(uart_stellaris.c.obj)
 .text.uart_stellaris_irq_is_pending
                0x0000000000004208       0x12 zephyr/drivers/serial/libdrivers__serial.a(uart_stellaris.c.obj)
 .text.uart_stellaris_irq_update
                0x000000000000421a        0x4 zephyr/drivers/serial/libdrivers__serial.a(uart_stellaris.c.obj)
 .text.uart_stellaris_irq_callback_set
                0x000000000000421e        0x8 zephyr/drivers/serial/libdrivers__serial.a(uart_stellaris.c.obj)
 .text.uart_stellaris_isr
                0x0000000000004226        0xc zephyr/drivers/serial/libdrivers__serial.a(uart_stellaris.c.obj)
 .text.irq_config_func_0
                0x0000000000004232       0x16 zephyr/drivers/serial/libdrivers__serial.a(uart_stellaris.c.obj)
 .text.irq_config_func_1
                0x0000000000004248       0x16 zephyr/drivers/serial/libdrivers__serial.a(uart_stellaris.c.obj)
 .text.irq_config_func_2
                0x000000000000425e       0x16 zephyr/drivers/serial/libdrivers__serial.a(uart_stellaris.c.obj)
 .text.uart_stellaris_poll_out
                0x0000000000004274        0xe zephyr/drivers/serial/libdrivers__serial.a(uart_stellaris.c.obj)
 .text.disable.isra.0
                0x0000000000004282       0x1c zephyr/drivers/serial/libdrivers__serial.a(uart_stellaris.c.obj)
 .text.uart_stellaris_init
                0x000000000000429e       0x50 zephyr/drivers/serial/libdrivers__serial.a(uart_stellaris.c.obj)
 .text.z_device_state_init
                0x00000000000042ee        0x2 zephyr/kernel/libkernel.a(device.c.obj)
                0x00000000000042ee                z_device_state_init
 .text.z_impl_device_is_ready
                0x00000000000042f0       0x16 zephyr/kernel/libkernel.a(device.c.obj)
                0x00000000000042f0                z_impl_device_is_ready
 .text.arch_system_halt
                0x0000000000004306       0x10 zephyr/kernel/libkernel.a(fatal.c.obj)
                0x0000000000004306                arch_system_halt
 .text.do_device_init
                0x0000000000004316       0x30 zephyr/kernel/libkernel.a(init.c.obj)
 .text.z_early_memset
                0x0000000000004346        0x4 zephyr/kernel/libkernel.a(init.c.obj)
                0x0000000000004346                z_early_memset
 .text.z_early_memcpy
                0x000000000000434a        0x4 zephyr/kernel/libkernel.a(init.c.obj)
                0x000000000000434a                z_early_memcpy
 .text.z_init_static
                0x000000000000434e        0x2 zephyr/kernel/libkernel.a(init_static.c.obj)
                0x000000000000434e                z_init_static
 .text.idle     0x0000000000004350       0x16 zephyr/kernel/libkernel.a(idle.c.obj)
                0x0000000000004350                idle
 .text.z_impl_k_sem_init
                0x0000000000004366       0x18 zephyr/kernel/libkernel.a(sem.c.obj)
                0x0000000000004366                z_impl_k_sem_init
 .text.k_is_in_isr
                0x000000000000437e        0xc zephyr/kernel/libkernel.a(thread.c.obj)
                0x000000000000437e                k_is_in_isr
 .text.z_impl_k_thread_name_set
                0x000000000000438a        0x6 zephyr/kernel/libkernel.a(thread.c.obj)
                0x000000000000438a                z_impl_k_thread_name_set
 .text.k_thread_name_get
                0x0000000000004390        0x4 zephyr/kernel/libkernel.a(thread.c.obj)
                0x0000000000004390                k_thread_name_get
 .text.z_impl_k_thread_start
                0x0000000000004394        0x4 zephyr/kernel/libkernel.a(thread.c.obj)
                0x0000000000004394                z_impl_k_thread_start
 .text.sys_dlist_remove
                0x0000000000004398       0x10 zephyr/kernel/libkernel.a(sched.c.obj)
 .text.unpend_thread_no_timeout
                0x00000000000043a8       0x14 zephyr/kernel/libkernel.a(sched.c.obj)
 .text.add_to_waitq_locked
                0x00000000000043bc       0x50 zephyr/kernel/libkernel.a(sched.c.obj)
 .text.z_ready_thread
                0x000000000000440c       0x1e zephyr/kernel/libkernel.a(sched.c.obj)
                0x000000000000440c                z_ready_thread
 .text.z_impl_k_thread_suspend
                0x000000000000442a       0x34 zephyr/kernel/libkernel.a(sched.c.obj)
                0x000000000000442a                z_impl_k_thread_suspend
 .text.z_unpend_thread_no_timeout
                0x000000000000445e       0x22 zephyr/kernel/libkernel.a(sched.c.obj)
                0x000000000000445e                z_unpend_thread_no_timeout
 .text.z_sched_wake_thread
                0x0000000000004480       0x42 zephyr/kernel/libkernel.a(sched.c.obj)
                0x0000000000004480                z_sched_wake_thread
 .text.z_thread_timeout
                0x00000000000044c2        0x8 zephyr/kernel/libkernel.a(sched.c.obj)
                0x00000000000044c2                z_thread_timeout
 .text.z_unpend1_no_timeout
                0x00000000000044ca       0x2c zephyr/kernel/libkernel.a(sched.c.obj)
                0x00000000000044ca                z_unpend1_no_timeout
 .text.z_unpend_first_thread
                0x00000000000044f6       0x36 zephyr/kernel/libkernel.a(sched.c.obj)
                0x00000000000044f6                z_unpend_first_thread
 .text.init_ready_q
                0x000000000000452c       0x12 zephyr/kernel/libkernel.a(sched.c.obj)
                0x000000000000452c                init_ready_q
 .text.z_thread_abort
                0x000000000000453e       0x44 zephyr/kernel/libkernel.a(sched.c.obj)
                0x000000000000453e                z_thread_abort
 .text.z_abort_timeout
                0x0000000000004582       0x2a zephyr/kernel/libkernel.a(timeout.c.obj)
                0x0000000000004582                z_abort_timeout
 .text.sys_clock_tick_get_32
                0x00000000000045ac        0x8 zephyr/kernel/libkernel.a(timeout.c.obj)
                0x00000000000045ac                sys_clock_tick_get_32
 .text.z_impl_k_uptime_ticks
                0x00000000000045b4        0x4 zephyr/kernel/libkernel.a(timeout.c.obj)
                0x00000000000045b4                z_impl_k_uptime_ticks
 .text.k_timer_init
                0x00000000000045b8       0x18 zephyr/kernel/libkernel.a(timer.c.obj)
                0x00000000000045b8                k_timer_init
 .text.z_impl_k_timer_stop
                0x00000000000045d0       0x38 zephyr/kernel/libkernel.a(timer.c.obj)
                0x00000000000045d0                z_impl_k_timer_stop
 .text.strcasecmp
                0x0000000000004608       0x30 /home/bava/zephyrproject/zephyr/zephyr-sdk-0.16.8/arm-zephyr-eabi/bin/../lib/gcc/../../picolibc/arm-zephyr-eabi/lib/thumb/v7-m/nofp/libc.a(libc_string_strcasecmp.c.o)
                0x0000000000004608                strcasecmp
 .text.strnlen  0x0000000000004638       0x18 /home/bava/zephyrproject/zephyr/zephyr-sdk-0.16.8/arm-zephyr-eabi/bin/../lib/gcc/../../picolibc/arm-zephyr-eabi/lib/thumb/v7-m/nofp/libc.a(libc_string_strnlen.c.o)
                0x0000000000004638                strnlen
 .text.__ultoa_invert
                0x0000000000004650       0xae /home/bava/zephyrproject/zephyr/zephyr-sdk-0.16.8/arm-zephyr-eabi/bin/../lib/gcc/../../picolibc/arm-zephyr-eabi/lib/thumb/v7-m/nofp/libc.a(libc_tinystdio_vflprintf.c.o)
 .text.memcpy   0x00000000000046fe       0x1c /home/bava/zephyrproject/zephyr/zephyr-sdk-0.16.8/arm-zephyr-eabi/bin/../lib/gcc/../../picolibc/arm-zephyr-eabi/lib/thumb/v7-m/nofp/libc.a(memcpy.c.o)
                0x00000000000046fe                memcpy
                0x00000000000046fe                __aeabi_memcpy
                0x00000000000046fe                __aeabi_memcpy4
                0x00000000000046fe                __aeabi_memcpy8
 .text.memset   0x000000000000471a       0x10 /home/bava/zephyrproject/zephyr/zephyr-sdk-0.16.8/arm-zephyr-eabi/bin/../lib/gcc/../../picolibc/arm-zephyr-eabi/lib/thumb/v7-m/nofp/libc.a(memset.c.o)
                0x000000000000471a                memset
 .text.__file_str_put
                0x000000000000472a       0x10 /home/bava/zephyrproject/zephyr/zephyr-sdk-0.16.8/arm-zephyr-eabi/bin/../lib/gcc/../../picolibc/arm-zephyr-eabi/lib/thumb/v7-m/nofp/libc.a(libc_tinystdio_filestrput.c.o)
                0x000000000000472a                __file_str_put
 *(SORT_BY_ALIGNMENT(.TEXT.*))
 *fill*         0x000000000000473a        0x2 
 .TEXT.__aeabi_read_tp
                0x000000000000473c        0xc zephyr/arch/arch/arm/core/cortex_m/libarch__arm__core__cortex_m.a(__aeabi_read_tp.S.obj)
                0x000000000000473c                __aeabi_read_tp
 *(SORT_BY_ALIGNMENT(.gnu.linkonce.t.*))
 *(SORT_BY_ALIGNMENT(.glue_7t))
 .glue_7t       0x0000000000004748        0x0 linker stubs
 *(SORT_BY_ALIGNMENT(.glue_7))
 .glue_7        0x0000000000004748        0x0 linker stubs
 *(SORT_BY_ALIGNMENT(.vfp11_veneer))
 .vfp11_veneer  0x0000000000004748        0x0 linker stubs
 *(SORT_BY_ALIGNMENT(.v4_bx))
 .v4_bx         0x0000000000004748        0x0 linker stubs
                0x0000000000004748                . = ALIGN (0x4)
                0x0000000000004748                __text_region_end = .

.ARM.exidx      0x0000000000004748        0x8
                0x0000000000004748                __exidx_start = .
 *(SORT_BY_ALIGNMENT(.ARM.exidx*) SORT_BY_ALIGNMENT(gnu.linkonce.armexidx.*))
 .ARM.exidx     0x0000000000004748        0x8 /home/bava/zephyrproject/zephyr/zephyr-sdk-0.16.8/arm-zephyr-eabi/bin/../lib/gcc/../../picolibc/arm-zephyr-eabi/lib/thumb/v7-m/nofp/libc.a(strlen.S.o)
                0x0000000000004750                __exidx_end = .
                0x0000000000004750                __rodata_region_start = .

initlevel       0x0000000000004750       0x78
                0x0000000000004750                __init_start = .
                0x0000000000004750                __init_EARLY_start = .
 *(SORT_BY_NAME(SORT_BY_ALIGNMENT(.z_init_EARLY?_*)))
 *(SORT_BY_NAME(SORT_BY_ALIGNMENT(.z_init_EARLY??_*)))
                0x0000000000004750                __init_PRE_KERNEL_1_start = .
 *(SORT_BY_NAME(SORT_BY_ALIGNMENT(.z_init_PRE_KERNEL_1?_*)))
 *(SORT_BY_NAME(SORT_BY_ALIGNMENT(.z_init_PRE_KERNEL_1??_*)))
 .z_init_PRE_KERNEL_150_00020_
                0x0000000000004750        0x8 zephyr/drivers/serial/libdrivers__serial.a(uart_stellaris.c.obj)
 .z_init_PRE_KERNEL_150_00021_
                0x0000000000004758        0x8 zephyr/drivers/serial/libdrivers__serial.a(uart_stellaris.c.obj)
 .z_init_PRE_KERNEL_150_00024_
                0x0000000000004760        0x8 zephyr/drivers/serial/libdrivers__serial.a(uart_stellaris.c.obj)
 .z_init_PRE_KERNEL_150_0_
                0x0000000000004768        0x8 zephyr/soc/soc/ti_lm3s6965/libsoc__ti__lm3s6965.a(soc_config.c.obj)
 .z_init_PRE_KERNEL_160_0_
                0x0000000000004770        0x8 zephyr/drivers/console/libdrivers__console.a(uart_console.c.obj)
                0x0000000000004778                __init_PRE_KERNEL_2_start = .
 *(SORT_BY_NAME(SORT_BY_ALIGNMENT(.z_init_PRE_KERNEL_2?_*)))
 .z_init_PRE_KERNEL_20_0_
                0x0000000000004778        0x8 zephyr/drivers/timer/libdrivers__timer.a(cortex_m_systick.c.obj)
 *(SORT_BY_NAME(SORT_BY_ALIGNMENT(.z_init_PRE_KERNEL_2??_*)))
                0x0000000000004780                __init_POST_KERNEL_start = .
 *(SORT_BY_NAME(SORT_BY_ALIGNMENT(.z_init_POST_KERNEL?_*)))
 .z_init_POST_KERNEL0_0_
                0x0000000000004780        0x8 zephyr/libzephyr.a(log_core.c.obj)
 *(SORT_BY_NAME(SORT_BY_ALIGNMENT(.z_init_POST_KERNEL??_*)))
 .z_init_POST_KERNEL35_0_
                0x0000000000004788        0x8 zephyr/lib/libc/common/liblib__libc__common.a(malloc.c.obj)
 .z_init_POST_KERNEL40_00008_
                0x0000000000004790        0x8 zephyr/drivers/gpio/libdrivers__gpio.a(gpio_stellaris.c.obj)
 .z_init_POST_KERNEL40_00012_
                0x0000000000004798        0x8 zephyr/drivers/gpio/libdrivers__gpio.a(gpio_stellaris.c.obj)
 .z_init_POST_KERNEL40_00013_
                0x00000000000047a0        0x8 zephyr/drivers/gpio/libdrivers__gpio.a(gpio_stellaris.c.obj)
 .z_init_POST_KERNEL40_00014_
                0x00000000000047a8        0x8 zephyr/drivers/gpio/libdrivers__gpio.a(gpio_stellaris.c.obj)
 .z_init_POST_KERNEL40_00015_
                0x00000000000047b0        0x8 zephyr/drivers/gpio/libdrivers__gpio.a(gpio_stellaris.c.obj)
 .z_init_POST_KERNEL40_00016_
                0x00000000000047b8        0x8 zephyr/drivers/gpio/libdrivers__gpio.a(gpio_stellaris.c.obj)
 .z_init_POST_KERNEL40_00017_
                0x00000000000047c0        0x8 zephyr/drivers/gpio/libdrivers__gpio.a(gpio_stellaris.c.obj)
                0x00000000000047c8                __init_APPLICATION_start = .
 *(SORT_BY_NAME(SORT_BY_ALIGNMENT(.z_init_APPLICATION?_*)))
 *(SORT_BY_NAME(SORT_BY_ALIGNMENT(.z_init_APPLICATION??_*)))
                0x00000000000047c8                __init_SMP_start = .
 *(SORT_BY_NAME(SORT_BY_ALIGNMENT(.z_init_SMP?_*)))
 *(SORT_BY_NAME(SORT_BY_ALIGNMENT(.z_init_SMP??_*)))
                0x00000000000047c8                __init_end = .
                0x00000000000047c8                __deferred_init_list_start = .
 *(SORT_BY_ALIGNMENT(.z_deferred_init*))
                0x00000000000047c8                __deferred_init_list_end = .

device_area     0x00000000000047c8       0xc8
                0x00000000000047c8                _device_list_start = .
 *(SORT_BY_NAME(SORT_BY_ALIGNMENT(._device.static.*_?_*)))
 *(SORT_BY_NAME(SORT_BY_ALIGNMENT(._device.static.*_??_*)))
 ._device.static.1_50_
                0x00000000000047c8       0x3c zephyr/drivers/serial/libdrivers__serial.a(uart_stellaris.c.obj)
                0x00000000000047c8                __device_dts_ord_24
                0x00000000000047dc                __device_dts_ord_21
                0x00000000000047f0                __device_dts_ord_20
 ._device.static.3_40_
                0x0000000000004804       0x8c zephyr/drivers/gpio/libdrivers__gpio.a(gpio_stellaris.c.obj)
                0x0000000000004804                __device_dts_ord_17
                0x0000000000004818                __device_dts_ord_16
                0x000000000000482c                __device_dts_ord_15
                0x0000000000004840                __device_dts_ord_14
                0x0000000000004854                __device_dts_ord_13
                0x0000000000004868                __device_dts_ord_12
                0x000000000000487c                __device_dts_ord_8
                0x0000000000004890                _device_list_end = .

sw_isr_table    0x0000000000004890      0x158
                0x0000000000004890                . = ALIGN (0x4)
 *(SORT_BY_ALIGNMENT(.gnu.linkonce.sw_isr_table*))
 .gnu.linkonce.sw_isr_table
                0x0000000000004890      0x158 zephyr/CMakeFiles/zephyr_final.dir/isr_tables.c.obj
                0x0000000000004890                _sw_isr_table

initlevel_error
                0x0000000000004750        0x0
 *(SORT_BY_NAME(SORT_BY_ALIGNMENT(.z_init_[_A-Z0-9]*)))
                0x0000000000000001                ASSERT ((SIZEOF (initlevel_error) == 0x0), Undefined initialization levels used.)

app_shmem_regions
                0x00000000000049e8        0x0
                0x00000000000049e8                __app_shmem_regions_start = .
 *(SORT_BY_NAME(SORT_BY_ALIGNMENT(.app_regions.*)))
                0x00000000000049e8                __app_shmem_regions_end = .

k_p4wq_initparam_area
                0x00000000000049e8        0x0
                0x00000000000049e8                _k_p4wq_initparam_list_start = .
 *(SORT_BY_NAME(SORT_BY_ALIGNMENT(._k_p4wq_initparam.static.*)))
                0x00000000000049e8                _k_p4wq_initparam_list_end = .

_static_thread_data_area
                0x00000000000049e8       0x30
                0x00000000000049e8                __static_thread_data_list_start = .
 *(SORT_BY_NAME(SORT_BY_ALIGNMENT(.__static_thread_data.static.*)))
 .__static_thread_data.static._k_thread_data_producer_
                0x00000000000049e8       0x30 app/libapp.a(main.c.obj)
                0x00000000000049e8                _k_thread_data_producer
                0x0000000000004a18                __static_thread_data_list_end = .

device_deps     0x0000000000004a18        0x0
                0x0000000000004a18                __device_deps_start = .
 *(SORT_BY_NAME(SORT_BY_ALIGNMENT(.__device_deps_pass2*)))
                0x0000000000004a18                __device_deps_end = .

ztest           0x0000000000004a18        0x0
                0x0000000000004a18                _ztest_expected_result_entry_list_start = .
 *(SORT_BY_NAME(SORT_BY_ALIGNMENT(._ztest_expected_result_entry.static.*)))
                0x0000000000004a18                _ztest_expected_result_entry_list_end = .
                0x0000000000004a18                _ztest_suite_node_list_start = .
 *(SORT_BY_NAME(SORT_BY_ALIGNMENT(._ztest_suite_node.static.*)))
                0x0000000000004a18                _ztest_suite_node_list_end = .
                0x0000000000004a18                _ztest_unit_test_list_start = .
 *(SORT_BY_NAME(SORT_BY_ALIGNMENT(._ztest_unit_test.static.*)))
                0x0000000000004a18                _ztest_unit_test_list_end = .
                0x0000000000004a18                _ztest_test_rule_list_start = .
 *(SORT_BY_NAME(SORT_BY_ALIGNMENT(._ztest_test_rule.static.*)))
                0x0000000000004a18                _ztest_test_rule_list_end = .

init_array      0x0000000000004a18        0x0
 *(SORT_BY_NAME(SORT_BY_ALIGNMENT(.ctors*)))
 *(SORT_BY_NAME(SORT_BY_ALIGNMENT(.init_array*)))
                0x0000000000000001                ASSERT ((SIZEOF (init_array) == 0x0), GNU-style constructors required but STATIC_INIT_GNU not enabled)

bt_l2cap_fixed_chan_area
                0x0000000000004a18        0x0
                0x0000000000004a18                _bt_l2cap_fixed_chan_list_start = .
 *(SORT_BY_NAME(SORT_BY_ALIGNMENT(._bt_l2cap_fixed_chan.static.*)))
                0x0000000000004a18                _bt_l2cap_fixed_chan_list_end = .

bt_gatt_service_static_area
                0x0000000000004a18        0x0
                0x0000000000004a18                _bt_gatt_service_static_list_start = .
 *(SORT_BY_NAME(SORT_BY_ALIGNMENT(._bt_gatt_service_static.static.*)))
                0x0000000000004a18                _bt_gatt_service_static_list_end = .

log_strings_area
                0x0000000000004a18        0x0
                0x0000000000004a18                _log_strings_list_start = .
 *(SORT_BY_NAME(SORT_BY_ALIGNMENT(._log_strings.static.*)))
                0x0000000000004a18                _log_strings_list_end = .

log_const_area  0x0000000000004a18       0x30
                0x0000000000004a18                _log_const_list_start = .
 *(SORT_BY_NAME(SORT_BY_ALIGNMENT(._log_const.static.*)))
 ._log_const.static.log_const_app_
                0x0000000000004a18        0x8 app/libapp.a(main.c.obj)
                0x0000000000004a18                log_const_app
 ._log_const.static.log_const_cbprintf_package_
                0x0000000000004a20        0x8 zephyr/libzephyr.a(cbprintf_packaged.c.obj)
                0x0000000000004a20                log_const_cbprintf_package
 ._log_const.static.log_const_log_
                0x0000000000004a28        0x8 zephyr/libzephyr.a(log_core.c.obj)
                0x0000000000004a28                log_const_log
 ._log_const.static.log_const_log_mgmt_
                0x0000000000004a30        0x8 zephyr/libzephyr.a(log_mgmt.c.obj)
                0x0000000000004a30                log_const_log_mgmt
 ._log_const.static.log_const_log_uart_
                0x0000000000004a38        0x8 zephyr/libzephyr.a(log_backend_uart.c.obj)
                0x0000000000004a38                log_const_log_uart
 ._log_const.static.log_const_os_
                0x0000000000004a40        0x8 zephyr/kernel/libkernel.a(init.c.obj)
                0x0000000000004a40                log_const_os
                0x0000000000004a48                _log_const_list_end = .

log_backend_area
                0x0000000000004a48       0x10
                0x0000000000004a48                _log_backend_list_start = .
 *(SORT_BY_NAME(SORT_BY_ALIGNMENT(._log_backend.static.*)))
 ._log_backend.static.log_backend_uart_
                0x0000000000004a48       0x10 zephyr/libzephyr.a(log_backend_uart.c.obj)
                0x0000000000004a58                _log_backend_list_end = .

log_link_area   0x0000000000004a58        0x0
                0x0000000000004a58                _log_link_list_start = .
 *(SORT_BY_NAME(SORT_BY_ALIGNMENT(._log_link.static.*)))
                0x0000000000004a58                _log_link_list_end = .

tracing_backend_area
                0x0000000000004a58        0x0
                0x0000000000004a58                _tracing_backend_list_start = .
 *(SORT_BY_NAME(SORT_BY_ALIGNMENT(._tracing_backend.static.*)))
                0x0000000000004a58                _tracing_backend_list_end = .

zephyr_dbg_info
 *(SORT_BY_ALIGNMENT(.dbg_thread_info))

intc_table_area
                0x0000000000004a58        0x0
                0x0000000000004a58                _intc_table_list_start = .
 *(SORT_BY_NAME(SORT_BY_ALIGNMENT(._intc_table.static.*)))
                0x0000000000004a58                _intc_table_list_end = .

symbol_to_keep  0x0000000000004a58        0x0
                0x0000000000004a58                __symbol_to_keep_start = .
 *(SORT_BY_NAME(SORT_BY_ALIGNMENT(.symbol_to_keep*)))
                0x0000000000004a58                __symbol_to_keep_end = .

shell_area      0x0000000000004a58        0x0
                0x0000000000004a58                _shell_list_start = .
 *(SORT_BY_NAME(SORT_BY_ALIGNMENT(._shell.static.*)))
                0x0000000000004a58                _shell_list_end = .

shell_root_cmds_area
                0x0000000000004a58        0x0
                0x0000000000004a58                _shell_root_cmds_list_start = .
 *(SORT_BY_NAME(SORT_BY_ALIGNMENT(._shell_root_cmds.static.*)))
                0x0000000000004a58                _shell_root_cmds_list_end = .

shell_subcmds_area
                0x0000000000004a58        0x0
                0x0000000000004a58                _shell_subcmds_list_start = .
 *(SORT_BY_NAME(SORT_BY_ALIGNMENT(._shell_subcmds.static.*)))
                0x0000000000004a58                _shell_subcmds_list_end = .

shell_dynamic_subcmds_area
                0x0000000000004a58        0x0
                0x0000000000004a58                _shell_dynamic_subcmds_list_start = .
 *(SORT_BY_NAME(SORT_BY_ALIGNMENT(._shell_dynamic_subcmds.static.*)))
                0x0000000000004a58                _shell_dynamic_subcmds_list_end = .

cfb_font_area   0x0000000000004a58        0x0
                0x0000000000004a58                _cfb_font_list_start = .
 *(SORT_BY_NAME(SORT_BY_ALIGNMENT(._cfb_font.static.*)))
                0x0000000000004a58                _cfb_font_list_end = .

tdata           0x0000000000004a58        0x0
 *(SORT_BY_ALIGNMENT(.tdata) SORT_BY_ALIGNMENT(.tdata.*) SORT_BY_ALIGNMENT(.gnu.linkonce.td.*))

tbss            0x0000000000004a58        0x4
 *(SORT_BY_ALIGNMENT(.tbss) SORT_BY_ALIGNMENT(.tbss.*) SORT_BY_ALIGNMENT(.gnu.linkonce.tb.*) SORT_BY_ALIGNMENT(.tcommon))
 .tbss.z_tls_current
                0x0000000000004a58        0x4 zephyr/libzephyr.a(thread_entry.c.obj)
                0x0000000000004a58                z_tls_current
                0x0000000000004a58                PROVIDE (__tdata_start = LOADADDR (tdata))
                0x0000000000000001                PROVIDE (__tdata_align = ALIGNOF (tdata))
                0x0000000000000000                PROVIDE (__tdata_size = (((SIZEOF (tdata) + __tdata_align) - 0x1) & ~ ((__tdata_align - 0x1))))
                [!provide]                        PROVIDE (__tdata_end = (__tdata_start + __tdata_size))
                0x0000000000000004                PROVIDE (__tbss_align = ALIGNOF (tbss))
                [!provide]                        PROVIDE (__tbss_start = ADDR (tbss))
                0x0000000000000004                PROVIDE (__tbss_size = (((SIZEOF (tbss) + __tbss_align) - 0x1) & ~ ((__tbss_align - 0x1))))
                [!provide]                        PROVIDE (__tbss_end = (__tbss_start + __tbss_size))
                [!provide]                        PROVIDE (__tls_start = __tdata_start)
                [!provide]                        PROVIDE (__tls_end = __tbss_end)
                [!provide]                        PROVIDE (__tls_size = (__tbss_end - __tdata_start))

rodata          0x0000000000004a58      0xa18
 *(SORT_BY_ALIGNMENT(.rodata))
 *(SORT_BY_ALIGNMENT(.rodata.*))
 .rodata.mpsc_config
                0x0000000000004a58       0x14 zephyr/libzephyr.a(log_core.c.obj)
 .rodata.format_table
                0x0000000000004a6c       0x10 zephyr/libzephyr.a(log_core.c.obj)
 .rodata.colors
                0x0000000000004a7c       0x14 zephyr/libzephyr.a(log_output.c.obj)
 .rodata.severity
                0x0000000000004a90       0x14 zephyr/libzephyr.a(log_output.c.obj)
 .rodata.lbu_cb_ctx
                0x0000000000004aa4        0x8 zephyr/libzephyr.a(log_backend_uart.c.obj)
 .rodata.lbu_output
                0x0000000000004aac       0x10 zephyr/libzephyr.a(log_backend_uart.c.obj)
 .rodata.log_backend_uart_api
                0x0000000000004abc       0x1c zephyr/libzephyr.a(log_backend_uart.c.obj)
                0x0000000000004abc                log_backend_uart_api
 .rodata.gpio_stellaris_port_6_config
                0x0000000000004ad8       0x10 zephyr/drivers/gpio/libdrivers__gpio.a(gpio_stellaris.c.obj)
 .rodata.gpio_stellaris_port_5_config
                0x0000000000004ae8       0x10 zephyr/drivers/gpio/libdrivers__gpio.a(gpio_stellaris.c.obj)
 .rodata.gpio_stellaris_port_4_config
                0x0000000000004af8       0x10 zephyr/drivers/gpio/libdrivers__gpio.a(gpio_stellaris.c.obj)
 .rodata.gpio_stellaris_port_3_config
                0x0000000000004b08       0x10 zephyr/drivers/gpio/libdrivers__gpio.a(gpio_stellaris.c.obj)
 .rodata.gpio_stellaris_port_2_config
                0x0000000000004b18       0x10 zephyr/drivers/gpio/libdrivers__gpio.a(gpio_stellaris.c.obj)
 .rodata.gpio_stellaris_port_1_config
                0x0000000000004b28       0x10 zephyr/drivers/gpio/libdrivers__gpio.a(gpio_stellaris.c.obj)
 .rodata.gpio_stellaris_port_0_config
                0x0000000000004b38       0x10 zephyr/drivers/gpio/libdrivers__gpio.a(gpio_stellaris.c.obj)
 .rodata.gpio_stellaris_driver_api
                0x0000000000004b48       0x24 zephyr/drivers/gpio/libdrivers__gpio.a(gpio_stellaris.c.obj)
 .rodata.uart_stellaris_dev_cfg_2
                0x0000000000004b6c        0xc zephyr/drivers/serial/libdrivers__serial.a(uart_stellaris.c.obj)
 .rodata.uart_stellaris_dev_cfg_0
                0x0000000000004b78        0xc zephyr/drivers/serial/libdrivers__serial.a(uart_stellaris.c.obj)
 .rodata.uart_stellaris_driver_api
                0x0000000000004b84       0x4c zephyr/drivers/serial/libdrivers__serial.a(uart_stellaris.c.obj)
 .rodata.CSWTCH.486
                0x0000000000004bd0       0x14 zephyr/kernel/libkernel.a(fatal.c.obj)
 .rodata.levels.0
                0x0000000000004be4       0x18 zephyr/kernel/libkernel.a(init.c.obj)
 .rodata.producer_thread.str1.1
                0x0000000000004bfc       0xe2 app/libapp.a(main.c.obj)
                                         0xe5 (size before relaxing)
 .rodata.main.str1.1
                0x0000000000004cde       0x3b app/libapp.a(main.c.obj)
 .rodata.str1.1
                0x0000000000004d19        0xd app/libapp.a(main.c.obj)
 .rodata.cbprintf_package_convert.str1.1
                0x0000000000004d26       0xa3 zephyr/libzephyr.a(cbprintf_packaged.c.obj)
 .rodata.str1.1
                0x0000000000004dc9       0x11 zephyr/libzephyr.a(cbprintf_packaged.c.obj)
 .rodata.enable_logger.str1.1
                0x0000000000004dda        0x8 zephyr/libzephyr.a(log_core.c.obj)
 .rodata.str1.1
                0x0000000000004de2        0x4 zephyr/libzephyr.a(log_core.c.obj)
 .rodata.str1.1
                0x0000000000004de6        0x9 zephyr/libzephyr.a(log_mgmt.c.obj)
 .rodata.z_impl_z_log_msg_static_create.str1.1
                0x0000000000004def       0x3f zephyr/libzephyr.a(log_msg.c.obj)
 .rodata.z_log_msg_runtime_vcreate.str1.1
                0x0000000000004e2e       0x38 zephyr/libzephyr.a(log_msg.c.obj)
 .rodata.newline_print.str1.1
                0x0000000000004e66       0x38 zephyr/libzephyr.a(log_output.c.obj)
                                          0x5 (size before relaxing)
 .rodata.log_output_process.str1.1
                0x0000000000004e66       0x4f zephyr/libzephyr.a(log_output.c.obj)
                                         0x51 (size before relaxing)
 .rodata.log_output_dropped_process.str1.1
                0x0000000000004eb5       0x4f zephyr/libzephyr.a(log_output.c.obj)
                                          0x3 (size before relaxing)
 .rodata.postfix.0
                0x0000000000004eb5       0x1c zephyr/libzephyr.a(log_output.c.obj)
 .rodata.prefix.1
                0x0000000000004ed1        0xc zephyr/libzephyr.a(log_output.c.obj)
 .rodata.str1.1
                0x0000000000004edd       0x20 zephyr/libzephyr.a(log_output.c.obj)
 .rodata.str1.1
                0x0000000000004efd       0x1a zephyr/libzephyr.a(log_backend_uart.c.obj)
 .rodata.z_arm_fatal_error.str1.1
                0x0000000000004f17       0xae zephyr/arch/arch/arm/core/libarch__arm__core.a(fatal.c.obj)
 .rodata.mem_manage_fault.constprop.0.str1.1
                0x0000000000004fc5       0xa9 zephyr/arch/arch/arm/core/cortex_m/libarch__arm__core__cortex_m.a(fault.c.obj)
 .rodata.usage_fault.constprop.0.str1.1
                0x000000000000506e       0xcd zephyr/arch/arch/arm/core/cortex_m/libarch__arm__core__cortex_m.a(fault.c.obj)
 .rodata.bus_fault.constprop.0.str1.1
                0x000000000000513b       0x88 zephyr/arch/arch/arm/core/cortex_m/libarch__arm__core__cortex_m.a(fault.c.obj)
 .rodata.z_arm_fault.str1.1
                0x00000000000051c3      0x111 zephyr/arch/arch/arm/core/cortex_m/libarch__arm__core__cortex_m.a(fault.c.obj)
 .rodata.str1.1
                0x00000000000052d4       0x62 zephyr/drivers/gpio/libdrivers__gpio.a(gpio_stellaris.c.obj)
 .rodata.str1.1
                0x0000000000005336       0x2a zephyr/drivers/serial/libdrivers__serial.a(uart_stellaris.c.obj)
 .rodata.k_sys_fatal_error_handler.str1.1
                0x0000000000005360        0xf zephyr/kernel/libkernel.a(fatal.c.obj)
 .rodata.z_fatal_error.str1.1
                0x000000000000536f       0x77 zephyr/kernel/libkernel.a(fatal.c.obj)
 .rodata.str1.1
                0x00000000000053e6       0x4a zephyr/kernel/libkernel.a(fatal.c.obj)
 .rodata.z_cstart.str1.1
                0x0000000000005430        0x5 zephyr/kernel/libkernel.a(init.c.obj)
 .rodata.str1.1
                0x0000000000005435        0x3 zephyr/kernel/libkernel.a(init.c.obj)
 .rodata.boot_banner.str1.1
                0x0000000000005438       0x28 zephyr/kernel/libkernel.a(banner.c.obj)
 .rodata.__l_vfprintf.str1.1
                0x0000000000005460        0xf /home/bava/zephyrproject/zephyr/zephyr-sdk-0.16.8/arm-zephyr-eabi/bin/../lib/gcc/../../picolibc/arm-zephyr-eabi/lib/thumb/v7-m/nofp/libc.a(libc_tinystdio_vflprintf.c.o)
 *(SORT_BY_ALIGNMENT(.gnu.linkonce.r.*))
                0x0000000000005470                . = ALIGN (0x4)
 *fill*         0x000000000000546f        0x1 
                0x0000000000005470                __rodata_region_end = .
                0x0000000000005470                . = ALIGN (_region_min_align)
                0x0000000000005470                __rom_region_end = ((__rom_region_start + .) - ADDR (rom_start))

/DISCARD/
 *(SORT_BY_ALIGNMENT(.got.plt))
 *(SORT_BY_ALIGNMENT(.igot.plt))
 *(SORT_BY_ALIGNMENT(.got))
 *(SORT_BY_ALIGNMENT(.igot))
                0x0000000020000000                . = 0x20000000
                0x0000000020000000                . = ALIGN (_region_min_align)
                0x0000000020000000                _image_ram_start = .

.ramfunc        0x0000000020000000        0x0 load address 0x0000000000005470
                0x0000000020000000                . = ALIGN (_region_min_align)
                0x0000000020000000                __ramfunc_start = .
 *(SORT_BY_ALIGNMENT(.ramfunc))
 *(SORT_BY_ALIGNMENT(.ramfunc.*))
                0x0000000020000000                . = ALIGN (_region_min_align)
                0x0000000020000000                __ramfunc_end = .
                0x0000000000000000                __ramfunc_size = (__ramfunc_end - __ramfunc_start)
                0x0000000000005470                __ramfunc_load_start = LOADADDR (.ramfunc)

datas           0x0000000020000000       0x79 load address 0x0000000000005470
                0x0000000020000000                __data_region_start = .
                0x0000000020000000                __data_start = .
 *(SORT_BY_ALIGNMENT(.data))
 *(SORT_BY_ALIGNMENT(.data.*))
 .data.rx_buf   0x0000000020000000       0x20 app/libapp.a(main.c.obj)
                0x0000000020000000                rx_buf
 .data._char_out
                0x0000000020000020        0x4 zephyr/libzephyr.a(printk.c.obj)
                0x0000000020000020                _char_out
 .data.timestamp_func
                0x0000000020000024        0x4 zephyr/libzephyr.a(log_core.c.obj)
 .data.backend_cb_log_backend_uart
                0x0000000020000028        0x8 zephyr/libzephyr.a(log_backend_uart.c.obj)
 .data.__stdout
                0x0000000020000030       0x10 zephyr/lib/libc/picolibc/liblib__libc__picolibc.a(libc-hooks.c.obj)
 .data.uart_stellaris_dev_data_2
                0x0000000020000040        0xc zephyr/drivers/serial/libdrivers__serial.a(uart_stellaris.c.obj)
 .data.uart_stellaris_dev_data_1
                0x000000002000004c        0xc zephyr/drivers/serial/libdrivers__serial.a(uart_stellaris.c.obj)
 .data.uart_stellaris_dev_cfg_1
                0x0000000020000058        0xc zephyr/drivers/serial/libdrivers__serial.a(uart_stellaris.c.obj)
 .data.uart_stellaris_dev_data_0
                0x0000000020000064        0xc zephyr/drivers/serial/libdrivers__serial.a(uart_stellaris.c.obj)
 .data.timeout_list
                0x0000000020000070        0x8 zephyr/kernel/libkernel.a(timeout.c.obj)
 .data.first_time.0
                0x0000000020000078        0x1 zephyr/drivers/serial/libdrivers__serial.a(uart_stellaris.c.obj)
 *(SORT_BY_ALIGNMENT(.kernel.*))
                0x0000000020000079                __data_end = .
                0x0000000000000079                __data_size = (__data_end - __data_start)
                0x0000000000005470                __data_load_start = LOADADDR (datas)
                0x0000000000005470                __data_region_load_start = LOADADDR (datas)

device_states   0x0000000020000079       0x14 load address 0x00000000000054e9
                0x0000000020000079                __device_states_start = .
 *(SORT_BY_ALIGNMENT(.z_devstate))
 .z_devstate    0x0000000020000079        0xe zephyr/drivers/gpio/libdrivers__gpio.a(gpio_stellaris.c.obj)
 .z_devstate    0x0000000020000087        0x6 zephyr/drivers/serial/libdrivers__serial.a(uart_stellaris.c.obj)
 *(SORT_BY_ALIGNMENT(.z_devstate.*))
                0x000000002000008d                __device_states_end = .

log_mpsc_pbuf_area
                0x0000000020000090       0x38 load address 0x0000000000005500
                0x0000000020000090                _log_mpsc_pbuf_list_start = .
 *(SORT_BY_NAME(SORT_BY_ALIGNMENT(._log_mpsc_pbuf.static.*)))
 ._log_mpsc_pbuf.static.log_buffer_
                0x0000000020000090       0x38 zephyr/libzephyr.a(log_core.c.obj)
                0x00000000200000c8                _log_mpsc_pbuf_list_end = .

log_msg_ptr_area
                0x00000000200000c8        0x4 load address 0x0000000000005538
                0x00000000200000c8                _log_msg_ptr_list_start = .
 *(SORT_BY_NAME(SORT_BY_ALIGNMENT(._log_msg_ptr.static.*)))
 ._log_msg_ptr.static.log_msg_ptr_
                0x00000000200000c8        0x4 zephyr/libzephyr.a(log_core.c.obj)
                0x00000000200000cc                _log_msg_ptr_list_end = .

log_dynamic_area
                0x00000000200000cc        0x0 load address 0x000000000000553c
                0x00000000200000cc                _log_dynamic_list_start = .
 *(SORT_BY_NAME(SORT_BY_ALIGNMENT(._log_dynamic.static.*)))
                0x00000000200000cc                _log_dynamic_list_end = .

k_timer_area    0x00000000200000cc        0x0 load address 0x000000000000553c
                0x00000000200000cc                _k_timer_list_start = .
 *(SORT_BY_NAME(SORT_BY_ALIGNMENT(._k_timer.static.*)))
                0x00000000200000cc                _k_timer_list_end = .

k_mem_slab_area
                0x00000000200000cc        0x0 load address 0x000000000000553c
                0x00000000200000cc                _k_mem_slab_list_start = .
 *(SORT_BY_NAME(SORT_BY_ALIGNMENT(._k_mem_slab.static.*)))
                0x00000000200000cc                _k_mem_slab_list_end = .

k_heap_area     0x00000000200000cc        0x0 load address 0x000000000000553c
                0x00000000200000cc                _k_heap_list_start = .
 *(SORT_BY_NAME(SORT_BY_ALIGNMENT(._k_heap.static.*)))
                0x00000000200000cc                _k_heap_list_end = .

k_mutex_area    0x00000000200000cc        0x0 load address 0x000000000000553c
                0x00000000200000cc                _k_mutex_list_start = .
 *(SORT_BY_NAME(SORT_BY_ALIGNMENT(._k_mutex.static.*)))
                0x00000000200000cc                _k_mutex_list_end = .

k_stack_area    0x00000000200000cc        0x0 load address 0x000000000000553c
                0x00000000200000cc                _k_stack_list_start = .
 *(SORT_BY_NAME(SORT_BY_ALIGNMENT(._k_stack.static.*)))
                0x00000000200000cc                _k_stack_list_end = .

k_msgq_area     0x00000000200000cc        0x0 load address 0x000000000000553c
                0x00000000200000cc                _k_msgq_list_start = .
 *(SORT_BY_NAME(SORT_BY_ALIGNMENT(._k_msgq.static.*)))
                0x00000000200000cc                _k_msgq_list_end = .

k_mbox_area     0x00000000200000cc        0x0 load address 0x000000000000553c
                0x00000000200000cc                _k_mbox_list_start = .
 *(SORT_BY_NAME(SORT_BY_ALIGNMENT(._k_mbox.static.*)))
                0x00000000200000cc                _k_mbox_list_end = .

k_pipe_area     0x00000000200000cc        0x0 load address 0x000000000000553c
                0x00000000200000cc                _k_pipe_list_start = .
 *(SORT_BY_NAME(SORT_BY_ALIGNMENT(._k_pipe.static.*)))
                0x00000000200000cc                _k_pipe_list_end = .

k_sem_area      0x00000000200000cc       0x20 load address 0x000000000000553c
                0x00000000200000cc                _k_sem_list_start = .
 *(SORT_BY_NAME(SORT_BY_ALIGNMENT(._k_sem.static.*)))
 ._k_sem.static.log_process_thread_sem_
                0x00000000200000cc       0x10 zephyr/libzephyr.a(log_core.c.obj)
                0x00000000200000cc                log_process_thread_sem
 ._k_sem.static.rx_sem_
                0x00000000200000dc       0x10 app/libapp.a(main.c.obj)
                0x00000000200000dc                rx_sem
                0x00000000200000ec                _k_sem_list_end = .

k_event_area    0x00000000200000ec        0x0 load address 0x000000000000555c
                0x00000000200000ec                _k_event_list_start = .
 *(SORT_BY_NAME(SORT_BY_ALIGNMENT(._k_event.static.*)))
                0x00000000200000ec                _k_event_list_end = .

k_queue_area    0x00000000200000ec        0x0 load address 0x000000000000555c
                0x00000000200000ec                _k_queue_list_start = .
 *(SORT_BY_NAME(SORT_BY_ALIGNMENT(._k_queue.static.*)))
                0x00000000200000ec                _k_queue_list_end = .

k_fifo_area     0x00000000200000ec        0x0 load address 0x000000000000555c
                0x00000000200000ec                _k_fifo_list_start = .
 *(SORT_BY_NAME(SORT_BY_ALIGNMENT(._k_fifo.static.*)))
                0x00000000200000ec                _k_fifo_list_end = .

k_lifo_area     0x00000000200000ec        0x0 load address 0x000000000000555c
                0x00000000200000ec                _k_lifo_list_start = .
 *(SORT_BY_NAME(SORT_BY_ALIGNMENT(._k_lifo.static.*)))
                0x00000000200000ec                _k_lifo_list_end = .

k_condvar_area  0x00000000200000ec        0x0 load address 0x000000000000555c
                0x00000000200000ec                _k_condvar_list_start = .
 *(SORT_BY_NAME(SORT_BY_ALIGNMENT(._k_condvar.static.*)))
                0x00000000200000ec                _k_condvar_list_end = .

sys_mem_blocks_ptr_area
                0x00000000200000ec        0x0 load address 0x000000000000555c
                0x00000000200000ec                _sys_mem_blocks_ptr_list_start = .
 *(SORT_BY_NAME(SORT_BY_ALIGNMENT(._sys_mem_blocks_ptr.static.*)))
                0x00000000200000ec                _sys_mem_blocks_ptr_list_end = .

net_buf_pool_area
                0x00000000200000ec        0x0 load address 0x000000000000555c
                0x00000000200000ec                _net_buf_pool_list_start = .
 *(SORT_BY_NAME(SORT_BY_ALIGNMENT(._net_buf_pool.static.*)))
                0x00000000200000ec                _net_buf_pool_list_end = .
                0x00000000200000ec                __data_region_end = .

bss             0x00000000200000f0      0x879
                0x00000000200000f0                . = ALIGN (0x4)
                0x00000000200000f0                __bss_start = .
                0x00000000200000f0                __kernel_ram_start = .
 *(SORT_BY_ALIGNMENT(.bss))
 *(SORT_BY_ALIGNMENT(.bss.*))
 .bss._k_thread_obj_producer
                0x00000000200000f0       0x70 app/libapp.a(main.c.obj)
                0x00000000200000f0                _k_thread_obj_producer
 .bss.logging_thread
                0x0000000020000160       0x70 zephyr/libzephyr.a(log_core.c.obj)
                0x0000000020000160                logging_thread
 .bss.buf32     0x00000000200001d0      0x400 zephyr/libzephyr.a(log_core.c.obj)
 .bss.last_failure_report
                0x00000000200005d0        0x8 zephyr/libzephyr.a(log_core.c.obj)
 .bss.log_process_thread_timer
                0x00000000200005d8       0x38 zephyr/libzephyr.a(log_core.c.obj)
 .bss.z_idle_threads
                0x0000000020000610       0x70 zephyr/kernel/libkernel.a(init.c.obj)
                0x0000000020000610                z_idle_threads
 .bss.z_main_thread
                0x0000000020000680       0x70 zephyr/kernel/libkernel.a(init.c.obj)
                0x0000000020000680                z_main_thread
 .bss._thread_dummy
                0x00000000200006f0       0x70 zephyr/kernel/libkernel.a(sched.c.obj)
                0x00000000200006f0                _thread_dummy
 .bss.slice_timeouts
                0x0000000020000760       0x18 zephyr/kernel/libkernel.a(timeslicing.c.obj)
 .bss.curr_tick
                0x0000000020000778        0x8 zephyr/kernel/libkernel.a(timeout.c.obj)
 .bss.curr_log_buffer
                0x0000000020000780        0x4 zephyr/libzephyr.a(log_core.c.obj)
 .bss.proc_tid  0x0000000020000784        0x4 zephyr/libzephyr.a(log_core.c.obj)
 .bss.dropped_cnt
                0x0000000020000788        0x4 zephyr/libzephyr.a(log_core.c.obj)
 .bss.buffered_cnt
                0x000000002000078c        0x4 zephyr/libzephyr.a(log_core.c.obj)
 .bss.initialized
                0x0000000020000790        0x4 zephyr/libzephyr.a(log_core.c.obj)
 .bss.timestamp_div
                0x0000000020000794        0x4 zephyr/libzephyr.a(log_output.c.obj)
 .bss.freq      0x0000000020000798        0x4 zephyr/libzephyr.a(log_output.c.obj)
 .bss.lbu_data  0x000000002000079c       0x18 zephyr/libzephyr.a(log_backend_uart.c.obj)
 .bss.lbu_output_control_block
                0x00000000200007b4        0xc zephyr/libzephyr.a(log_backend_uart.c.obj)
 .bss.z_arm_tls_ptr
                0x00000000200007c0        0x4 zephyr/arch/arch/arm/core/libarch__arm__core.a(tls.c.obj)
                0x00000000200007c0                z_arm_tls_ptr
 .bss._stdout_hook
                0x00000000200007c4        0x4 zephyr/lib/libc/picolibc/liblib__libc__picolibc.a(libc-hooks.c.obj)
 .bss.z_malloc_heap
                0x00000000200007c8        0xc zephyr/lib/libc/common/liblib__libc__common.a(malloc.c.obj)
 .bss.port_6_stellaris_runtime
                0x00000000200007d4        0xc zephyr/drivers/gpio/libdrivers__gpio.a(gpio_stellaris.c.obj)
 .bss.port_5_stellaris_runtime
                0x00000000200007e0        0xc zephyr/drivers/gpio/libdrivers__gpio.a(gpio_stellaris.c.obj)
 .bss.port_4_stellaris_runtime
                0x00000000200007ec        0xc zephyr/drivers/gpio/libdrivers__gpio.a(gpio_stellaris.c.obj)
 .bss.port_3_stellaris_runtime
                0x00000000200007f8        0xc zephyr/drivers/gpio/libdrivers__gpio.a(gpio_stellaris.c.obj)
 .bss.port_2_stellaris_runtime
                0x0000000020000804        0xc zephyr/drivers/gpio/libdrivers__gpio.a(gpio_stellaris.c.obj)
 .bss.port_1_stellaris_runtime
                0x0000000020000810        0xc zephyr/drivers/gpio/libdrivers__gpio.a(gpio_stellaris.c.obj)
 .bss.port_0_stellaris_runtime
                0x000000002000081c        0xc zephyr/drivers/gpio/libdrivers__gpio.a(gpio_stellaris.c.obj)
 .bss.overflow_cyc
                0x0000000020000828        0x4 zephyr/drivers/timer/libdrivers__timer.a(cortex_m_systick.c.obj)
 .bss.announced_cycles
                0x000000002000082c        0x4 zephyr/drivers/timer/libdrivers__timer.a(cortex_m_systick.c.obj)
 .bss.cycle_count
                0x0000000020000830        0x4 zephyr/drivers/timer/libdrivers__timer.a(cortex_m_systick.c.obj)
 .bss.last_load
                0x0000000020000834        0x4 zephyr/drivers/timer/libdrivers__timer.a(cortex_m_systick.c.obj)
 .bss._kernel   0x0000000020000838      0x11c zephyr/kernel/libkernel.a(init.c.obj)
                0x0000000020000838                _kernel
 .bss.pending_current
                0x0000000020000954        0x4 zephyr/kernel/libkernel.a(timeslicing.c.obj)
                0x0000000020000954                pending_current
 .bss.slice_max_prio
                0x0000000020000958        0x4 zephyr/kernel/libkernel.a(timeslicing.c.obj)
 .bss.slice_ticks
                0x000000002000095c        0x4 zephyr/kernel/libkernel.a(timeslicing.c.obj)
 .bss.announce_remaining
                0x0000000020000960        0x4 zephyr/kernel/libkernel.a(timeout.c.obj)
 .bss.backend_attached
                0x0000000020000964        0x1 zephyr/libzephyr.a(log_core.c.obj)
 .bss.panic_mode
                0x0000000020000965        0x1 zephyr/libzephyr.a(log_core.c.obj)
 .bss.lbu_buffer
                0x0000000020000966        0x1 zephyr/libzephyr.a(log_backend_uart.c.obj)
 .bss.z_sys_post_kernel
                0x0000000020000967        0x1 zephyr/kernel/libkernel.a(init.c.obj)
                0x0000000020000967                z_sys_post_kernel
 .bss.lock      0x0000000020000968        0x0 zephyr/kernel/libkernel.a(sem.c.obj)
 .bss._sched_spinlock
                0x0000000020000968        0x0 zephyr/kernel/libkernel.a(sched.c.obj)
                0x0000000020000968                _sched_spinlock
 .bss.slice_expired
                0x0000000020000968        0x1 zephyr/kernel/libkernel.a(timeslicing.c.obj)
 *(SORT_BY_ALIGNMENT(COMMON))
 *(SORT_BY_ALIGNMENT(.kernel_bss.*))
                0x000000002000096c                __bss_end = ALIGN (0x4)

noinit          0x0000000020000970     0x1500
 *(SORT_BY_ALIGNMENT(.noinit))
 *(SORT_BY_ALIGNMENT(.noinit.*))
 .noinit."CMAKE_SOURCE_DIR/src/main.c".1
                0x0000000020000970      0x400 app/libapp.a(main.c.obj)
                0x0000000020000970                _k_thread_stack_producer
 .noinit."WEST_TOPDIR/zephyr/subsys/logging/log_core.c".0
                0x0000000020000d70      0x300 zephyr/libzephyr.a(log_core.c.obj)
                0x0000000020000d70                logging_stack
 .noinit."WEST_TOPDIR/zephyr/kernel/init.c".2
                0x0000000020001070      0x800 zephyr/kernel/libkernel.a(init.c.obj)
                0x0000000020001070                z_interrupt_stacks
 .noinit."WEST_TOPDIR/zephyr/kernel/init.c".1
                0x0000000020001870      0x100 zephyr/kernel/libkernel.a(init.c.obj)
 .noinit."WEST_TOPDIR/zephyr/kernel/init.c".0
                0x0000000020001970      0x400 zephyr/kernel/libkernel.a(init.c.obj)
                0x0000000020001970                z_main_stack
 .noinit."CMAKE_SOURCE_DIR/src/main.c".0
                0x0000000020001d70      0x100 app/libapp.a(main.c.obj)
 *(SORT_BY_ALIGNMENT(.kernel_noinit.*))
                0x0000000020010000                __kernel_ram_end = 0x20010000
                0x000000000000ff10                __kernel_ram_size = (__kernel_ram_end - __kernel_ram_start)

/DISCARD/
 *(SORT_BY_ALIGNMENT(.irq_info*))
 *(SORT_BY_ALIGNMENT(.intList*))

.last_ram_section
                0x0000000020001e70        0x0
                0x0000000020001e70                _image_ram_end = .
                0x0000000000001e70                _image_ram_size = (_image_ram_end - _image_ram_start)
                0x0000000020001e70                _end = .
                0x0000000020001e70                z_mapped_end = .

.stab
 *(SORT_BY_ALIGNMENT(.stab))

.stabstr
 *(SORT_BY_ALIGNMENT(.stabstr))

.stab.excl
 *(SORT_BY_ALIGNMENT(.stab.excl))

.stab.exclstr
 *(SORT_BY_ALIGNMENT(.stab.exclstr))

.stab.index
 *(SORT_BY_ALIGNMENT(.stab.index))

.stab.indexstr
 *(SORT_BY_ALIGNMENT(.stab.indexstr))

.gnu.build.attributes
 *(SORT_BY_ALIGNMENT(.gnu.build.attributes) SORT_BY_ALIGNMENT(.gnu.build.attributes.*))

.comment        0x0000000000000000       0x20
 *(SORT_BY_ALIGNMENT(.comment))
 .comment       0x0000000000000000       0x20 zephyr/CMakeFiles/zephyr_final.dir/isr_tables.c.obj
                                         0x21 (size before relaxing)
 .comment       0x0000000000000020       0x21 zephyr/CMakeFiles/offsets.dir/./arch/arm/core/offsets/offsets.c.obj
 .comment       0x0000000000000020       0x21 app/libapp.a(main.c.obj)
 .comment       0x0000000000000020       0x21 zephyr/libzephyr.a(heap.c.obj)
 .comment       0x0000000000000020       0x21 zephyr/libzephyr.a(cbprintf_packaged.c.obj)
 .comment       0x0000000000000020       0x21 zephyr/libzephyr.a(printk.c.obj)
 .comment       0x0000000000000020       0x21 zephyr/libzephyr.a(thread_entry.c.obj)
 .comment       0x0000000000000020       0x21 zephyr/libzephyr.a(mpsc_pbuf.c.obj)
 .comment       0x0000000000000020       0x21 zephyr/libzephyr.a(ring_buffer.c.obj)
 .comment       0x0000000000000020       0x21 zephyr/libzephyr.a(configs.c.obj)
 .comment       0x0000000000000020       0x21 zephyr/libzephyr.a(log_core.c.obj)
 .comment       0x0000000000000020       0x21 zephyr/libzephyr.a(log_mgmt.c.obj)
 .comment       0x0000000000000020       0x21 zephyr/libzephyr.a(log_msg.c.obj)
 .comment       0x0000000000000020       0x21 zephyr/libzephyr.a(log_output.c.obj)
 .comment       0x0000000000000020       0x21 zephyr/libzephyr.a(log_backend_uart.c.obj)
 .comment       0x0000000000000020       0x21 zephyr/arch/arch/arm/core/libarch__arm__core.a(fatal.c.obj)
 .comment       0x0000000000000020       0x21 zephyr/arch/arch/arm/core/libarch__arm__core.a(nmi.c.obj)
 .comment       0x0000000000000020       0x21 zephyr/arch/arch/arm/core/libarch__arm__core.a(tls.c.obj)
 .comment       0x0000000000000020       0x21 zephyr/arch/arch/arm/core/cortex_m/libarch__arm__core__cortex_m.a(exc_exit.c.obj)
 .comment       0x0000000000000020       0x21 zephyr/arch/arch/arm/core/cortex_m/libarch__arm__core__cortex_m.a(fault.c.obj)
 .comment       0x0000000000000020       0x21 zephyr/arch/arch/arm/core/cortex_m/libarch__arm__core__cortex_m.a(thread_abort.c.obj)
 .comment       0x0000000000000020       0x21 zephyr/arch/arch/arm/core/cortex_m/libarch__arm__core__cortex_m.a(swap.c.obj)
 .comment       0x0000000000000020       0x21 zephyr/arch/arch/arm/core/cortex_m/libarch__arm__core__cortex_m.a(irq_manage.c.obj)
 .comment       0x0000000000000020       0x21 zephyr/arch/arch/arm/core/cortex_m/libarch__arm__core__cortex_m.a(prep_c.c.obj)
 .comment       0x0000000000000020       0x21 zephyr/arch/arch/arm/core/cortex_m/libarch__arm__core__cortex_m.a(thread.c.obj)
 .comment       0x0000000000000020       0x21 zephyr/arch/arch/arm/core/cortex_m/libarch__arm__core__cortex_m.a(cpu_idle.c.obj)
 .comment       0x0000000000000020       0x21 zephyr/arch/arch/arm/core/cortex_m/libarch__arm__core__cortex_m.a(irq_init.c.obj)
 .comment       0x0000000000000020       0x21 zephyr/arch/arch/arm/core/cortex_m/libarch__arm__core__cortex_m.a(isr_wrapper.c.obj)
 .comment       0x0000000000000020       0x21 zephyr/lib/libc/picolibc/liblib__libc__picolibc.a(libc-hooks.c.obj)
 .comment       0x0000000000000020       0x21 zephyr/lib/libc/common/liblib__libc__common.a(malloc.c.obj)
 .comment       0x0000000000000020       0x21 zephyr/soc/soc/ti_lm3s6965/libsoc__ti__lm3s6965.a(soc_config.c.obj)
 .comment       0x0000000000000020       0x21 zephyr/drivers/console/libdrivers__console.a(uart_console.c.obj)
 .comment       0x0000000000000020       0x21 zephyr/drivers/gpio/libdrivers__gpio.a(gpio_stellaris.c.obj)
 .comment       0x0000000000000020       0x21 zephyr/drivers/serial/libdrivers__serial.a(uart_stellaris.c.obj)
 .comment       0x0000000000000020       0x21 zephyr/drivers/timer/libdrivers__timer.a(cortex_m_systick.c.obj)
 .comment       0x0000000000000020       0x21 zephyr/kernel/libkernel.a(device.c.obj)
 .comment       0x0000000000000020       0x21 zephyr/kernel/libkernel.a(fatal.c.obj)
 .comment       0x0000000000000020       0x21 zephyr/kernel/libkernel.a(init.c.obj)
 .comment       0x0000000000000020       0x21 zephyr/kernel/libkernel.a(init_static.c.obj)
 .comment       0x0000000000000020       0x21 zephyr/kernel/libkernel.a(idle.c.obj)
 .comment       0x0000000000000020       0x21 zephyr/kernel/libkernel.a(sem.c.obj)
 .comment       0x0000000000000020       0x21 zephyr/kernel/libkernel.a(thread.c.obj)
 .comment       0x0000000000000020       0x21 zephyr/kernel/libkernel.a(sched.c.obj)
 .comment       0x0000000000000020       0x21 zephyr/kernel/libkernel.a(timeslicing.c.obj)
 .comment       0x0000000000000020       0x21 zephyr/kernel/libkernel.a(xip.c.obj)
 .comment       0x0000000000000020       0x21 zephyr/kernel/libkernel.a(timeout.c.obj)
 .comment       0x0000000000000020       0x21 zephyr/kernel/libkernel.a(timer.c.obj)
 .comment       0x0000000000000020       0x21 zephyr/kernel/libkernel.a(banner.c.obj)

.debug
 *(SORT_BY_ALIGNMENT(.debug))

.line
 *(SORT_BY_ALIGNMENT(.line))

.debug_srcinfo
 *(SORT_BY_ALIGNMENT(.debug_srcinfo))

.debug_sfnames
 *(SORT_BY_ALIGNMENT(.debug_sfnames))

.debug_aranges  0x0000000000000000     0x10c0
 *(SORT_BY_ALIGNMENT(.debug_aranges))
 .debug_aranges
                0x0000000000000000       0x20 zephyr/arch/arch/arm/core/libarch__arm__core.a(nmi_on_reset.S.obj)
 .debug_aranges
                0x0000000000000020       0x20 zephyr/arch/arch/arm/core/cortex_m/libarch__arm__core__cortex_m.a(fault_s.S.obj)
 .debug_aranges
                0x0000000000000040       0x20 zephyr/arch/arch/arm/core/cortex_m/libarch__arm__core__cortex_m.a(reset.S.obj)
 .debug_aranges
                0x0000000000000060       0x28 zephyr/arch/arch/arm/core/cortex_m/libarch__arm__core__cortex_m.a(swap_helper.S.obj)
 .debug_aranges
                0x0000000000000088       0x20 zephyr/arch/arch/arm/core/cortex_m/libarch__arm__core__cortex_m.a(__aeabi_read_tp.S.obj)
 .debug_aranges
                0x00000000000000a8       0x18 zephyr/CMakeFiles/zephyr_final.dir/isr_tables.c.obj
 .debug_aranges
                0x00000000000000c0       0x20 zephyr/CMakeFiles/offsets.dir/./arch/arm/core/offsets/offsets.c.obj
 .debug_aranges
                0x00000000000000e0       0x40 app/libapp.a(main.c.obj)
 .debug_aranges
                0x0000000000000120       0x88 zephyr/libzephyr.a(heap.c.obj)
 .debug_aranges
                0x00000000000001a8       0x40 zephyr/libzephyr.a(cbprintf_packaged.c.obj)
 .debug_aranges
                0x00000000000001e8       0x48 zephyr/libzephyr.a(printk.c.obj)
 .debug_aranges
                0x0000000000000230       0x20 zephyr/libzephyr.a(thread_entry.c.obj)
 .debug_aranges
                0x0000000000000250       0xb0 zephyr/libzephyr.a(mpsc_pbuf.c.obj)
 .debug_aranges
                0x0000000000000300       0x60 zephyr/libzephyr.a(ring_buffer.c.obj)
 .debug_aranges
                0x0000000000000360       0x20 zephyr/libzephyr.a(configs.c.obj)
 .debug_aranges
                0x0000000000000380      0x170 zephyr/libzephyr.a(log_core.c.obj)
 .debug_aranges
                0x00000000000004f0       0xb8 zephyr/libzephyr.a(log_mgmt.c.obj)
 .debug_aranges